Archive member included to satisfy reference by file (symbol)

c:/program files (x86)/atmel/studio/7.0/toolchain/avr8/avr8-gnu-toolchain/bin/../lib/gcc/avr/5.4.0/../../../../avr/lib/avr5\libm.a(addsf3.o)
                              Libraria/function.o (__subsf3)
c:/program files (x86)/atmel/studio/7.0/toolchain/avr8/avr8-gnu-toolchain/bin/../lib/gcc/avr/5.4.0/../../../../avr/lib/avr5\libm.a(addsf3x.o)
                              c:/program files (x86)/atmel/studio/7.0/toolchain/avr8/avr8-gnu-toolchain/bin/../lib/gcc/avr/5.4.0/../../../../avr/lib/avr5\libm.a(addsf3.o) (__addsf3x)
c:/program files (x86)/atmel/studio/7.0/toolchain/avr8/avr8-gnu-toolchain/bin/../lib/gcc/avr/5.4.0/../../../../avr/lib/avr5\libm.a(cmpsf2.o)
                              Libraria/function.o (__ltsf2)
c:/program files (x86)/atmel/studio/7.0/toolchain/avr8/avr8-gnu-toolchain/bin/../lib/gcc/avr/5.4.0/../../../../avr/lib/avr5\libm.a(fixsfsi.o)
                              Libraria/function.o (__fixsfsi)
c:/program files (x86)/atmel/studio/7.0/toolchain/avr8/avr8-gnu-toolchain/bin/../lib/gcc/avr/5.4.0/../../../../avr/lib/avr5\libm.a(fixunssfsi.o)
                              Libraria/function.o (__fixunssfsi)
c:/program files (x86)/atmel/studio/7.0/toolchain/avr8/avr8-gnu-toolchain/bin/../lib/gcc/avr/5.4.0/../../../../avr/lib/avr5\libm.a(floatsisf.o)
                              Libraria/function.o (__floatunsisf)
c:/program files (x86)/atmel/studio/7.0/toolchain/avr8/avr8-gnu-toolchain/bin/../lib/gcc/avr/5.4.0/../../../../avr/lib/avr5\libm.a(fp_cmp.o)
                              c:/program files (x86)/atmel/studio/7.0/toolchain/avr8/avr8-gnu-toolchain/bin/../lib/gcc/avr/5.4.0/../../../../avr/lib/avr5\libm.a(cmpsf2.o) (__fp_cmp)
c:/program files (x86)/atmel/studio/7.0/toolchain/avr8/avr8-gnu-toolchain/bin/../lib/gcc/avr/5.4.0/../../../../avr/lib/avr5\libm.a(fp_inf.o)
                              c:/program files (x86)/atmel/studio/7.0/toolchain/avr8/avr8-gnu-toolchain/bin/../lib/gcc/avr/5.4.0/../../../../avr/lib/avr5\libm.a(addsf3x.o) (__fp_inf)
c:/program files (x86)/atmel/studio/7.0/toolchain/avr8/avr8-gnu-toolchain/bin/../lib/gcc/avr/5.4.0/../../../../avr/lib/avr5\libm.a(fp_nan.o)
                              c:/program files (x86)/atmel/studio/7.0/toolchain/avr8/avr8-gnu-toolchain/bin/../lib/gcc/avr/5.4.0/../../../../avr/lib/avr5\libm.a(addsf3x.o) (__fp_nan)
c:/program files (x86)/atmel/studio/7.0/toolchain/avr8/avr8-gnu-toolchain/bin/../lib/gcc/avr/5.4.0/../../../../avr/lib/avr5\libm.a(fp_pscA.o)
                              c:/program files (x86)/atmel/studio/7.0/toolchain/avr8/avr8-gnu-toolchain/bin/../lib/gcc/avr/5.4.0/../../../../avr/lib/avr5\libm.a(addsf3x.o) (__fp_pscA)
c:/program files (x86)/atmel/studio/7.0/toolchain/avr8/avr8-gnu-toolchain/bin/../lib/gcc/avr/5.4.0/../../../../avr/lib/avr5\libm.a(fp_pscB.o)
                              c:/program files (x86)/atmel/studio/7.0/toolchain/avr8/avr8-gnu-toolchain/bin/../lib/gcc/avr/5.4.0/../../../../avr/lib/avr5\libm.a(addsf3x.o) (__fp_pscB)
c:/program files (x86)/atmel/studio/7.0/toolchain/avr8/avr8-gnu-toolchain/bin/../lib/gcc/avr/5.4.0/../../../../avr/lib/avr5\libm.a(fp_round.o)
                              c:/program files (x86)/atmel/studio/7.0/toolchain/avr8/avr8-gnu-toolchain/bin/../lib/gcc/avr/5.4.0/../../../../avr/lib/avr5\libm.a(addsf3.o) (__fp_round)
c:/program files (x86)/atmel/studio/7.0/toolchain/avr8/avr8-gnu-toolchain/bin/../lib/gcc/avr/5.4.0/../../../../avr/lib/avr5\libm.a(fp_split3.o)
                              c:/program files (x86)/atmel/studio/7.0/toolchain/avr8/avr8-gnu-toolchain/bin/../lib/gcc/avr/5.4.0/../../../../avr/lib/avr5\libm.a(addsf3x.o) (__fp_split3)
c:/program files (x86)/atmel/studio/7.0/toolchain/avr8/avr8-gnu-toolchain/bin/../lib/gcc/avr/5.4.0/../../../../avr/lib/avr5\libm.a(fp_zero.o)
                              c:/program files (x86)/atmel/studio/7.0/toolchain/avr8/avr8-gnu-toolchain/bin/../lib/gcc/avr/5.4.0/../../../../avr/lib/avr5\libm.a(addsf3x.o) (__fp_zero)
c:/program files (x86)/atmel/studio/7.0/toolchain/avr8/avr8-gnu-toolchain/bin/../lib/gcc/avr/5.4.0/../../../../avr/lib/avr5\libm.a(mulsf3.o)
                              Libraria/function.o (__mulsf3)
c:/program files (x86)/atmel/studio/7.0/toolchain/avr8/avr8-gnu-toolchain/bin/../lib/gcc/avr/5.4.0/../../../../avr/lib/avr5\libm.a(mulsf3x.o)
                              c:/program files (x86)/atmel/studio/7.0/toolchain/avr8/avr8-gnu-toolchain/bin/../lib/gcc/avr/5.4.0/../../../../avr/lib/avr5\libm.a(mulsf3.o) (__mulsf3x)
c:/program files (x86)/atmel/studio/7.0/toolchain/avr8/avr8-gnu-toolchain/bin/../lib/gcc/avr/5.4.0/../../../../avr/lib/avr5\libm.a(pow.o)
                              Libraria/function.o (pow)
c:/program files (x86)/atmel/studio/7.0/toolchain/avr8/avr8-gnu-toolchain/bin/../lib/gcc/avr/5.4.0/../../../../avr/lib/avr5\libm.a(exp.o)
[...]
Memory Configuration

Name             Origin             Length             Attributes
text             0x00000000         0x00020000         xr
data             0x00800060         0x0000ffa0         rw !x
eeprom           0x00810000         0x00010000         rw !x
fuse             0x00820000         0x00000003         rw !x
lock             0x00830000         0x00000400         rw !x
signature        0x00840000         0x00000400         rw !x
user_signatures  0x00850000         0x00000400         rw !x
*default*        0x00000000         0xffffffff

Linker script and memory map

Address of section .data set to 0x800100
LOAD C:/Program Files (x86)/Atmel/Studio/7.0/Packs/atmel/ATmega_DFP/1.2.209/gcc/dev/atmega324a/avr5/crtatmega324a.o
LOAD Libraria/74hc595.o
LOAD Libraria/atmega324analog.o
LOAD Libraria/atmega324preamble.o
LOAD Libraria/atmega324timer.o
LOAD Libraria/atmegaeeprom.o
LOAD Libraria/function.o
LOAD Libraria/keypad.o
LOAD Libraria/lcd.o
LOAD Libraria/lfsm.o
LOAD Libraria/rotenc.o
LOAD Libraria/uart.o
LOAD main.o
START GROUP
LOAD c:/program files (x86)/atmel/studio/7.0/toolchain/avr8/avr8-gnu-toolchain/bin/../lib/gcc/avr/5.4.0/../../../../avr/lib/avr5\libm.a
END GROUP
START GROUP
LOAD c:/program files (x86)/atmel/studio/7.0/toolchain/avr8/avr8-gnu-toolchain/bin/../lib/gcc/avr/5.4.0/avr5\libgcc.a
LOAD c:/program files (x86)/atmel/studio/7.0/toolchain/avr8/avr8-gnu-toolchain/bin/../lib/gcc/avr/5.4.0/../../../../avr/lib/avr5\libm.a
LOAD c:/program files (x86)/atmel/studio/7.0/toolchain/avr8/avr8-gnu-toolchain/bin/../lib/gcc/avr/5.4.0/../../../../avr/lib/avr5\libc.a
LOAD C:/Program Files (x86)/Atmel/Studio/7.0/Packs/atmel/ATmega_DFP/1.2.209/gcc/dev/atmega324a/avr5\libatmega324a.a
END GROUP
                0x00000000                __TEXT_REGION_ORIGIN__ = DEFINED (__TEXT_REGION_ORIGIN__)?__TEXT_REGION_ORIGIN__:0x0
                0x00800060                __DATA_REGION_ORIGIN__ = DEFINED (__DATA_REGION_ORIGIN__)?__DATA_REGION_ORIGIN__:0x800060
                0x00020000                __TEXT_REGION_LENGTH__ = DEFINED (__TEXT_REGION_LENGTH__)?__TEXT_REGION_LENGTH__:0x20000
                0x0000ffa0                __DATA_REGION_LENGTH__ = DEFINED (__DATA_REGION_LENGTH__)?__DATA_REGION_LENGTH__:0xffa0
                0x00010000                __EEPROM_REGION_LENGTH__ = DEFINED (__EEPROM_REGION_LENGTH__)?__EEPROM_REGION_LENGTH__:0x10000
                [0x00000003]                __FUSE_REGION_LENGTH__ = DEFINED (__FUSE_REGION_LENGTH__)?__FUSE_REGION_LENGTH__:0x400
                0x00000400                __LOCK_REGION_LENGTH__ = DEFINED (__LOCK_REGION_LENGTH__)?__LOCK_REGION_LENGTH__:0x400
                0x00000400                __SIGNATURE_REGION_LENGTH__ = DEFINED (__SIGNATURE_REGION_LENGTH__)?__SIGNATURE_REGION_LENGTH__:0x400
                0x00000400                __USER_SIGNATURE_REGION_LENGTH__ = DEFINED (__USER_SIGNATURE_REGION_LENGTH__)?__USER_SIGNATURE_REGION_LENGTH__:0x400

.hash
 *(.hash)

.dynsym
 *(.dynsym)

.dynstr
 *(.dynstr)

.gnu.version
 *(.gnu.version)

.gnu.version_d
 *(.gnu.version_d)

.gnu.version_r
 *(.gnu.version_r)

.rel.init
 *(.rel.init)

.rela.init
 *(.rela.init)

.rel.text
 *(.rel.text)
 *(.rel.text.*)
 *(.rel.gnu.linkonce.t*)

.rela.text
 *(.rela.text)
 *(.rela.text.*)
 *(.rela.gnu.linkonce.t*)

.rel.fini
 *(.rel.fini)

.rela.fini
 *(.rela.fini)

.rel.rodata
 *(.rel.rodata)
 *(.rel.rodata.*)
 *(.rel.gnu.linkonce.r*)

.rela.rodata
 *(.rela.rodata)
 *(.rela.rodata.*)
 *(.rela.gnu.linkonce.r*)

.rel.data
 *(.rel.data)
 *(.rel.data.*)
 *(.rel.gnu.linkonce.d*)

.rela.data
 *(.rela.data)
 *(.rela.data.*)
 *(.rela.gnu.linkonce.d*)

.rel.ctors
 *(.rel.ctors)

.rela.ctors
 *(.rela.ctors)

.rel.dtors
 *(.rel.dtors)

.rela.dtors
 *(.rela.dtors)

.rel.got
 *(.rel.got)

.rela.got
 *(.rela.got)

.rel.bss
 *(.rel.bss)

.rela.bss
 *(.rela.bss)

.rel.plt
 *(.rel.plt)

.rela.plt
 *(.rela.plt)

.text           0x00000000     0x3970
 *(.vectors)
 .vectors       0x00000000       0x7c C:/Program Files (x86)/Atmel/Studio/7.0/Packs/atmel/ATmega_DFP/1.2.209/gcc/dev/atmega324a/avr5/crtatmega324a.o
                0x00000000                __vector_default
                0x00000000                __vectors
 *(.vectors)
 *(.progmem.gcc*)
 .progmem.gcc_sw_table.TIMER_COUNTER1enable
                0x0000007c       0x30 Libraria/atmega324timer.o
 .progmem.gcc_fplib
                0x000000ac       0x28 c:/program files (x86)/atmel/studio/7.0/toolchain/avr8/avr8-gnu-toolchain/bin/../lib/gcc/avr/5.4.0/../../../../avr/lib/avr5\libm.a(exp.o)
 .progmem.gcc_fplib
                0x000000d4       0x5a c:/program files (x86)/atmel/studio/7.0/toolchain/avr8/avr8-gnu-toolchain/bin/../lib/gcc/avr/5.4.0/../../../../avr/lib/avr5\libm.a(log.o)
                0x0000012e                . = ALIGN (0x2)
                0x0000012e                __trampolines_start = .
 *(.trampolines)
 .trampolines   0x0000012e        0x0 linker stubs
 *(.trampolines*)
                0x0000012e                __trampolines_end = .
 *libprintf_flt.a:*(.progmem.data)
 *libc.a:*(.progmem.data)
 *(.progmem*)
                0x0000012e                . = ALIGN (0x2)
 *(.jumptables)
 *(.jumptables*)
 *(.lowtext)
 *(.lowtext*)
                0x0000012e                __ctors_start = .
 *(.ctors)
                0x0000012e                __ctors_end = .
                0x0000012e                __dtors_start = .
 *(.dtors)
                0x0000012e                __dtors_end = .
 SORT(*)(.ctors)
 SORT(*)(.dtors)
 *(.init0)
 .init0         0x0000012e        0x0 C:/Program Files (x86)/Atmel/Studio/7.0/Packs/atmel/ATmega_DFP/1.2.209/gcc/dev/atmega324a/avr5/crtatmega324a.o
                0x0000012e                __init
 *(.init0)
 *(.init1)
 *(.init1)
 *(.init2)
 .init2         0x0000012e        0xc C:/Program Files (x86)/Atmel/Studio/7.0/Packs/atmel/ATmega_DFP/1.2.209/gcc/dev/atmega324a/avr5/crtatmega324a.o
 *(.init2)
 *(.init3)
 *(.init3)
 *(.init4)
 .init4         0x0000013a       0x16 c:/program files (x86)/atmel/studio/7.0/toolchain/avr8/avr8-gnu-toolchain/bin/../lib/gcc/avr/5.4.0/avr5\libgcc.a(_copy_data.o)
                0x0000013a                __do_copy_data
 .init4         0x00000150       0x10 c:/program files (x86)/atmel/studio/7.0/toolchain/avr8/avr8-gnu-toolchain/bin/../lib/gcc/avr/5.4.0/avr5\libgcc.a(_clear_bss.o)
                0x00000150                __do_clear_bss
 *(.init4)
 *(.init5)
 *(.init5)
 *(.init6)
 *(.init6)
 *(.init7)
 *(.init7)
 *(.init8)
 *(.init8)
 *(.init9)
 .init9         0x00000160        0x8 C:/Program Files (x86)/Atmel/Studio/7.0/Packs/atmel/ATmega_DFP/1.2.209/gcc/dev/atmega324a/avr5/crtatmega324a.o
 *(.init9)
 *(.text)
 .text          0x00000168        0x4 C:/Program Files (x86)/Atmel/Studio/7.0/Packs/atmel/ATmega_DFP/1.2.209/gcc/dev/atmega324a/avr5/crtatmega324a.o
                0x00000168                __vector_22
                0x00000168                __vector_1
                0x00000168                __vector_12
                0x00000168                __bad_interrupt
                0x00000168                __vector_6
                0x00000168                __vector_3
                0x00000168                __vector_23
                0x00000168                __vector_30
                0x00000168                __vector_25
                0x00000168                __vector_11
                0x00000168                __vector_17
                0x00000168                __vector_19
                0x00000168                __vector_7
                0x00000168                __vector_27
                0x00000168                __vector_5
                0x00000168                __vector_4
                0x00000168                __vector_9
                0x00000168                __vector_2
                0x00000168                __vector_15
                0x00000168                __vector_8
                0x00000168                __vector_26
                0x00000168                __vector_14
                0x00000168                __vector_10
                0x00000168                __vector_16
                0x00000168                __vector_18
                0x0000016c                . = ALIGN (0x2)
 *(.text.*)
 .text.__vector_24
                0x0000016c      0x112 Libraria/atmega324analog.o
                0x0000016c                __vector_24
 .text.Atmega324ioread
                0x0000027e       0x26 Libraria/atmega324preamble.o
                0x0000027e                Atmega324ioread
 .text.Atmega324hl
                0x000002a4       0x52 Libraria/atmega324preamble.o
                0x000002a4                Atmega324hl
 .text.Atmega324ll
                0x000002f6       0x52 Libraria/atmega324preamble.o
                0x000002f6                Atmega324ll
 .text.Atmega324lh
                0x00000348       0x52 Libraria/atmega324preamble.o
                0x00000348                Atmega324lh
 .text.Atmega324hh
                0x0000039a       0x4a Libraria/atmega324preamble.o
                0x0000039a                Atmega324hh
 .text.ATMEGA324enable
                0x000003e4       0x50 Libraria/atmega324preamble.o
                0x000003e4                ATMEGA324enable
 .text.TIMER_COUNTER1_start
                0x00000434       0x78 Libraria/atmega324timer.o
                0x00000434                TIMER_COUNTER1_start
 .text.TIMER_COUNTER1_compoutmodeA
                0x000004ac       0x36 Libraria/atmega324timer.o
                0x000004ac                TIMER_COUNTER1_compoutmodeA
 .text.TIMER_COUNTER1_compoutmodeB
                0x000004e2       0x36 Libraria/atmega324timer.o
                0x000004e2                TIMER_COUNTER1_compoutmodeB
 .text.TIMER_COUNTER1_compareA
                0x00000518        0xa Libraria/atmega324timer.o
                0x00000518                TIMER_COUNTER1_compareA
 .text.TIMER_COUNTER1_compareB
                0x00000522        0xa Libraria/atmega324timer.o
                0x00000522                TIMER_COUNTER1_compareB
 .text.TIMER_COUNTER1_stop
                0x0000052c       0x10 Libraria/atmega324timer.o
                0x0000052c                TIMER_COUNTER1_stop
 .text.TIMER_COUNTER1enable
                0x0000053c      0x230 Libraria/atmega324timer.o
                0x0000053c                TIMER_COUNTER1enable
 .text.EEPROMenable
                0x0000076c       0x66 Libraria/atmegaeeprom.o
                0x0000076c                EEPROMenable
 .text.FUNCswap
                0x000007d2       0x42 Libraria/function.o
                0x000007d2                FUNCswap
 .text.FUNCcopy
                0x00000814       0x1c Libraria/function.o
                0x00000814                FUNCcopy
 .text.FUNCsqueeze
                0x00000830       0x44 Libraria/function.o
                0x00000830                FUNCsqueeze
 .text.FUNCshellsort
                0x00000874      0x14c Libraria/function.o
                0x00000874                FUNCshellsort
 .text.FUNCpmax
                0x000009c0        0xa Libraria/function.o
                0x000009c0                FUNCpmax
 .text.FUNCgcd  0x000009ca       0x1e Libraria/function.o
                0x000009ca                FUNCgcd
 .text.FUNCstrToInt
                0x000009e8       0x48 Libraria/function.o
                0x000009e8                FUNCstrToInt
 .text.FUNCfilter
                0x00000a30        0x4 Libraria/function.o
                0x00000a30                FUNCfilter
 .text.FUNCticks
                0x00000a34       0x14 Libraria/function.o
                0x00000a34                FUNCticks
 .text.FUNCtwocomptoint8bit
                0x00000a48       0x1a Libraria/function.o
                0x00000a48                FUNCtwocomptoint8bit
 .text.FUNCtwocomptoint10bit
                0x00000a62       0x18 Libraria/function.o
                0x00000a62                FUNCtwocomptoint10bit
 .text.FUNCtwocomptointnbit
                0x00000a7a       0x30 Libraria/function.o
                0x00000a7a                FUNCtwocomptointnbit
 .text.FUNCdec2bcd
                0x00000aaa       0x26 Libraria/function.o
                0x00000aaa                FUNCdec2bcd
 .text.FUNCbcd2dec
                0x00000ad0       0x16 Libraria/function.o
                0x00000ad0                FUNCbcd2dec
 .text.FUNCresizestr
                0x00000ae6       0x5a Libraria/function.o
                0x00000ae6                FUNCresizestr
 .text.FUNCtrimmer
                0x00000b40       0x82 Libraria/function.o
                0x00000b40                FUNCtrimmer
 .text.StringLength
                0x00000bc2       0x1e Libraria/function.o
                0x00000bc2                StringLength
 .text.FUNCtrim
                0x00000be0       0x38 Libraria/function.o
                0x00000be0                FUNCtrim
 .text.Reverse  0x00000c18       0x3c Libraria/function.o
                0x00000c18                Reverse
 .text.FUNCi32toa
                0x00000c54       0xb8 Libraria/function.o
                0x00000c54                FUNCi32toa
 .text.FUNCi16toa
                0x00000d0c       0x74 Libraria/function.o
                0x00000d0c                FUNCi16toa
 .text.FUNCui16toa
                0x00000d80       0xd6 Libraria/function.o
                0x00000d80                FUNCui16toa
 .text.FUNCbcd2bin
                0x00000e56       0x16 Libraria/function.o
                0x00000e56                FUNCbcd2bin
 .text.FUNCbin2bcd
                0x00000e6c       0x42 Libraria/function.o
                0x00000e6c                FUNCbin2bcd
 .text.FUNCgcd1
                0x00000eae       0xa2 Libraria/function.o
                0x00000eae                FUNCgcd1
 .text.FUNCpincheck
                0x00000f50       0x10 Libraria/function.o
                0x00000f50                FUNCpincheck
 .text.FUNCprint_binary
                0x00000f60       0x56 Libraria/function.o
                0x00000f60                FUNCprint_binary
 .text.FUNCdectohex
                0x00000fb6       0xa6 Libraria/function.o
                0x00000fb6                FUNCdectohex
 .text.FUNCReadHLByte
                0x0000105c       0x10 Libraria/function.o
                0x0000105c                FUNCReadHLByte
 .text.FUNCReadLHByte
                0x0000106c       0x10 Libraria/function.o
                0x0000106c                FUNCReadLHByte
 .text.FUNCWriteHLByte
                0x0000107c        0x8 Libraria/function.o
                0x0000107c                FUNCWriteHLByte
 .text.FUNCWriteLHByte
                0x00001084        0x2 Libraria/function.o
                0x00001084                FUNCWriteLHByte
 .text.FUNCSwapByte
                0x00001086        0x8 Libraria/function.o
                0x00001086                FUNCSwapByte
 .text.FUNCmayia
                0x0000108e       0x6a Libraria/function.o
                0x0000108e                FUNCmayia
 .text.FUNCprint
                0x000010f8       0x36 Libraria/function.o
                0x000010f8                FUNCprint
 .text.FUNCenable
                0x0000112e      0x13c Libraria/function.o
                0x0000112e                FUNCenable
 .text.FUNCintinvstr
                0x0000126a       0xb4 Libraria/function.o
                0x0000126a                FUNCintinvstr
 .text.FUNCftoa
                0x0000131e      0x164 Libraria/function.o
                0x0000131e                FUNCftoa
 .text.KEYPAD_data
                0x00001482       0x40 Libraria/keypad.o
                0x00001482                KEYPAD_data
 .text.KEYPAD_flush
                0x000014c2       0x1a Libraria/keypad.o
                0x000014c2                KEYPAD_flush
 .text.KEYPAD_getkey
                0x000014dc      0x25a Libraria/keypad.o
                0x000014dc                KEYPAD_getkey
 .text.KEYPAD_read
                0x00001736       0x96 Libraria/keypad.o
                0x00001736                KEYPAD_read
 .text.KEYPADenable
                0x000017cc       0xb2 Libraria/keypad.o
                0x000017cc                KEYPADenable
 .text.LCD0_strobe
                0x0000187e       0x1e Libraria/lcd.o
                0x0000187e                LCD0_strobe
 .text.LCD0_write
                0x0000189c      0x1a0 Libraria/lcd.o
                0x0000189c                LCD0_write
 .text.LCD0_clear
                0x00001a3c       0x18 Libraria/lcd.o
                0x00001a3c                LCD0_clear
 .text.LCD0_read
                0x00001a54      0x112 Libraria/lcd.o
                0x00001a54                LCD0_read
 .text.LCD0_BF  0x00001b66       0x22 Libraria/lcd.o
                0x00001b66                LCD0_BF
 .text.LCD0_putch
                0x00001b88        0xe Libraria/lcd.o
                0x00001b88                LCD0_putch
 .text.LCD0_string
                0x00001b96       0x1e Libraria/lcd.o
                0x00001b96                LCD0_string
 .text.LCD0_string_size
                0x00001bb4       0x56 Libraria/lcd.o
                0x00001bb4                LCD0_string_size
 .text.LCD0_hspace
                0x00001c0a       0x16 Libraria/lcd.o
                0x00001c0a                LCD0_hspace
 .text.LCD0_gotoxy
                0x00001c20       0x5e Libraria/lcd.o
                0x00001c20                LCD0_gotoxy
 .text.LCD0_inic
                0x00001c7e       0xfc Libraria/lcd.o
                0x00001c7e                LCD0_inic
 .text.LCD0enable
                0x00001d7a       0xa2 Libraria/lcd.o
                0x00001d7a                LCD0enable
 .text.LCD0_reboot
                0x00001e1c       0x24 Libraria/lcd.o
                0x00001e1c                LCD0_reboot
 .text.LCD0_getch
                0x00001e40       0x16 Libraria/lcd.o
                0x00001e40                LCD0_getch
 .text.__vector_20
                0x00001e56       0x6e Libraria/uart.o
                0x00001e56                __vector_20
 .text.__vector_28
                0x00001ec4       0x58 Libraria/uart.o
                0x00001ec4                __vector_28
 .text.__vector_21
                0x00001f1c       0x6e Libraria/uart.o
                0x00001f1c                __vector_21
 .text.__vector_29
                0x00001f8a       0x56 Libraria/uart.o
                0x00001f8a                __vector_29
 .text.PORTINIT
                0x00001fe0        0xa main.o
                0x00001fe0                PORTINIT
 .text.main     0x00001fea      0x97c main.o
                0x00001fea                main
 .text.__vector_13
                0x00002966       0x82 main.o
                0x00002966                __vector_13
 .text.avr-libc.fplib
                0x000029e8        0xe c:/program files (x86)/atmel/studio/7.0/toolchain/avr8/avr8-gnu-toolchain/bin/../lib/gcc/avr/5.4.0/../../../../avr/lib/avr5\libm.a(addsf3.o)
                0x000029e8                __subsf3
                0x000029ea                __addsf3
 .text.avr-libc.fplib
                0x000029f6       0xcc c:/program files (x86)/atmel/studio/7.0/toolchain/avr8/avr8-gnu-toolchain/bin/../lib/gcc/avr/5.4.0/../../../../avr/lib/avr5\libm.a(addsf3x.o)
                0x00002a18                __addsf3x
 .text.avr-libc.fplib
                0x00002ac2        0xa c:/program files (x86)/atmel/studio/7.0/toolchain/avr8/avr8-gnu-toolchain/bin/../lib/gcc/avr/5.4.0/../../../../avr/lib/avr5\libm.a(cmpsf2.o)
                0x00002ac2                __nesf2
                0x00002ac2                __eqsf2
                0x00002ac2                __cmpsf2
                0x00002ac2                __ltsf2
                0x00002ac2                __lesf2
 .text.avr-libc.fplib
                0x00002acc        0xe c:/program files (x86)/atmel/studio/7.0/toolchain/avr8/avr8-gnu-toolchain/bin/../lib/gcc/avr/5.4.0/../../../../avr/lib/avr5\libm.a(fixsfsi.o)
                0x00002acc                __fixsfsi
 .text.avr-libc.fplib
                0x00002ada       0x5e c:/program files (x86)/atmel/studio/7.0/toolchain/avr8/avr8-gnu-toolchain/bin/../lib/gcc/avr/5.4.0/../../../../avr/lib/avr5\libm.a(fixunssfsi.o)
                0x00002ada                __fixunssfsi
 .text.avr-libc.fplib
                0x00002b38       0x7a c:/program files (x86)/atmel/studio/7.0/toolchain/avr8/avr8-gnu-toolchain/bin/../lib/gcc/avr/5.4.0/../../../../avr/lib/avr5\libm.a(floatsisf.o)
                0x00002b38                __floatunsisf
                0x00002b3c                __floatsisf
 .text.avr-libc.fplib
                0x00002bb2       0x48 c:/program files (x86)/atmel/studio/7.0/toolchain/avr8/avr8-gnu-toolchain/bin/../lib/gcc/avr/5.4.0/../../../../avr/lib/avr5\libm.a(fp_cmp.o)
                0x00002bb2                __fp_cmp
 .text.avr-libc.fplib
                0x00002bfa        0xc c:/program files (x86)/atmel/studio/7.0/toolchain/avr8/avr8-gnu-toolchain/bin/../lib/gcc/avr/5.4.0/../../../../avr/lib/avr5\libm.a(fp_inf.o)
                0x00002bfa                __fp_inf
 .text.avr-libc.fplib
                0x00002c06        0x6 c:/program files (x86)/atmel/studio/7.0/toolchain/avr8/avr8-gnu-toolchain/bin/../lib/gcc/avr/5.4.0/../../../../avr/lib/avr5\libm.a(fp_nan.o)
                0x00002c06                __fp_nan
 .text.avr-libc.fplib
                0x00002c0c        0xe c:/program files (x86)/atmel/studio/7.0/toolchain/avr8/avr8-gnu-toolchain/bin/../lib/gcc/avr/5.4.0/../../../../avr/lib/avr5\libm.a(fp_pscA.o)
                0x00002c0c                __fp_pscA
 .text.avr-libc.fplib
                0x00002c1a        0xe c:/program files (x86)/atmel/studio/7.0/toolchain/avr8/avr8-gnu-toolchain/bin/../lib/gcc/avr/5.4.0/../../../../avr/lib/avr5\libm.a(fp_pscB.o)
                0x00002c1a                __fp_pscB
 .text.avr-libc.fplib
                0x00002c28       0x22 c:/program files (x86)/atmel/studio/7.0/toolchain/avr8/avr8-gnu-toolchain/bin/../lib/gcc/avr/5.4.0/../../../../avr/lib/avr5\libm.a(fp_round.o)
                0x00002c28                __fp_round
 .text.avr-libc.fplib
                0x00002c4a       0x44 c:/program files (x86)/atmel/studio/7.0/toolchain/avr8/avr8-gnu-toolchain/bin/../lib/gcc/avr/5.4.0/../../../../avr/lib/avr5\libm.a(fp_split3.o)
                0x00002c4a                __fp_split3
                0x00002c5a                __fp_splitA
 .text.avr-libc.fplib
                0x00002c8e        0xe c:/program files (x86)/atmel/studio/7.0/toolchain/avr8/avr8-gnu-toolchain/bin/../lib/gcc/avr/5.4.0/../../../../avr/lib/avr5\libm.a(fp_zero.o)
                0x00002c8e                __fp_zero
                0x00002c90                __fp_szero
 .text.avr-libc.fplib
                0x00002c9c        0x8 c:/program files (x86)/atmel/studio/7.0/toolchain/avr8/avr8-gnu-toolchain/bin/../lib/gcc/avr/5.4.0/../../../../avr/lib/avr5\libm.a(mulsf3.o)
                0x00002c9c                __mulsf3
 .text.avr-libc.fplib
                0x00002ca4       0xd2 c:/program files (x86)/atmel/studio/7.0/toolchain/avr8/avr8-gnu-toolchain/bin/../lib/gcc/avr/5.4.0/../../../../avr/lib/avr5\libm.a(mulsf3x.o)
                0x00002cc2                __mulsf3x
                0x00002cc8                __mulsf3_pse
 .text.avr-libc.fplib
                0x00002d76       0xa0 c:/program files (x86)/atmel/studio/7.0/toolchain/avr8/avr8-gnu-toolchain/bin/../lib/gcc/avr/5.4.0/../../../../avr/lib/avr5\libm.a(pow.o)
                0x00002d76                pow
 .text.avr-libc.fplib
                0x00002e16       0x74 c:/program files (x86)/atmel/studio/7.0/toolchain/avr8/avr8-gnu-toolchain/bin/../lib/gcc/avr/5.4.0/../../../../avr/lib/avr5\libm.a(exp.o)
                0x00002e26                exp
 .text.avr-libc.fplib
                0x00002e8a       0x4e c:/program files (x86)/atmel/studio/7.0/toolchain/avr8/avr8-gnu-toolchain/bin/../lib/gcc/avr/5.4.0/../../../../avr/lib/avr5\libm.a(fp_powser.o)
                0x00002e8a                __fp_powser
 .text.avr-libc.fplib
                0x00002ed8       0x10 c:/program files (x86)/atmel/studio/7.0/toolchain/avr8/avr8-gnu-toolchain/bin/../lib/gcc/avr/5.4.0/../../../../avr/lib/avr5\libm.a(inverse.o)
                0x00002ed8                inverse
 .text.avr-libc.fplib
                0x00002ee8       0x74 c:/program files (x86)/atmel/studio/7.0/toolchain/avr8/avr8-gnu-toolchain/bin/../lib/gcc/avr/5.4.0/../../../../avr/lib/avr5\libm.a(ldexp.o)
                0x00002ef0                ldexp
 .text.avr-libc.fplib
                0x00002f5c       0xa0 c:/program files (x86)/atmel/studio/7.0/toolchain/avr8/avr8-gnu-toolchain/bin/../lib/gcc/avr/5.4.0/../../../../avr/lib/avr5\libm.a(log.o)
                0x00002f6c                log
 .text.avr-libc.fplib
                0x00002ffc       0x68 c:/program files (x86)/atmel/studio/7.0/toolchain/avr8/avr8-gnu-toolchain/bin/../lib/gcc/avr/5.4.0/../../../../avr/lib/avr5\libm.a(modf.o)
                0x00002ffc                modf
                0x00002ffc                modff
 .text.avr-libc.fplib
                0x00003064        0x8 c:/program files (x86)/atmel/studio/7.0/toolchain/avr8/avr8-gnu-toolchain/bin/../lib/gcc/avr/5.4.0/../../../../avr/lib/avr5\libm.a(divsf3.o)
                0x00003064                __divsf3
 .text.avr-libc.fplib
                0x0000306c       0xdc c:/program files (x86)/atmel/studio/7.0/toolchain/avr8/avr8-gnu-toolchain/bin/../lib/gcc/avr/5.4.0/../../../../avr/lib/avr5\libm.a(divsf3x.o)
                0x0000308c                __divsf3x
                0x00003092                __divsf3_pse
 .text.avr-libc.fplib
                0x00003148       0x1c c:/program files (x86)/atmel/studio/7.0/toolchain/avr8/avr8-gnu-toolchain/bin/../lib/gcc/avr/5.4.0/../../../../avr/lib/avr5\libm.a(fp_mpack.o)
                0x00003148                __fp_mpack
                0x0000314c                __fp_mpack_finite
 .text.libgcc.mul
                0x00003164       0x20 c:/program files (x86)/atmel/studio/7.0/toolchain/avr8/avr8-gnu-toolchain/bin/../lib/gcc/avr/5.4.0/avr5\libgcc.a(_mulsi3.o)
                0x00003164                __mulsi3
 .text.libgcc.div
                0x00003184       0x28 c:/program files (x86)/atmel/studio/7.0/toolchain/avr8/avr8-gnu-toolchain/bin/../lib/gcc/avr/5.4.0/avr5\libgcc.a(_divmodhi4.o)
                0x00003184                _div
                0x00003184                __divmodhi4
 .text.libgcc.div
                0x000031ac       0x2e c:/program files (x86)/atmel/studio/7.0/toolchain/avr8/avr8-gnu-toolchain/bin/../lib/gcc/avr/5.4.0/avr5\libgcc.a(_divmodsi4.o)
                0x000031ac                __divmodsi4
 .text.libgcc.div
                0x000031da       0x10 c:/program files (x86)/atmel/studio/7.0/toolchain/avr8/avr8-gnu-toolchain/bin/../lib/gcc/avr/5.4.0/avr5\libgcc.a(_negsi2.o)
                0x000031da                __negsi2
 .text.libgcc   0x000031ea        0xc c:/program files (x86)/atmel/studio/7.0/toolchain/avr8/avr8-gnu-toolchain/bin/../lib/gcc/avr/5.4.0/avr5\libgcc.a(_tablejump2.o)
                0x000031ea                __tablejump2__
 .text.libgcc.mul
                0x000031f6       0x1e c:/program files (x86)/atmel/studio/7.0/toolchain/avr8/avr8-gnu-toolchain/bin/../lib/gcc/avr/5.4.0/avr5\libgcc.a(_umulhisi3.o)
                0x000031f6                __umulhisi3
 .text.libgcc.mul
                0x00003214       0x16 c:/program files (x86)/atmel/studio/7.0/toolchain/avr8/avr8-gnu-toolchain/bin/../lib/gcc/avr/5.4.0/avr5\libgcc.a(_muluhisi3.o)
                0x00003214                __muluhisi3
 .text.libgcc.div
                0x0000322a       0x28 c:/program files (x86)/atmel/studio/7.0/toolchain/avr8/avr8-gnu-toolchain/bin/../lib/gcc/avr/5.4.0/avr5\libgcc.a(_udivmodhi4.o)
                0x0000322a                __udivmodhi4
 .text.libgcc.div
                0x00003252       0x44 c:/program files (x86)/atmel/studio/7.0/toolchain/avr8/avr8-gnu-toolchain/bin/../lib/gcc/avr/5.4.0/avr5\libgcc.a(_udivmodsi4.o)
                0x00003252                __udivmodsi4
 .text.avr-libc
                0x00003296       0x58 c:/program files (x86)/atmel/studio/7.0/toolchain/avr8/avr8-gnu-toolchain/bin/../lib/gcc/avr/5.4.0/../../../../avr/lib/avr5\libc.a(vsnprintf.o)
                0x00003296                vsnprintf
 .text.avr-libc
                0x000032ee      0x3c2 c:/program files (x86)/atmel/studio/7.0/toolchain/avr8/avr8-gnu-toolchain/bin/../lib/gcc/avr/5.4.0/../../../../avr/lib/avr5\libc.a(vfprintf_std.o)
                0x000032ee                vfprintf
 .text.avr-libc
                0x000036b0       0x16 c:/program files (x86)/atmel/studio/7.0/toolchain/avr8/avr8-gnu-toolchain/bin/../lib/gcc/avr/5.4.0/../../../../avr/lib/avr5\libc.a(strnlen_P.o)
                0x000036b0                strnlen_P
 .text.avr-libc
                0x000036c6       0x16 c:/program files (x86)/atmel/studio/7.0/toolchain/avr8/avr8-gnu-toolchain/bin/../lib/gcc/avr/5.4.0/../../../../avr/lib/avr5\libc.a(strnlen.o)
                0x000036c6                strnlen
 .text.avr-libc
                0x000036dc       0x78 c:/program files (x86)/atmel/studio/7.0/toolchain/avr8/avr8-gnu-toolchain/bin/../lib/gcc/avr/5.4.0/../../../../avr/lib/avr5\libc.a(fputc.o)
                0x000036dc                fputc
 .text.avr-libc
                0x00003754       0xbc c:/program files (x86)/atmel/studio/7.0/toolchain/avr8/avr8-gnu-toolchain/bin/../lib/gcc/avr/5.4.0/../../../../avr/lib/avr5\libc.a(ultoa_invert.o)
                0x00003754                __ultoa_invert
 .text.avr-libc
                0x00003810       0x20 C:/Program Files (x86)/Atmel/Studio/7.0/Packs/atmel/ATmega_DFP/1.2.209/gcc/dev/atmega324a/avr5\libatmega324a.a(eerd_block.o)
                0x00003810                eeprom_read_block
                0x00003814                eeprom_read_blraw
 .text.avr-libc
                0x00003830       0x10 C:/Program Files (x86)/Atmel/Studio/7.0/Packs/atmel/ATmega_DFP/1.2.209/gcc/dev/atmega324a/avr5\libatmega324a.a(eerd_byte.o)
                0x00003830                eeprom_read_byte
 .text.avr-libc
                0x00003840        0xc C:/Program Files (x86)/Atmel/Studio/7.0/Packs/atmel/ATmega_DFP/1.2.209/gcc/dev/atmega324a/avr5\libatmega324a.a(eerd_word.o)
                0x00003840                eeprom_read_word
 .text.avr-libc
                0x0000384c       0x20 C:/Program Files (x86)/Atmel/Studio/7.0/Packs/atmel/ATmega_DFP/1.2.209/gcc/dev/atmega324a/avr5\libatmega324a.a(eeupd_block.o)
                0x0000384c                eeprom_update_block
 .text.avr-libc
                0x0000386c       0x24 C:/Program Files (x86)/Atmel/Studio/7.0/Packs/atmel/ATmega_DFP/1.2.209/gcc/dev/atmega324a/avr5\libatmega324a.a(eeupd_byte.o)
                0x0000386c                eeprom_update_byte
                0x0000386e                eeprom_update_r18
 .text.avr-libc
                0x00003890       0x18 C:/Program Files (x86)/Atmel/Studio/7.0/Packs/atmel/ATmega_DFP/1.2.209/gcc/dev/atmega324a/avr5\libatmega324a.a(eeupd_dword.o)
                0x00003890                eeprom_update_float
                0x00003890                eeprom_update_dword
 .text.avr-libc
                0x000038a8        0xc C:/Program Files (x86)/Atmel/Studio/7.0/Packs/atmel/ATmega_DFP/1.2.209/gcc/dev/atmega324a/avr5\libatmega324a.a(eeupd_word.o)
                0x000038a8                eeprom_update_word
 .text.avr-libc
                0x000038b4       0x14 C:/Program Files (x86)/Atmel/Studio/7.0/Packs/atmel/ATmega_DFP/1.2.209/gcc/dev/atmega324a/avr5\libatmega324a.a(eewr_block.o)
                0x000038b4                eeprom_write_block
 .text.avr-libc
                0x000038c8       0x1c C:/Program Files (x86)/Atmel/Studio/7.0/Packs/atmel/ATmega_DFP/1.2.209/gcc/dev/atmega324a/avr5\libatmega324a.a(eewr_byte.o)
                0x000038c8                eeprom_write_byte
                0x000038ca                eeprom_write_r18
 .text.avr-libc
                0x000038e4       0x10 C:/Program Files (x86)/Atmel/Studio/7.0/Packs/atmel/ATmega_DFP/1.2.209/gcc/dev/atmega324a/avr5\libatmega324a.a(eewr_dword.o)
                0x000038e4                eeprom_write_dword
                0x000038e4                eeprom_write_float
 .text.avr-libc
                0x000038f4        0xa C:/Program Files (x86)/Atmel/Studio/7.0/Packs/atmel/ATmega_DFP/1.2.209/gcc/dev/atmega324a/avr5\libatmega324a.a(eewr_word.o)
                0x000038f4                eeprom_write_word
 .text.libgcc.prologue
                0x000038fe       0x38 c:/program files (x86)/atmel/studio/7.0/toolchain/avr8/avr8-gnu-toolchain/bin/../lib/gcc/avr/5.4.0/avr5\libgcc.a(_prologue.o)
                0x000038fe                __prologue_saves__
 .text.libgcc.prologue
                0x00003936       0x36 c:/program files (x86)/atmel/studio/7.0/toolchain/avr8/avr8-gnu-toolchain/bin/../lib/gcc/avr/5.4.0/avr5\libgcc.a(_epilogue.o)
                0x00003936                __epilogue_restores__
                0x0000396c                . = ALIGN (0x2)
 *(.fini9)
 .fini9         0x0000396c        0x0 c:/program files (x86)/atmel/studio/7.0/toolchain/avr8/avr8-gnu-toolchain/bin/../lib/gcc/avr/5.4.0/avr5\libgcc.a(_exit.o)
                0x0000396c                _exit
                0x0000396c                exit
 *(.fini9)
 *(.fini8)
 *(.fini8)
 *(.fini7)
 *(.fini7)
 *(.fini6)
 *(.fini6)
 *(.fini5)
 *(.fini5)
 *(.fini4)
 *(.fini4)
 *(.fini3)
 *(.fini3)
 *(.fini2)
 *(.fini2)
 *(.fini1)
 *(.fini1)
 *(.fini0)
 .fini0         0x0000396c        0x4 c:/program files (x86)/atmel/studio/7.0/toolchain/avr8/avr8-gnu-toolchain/bin/../lib/gcc/avr/5.4.0/avr5\libgcc.a(_exit.o)
 *(.fini0)
                0x00003970                _etext = .

.data           0x00800100       0x36 load address 0x00003970
                0x00800100                PROVIDE (__data_start, .)
 *(.data)
 *(.data*)
 .data.keypadvalue
                0x00800100       0x10 Libraria/keypad.o
                0x00800100                keypadvalue
 .data.N_on     0x00800110        0x2 main.o
                0x00800110                N_on
 .data.N_off    0x00800112        0x2 main.o
                0x00800112                N_off
 *(.gnu.linkonce.d*)
 *(.rodata)
 *(.rodata*)
 .rodata.str1.1
                0x00800114       0x21 main.o
 *(.gnu.linkonce.r*)
                0x00800136                . = ALIGN (0x2)
 *fill*         0x00800135        0x1 
                0x00800136                _edata = .
                0x00800136                PROVIDE (__data_end, .)

.bss            0x00800136      0x1e6
                0x00800136                PROVIDE (__bss_start, .)
 *(.bss)
 *(.bss*)
 .bss.ADC_CHANNEL_GAIN
                0x00800136       0x10 Libraria/atmega324analog.o
 .bss.ADC_VALUE
                0x00800146       0x10 Libraria/atmega324analog.o
 .bss.bckIO     0x00800156        0x8 Libraria/atmega324preamble.o
 .bss.timer1_state
                0x0080015e        0x1 Libraria/atmega324timer.o
 .bss.FUNCstr   0x0080015f       0x60 Libraria/function.o
 .bss.endstr    0x008001bf        0x2 Libraria/keypad.o
                0x008001bf                endstr
 .bss.UART1_LastRxError
                0x008001c1        0x1 Libraria/uart.o
 .bss.UART1_RxTail
                0x008001c2        0x1 Libraria/uart.o
 .bss.UART1_RxHead
                0x008001c3        0x1 Libraria/uart.o
 .bss.UART1_TxTail
                0x008001c4        0x1 Libraria/uart.o
 .bss.UART1_TxHead
                0x008001c5        0x1 Libraria/uart.o
 .bss.UART1_RxBuf
                0x008001c6       0x40 Libraria/uart.o
 .bss.UART1_TxBuf
                0x00800206       0x40 Libraria/uart.o
 .bss.UART_LastRxError
                0x00800246        0x1 Libraria/uart.o
 .bss.UART_RxTail
                0x00800247        0x1 Libraria/uart.o
 .bss.UART_RxHead
                0x00800248        0x1 Libraria/uart.o
 .bss.UART_TxTail
                0x00800249        0x1 Libraria/uart.o
 .bss.UART_TxHead
                0x0080024a        0x1 Libraria/uart.o
 .bss.UART_RxBuf
                0x0080024b       0x40 Libraria/uart.o
 .bss.UART_TxBuf
                0x0080028b       0x40 Libraria/uart.o
 .bss.counter   0x008002cb        0x2 main.o
                0x008002cb                counter
 *(COMMON)
 COMMON         0x008002cd        0x9 Libraria/atmega324analog.o
                0x008002cd                ADC_SELECTOR
                0x008002cf                adc_sample
                0x008002d1                ADC_N_CHANNEL
                0x008002d3                adc_n_sample
                0x008002d4                adc_tmp
 COMMON         0x008002d6       0x17 Libraria/keypad.o
                0x008002d6                keypad_PORT
                0x008002d8                KEYPAD_char
                0x008002d9                keypad_dataf
                0x008002dd                keypad_datai
                0x008002e1                KEYPADSTRINGINDEX
                0x008002e2                keypad_PIN
                0x008002e4                keypad_DDR
                0x008002e6                KEYPAD_string
 COMMON         0x008002ed        0xe Libraria/lcd.o
                0x008002ed                lcd0_PIN
                0x008002ef                lcd1_DDR
                0x008002f1                lcd1_detect
                0x008002f2                lcd1_PIN
                0x008002f4                lcd0_DDR
                0x008002f6                lcd0_detect
                0x008002f7                lcd0_PORT
                0x008002f9                lcd1_PORT
 COMMON         0x008002fb       0x21 Libraria/lfsm.o
                0x008002fb                tmp2
                0x00800306                data
                0x00800311                tmp1
                0x0080031c                PROVIDE (__bss_end, .)
                0x00003970                __data_load_start = LOADADDR (.data)
                0x000039a6                __data_load_end = (__data_load_start + SIZEOF (.data))

.noinit         0x0080031c        0x0
                [!provide]                PROVIDE (__noinit_start, .)
 *(.noinit*)
                [!provide]                PROVIDE (__noinit_end, .)
                0x0080031c                _end = .
                [!provide]                PROVIDE (__heap_start, .)

.eeprom         0x00810000        0x0
 *(.eeprom*)
                0x00810000                __eeprom_end = .

.fuse
 *(.fuse)
 *(.lfuse)
 *(.hfuse)
 *(.efuse)

.lock
 *(.lock*)

.signature
 *(.signature*)

.user_signatures
 *(.user_signatures*)

.stab
 *(.stab)

.stabstr
 *(.stabstr)

.stab.excl
 *(.stab.excl)

.stab.exclstr
 *(.stab.exclstr)

.stab.index
 *(.stab.index)

.stab.indexstr
 *(.stab.indexstr)

.comment        0x00000000       0x5c
 *(.comment)
 .comment       0x00000000       0x30 Libraria/atmega324analog.o
                                 0x31 (size before relaxing)
 .comment       0x00000030       0x31 Libraria/atmega324preamble.o
 .comment       0x00000030       0x31 Libraria/atmega324timer.o
 .comment       0x00000030       0x31 Libraria/atmegaeeprom.o
 .comment       0x00000030       0x31 Libraria/function.o
 .comment       0x00000030       0x31 Libraria/keypad.o
 .comment       0x00000030       0x31 Libraria/lcd.o
 .comment       0x00000030       0x31 Libraria/lfsm.o
 .comment       0x00000030       0x31 Libraria/uart.o
 .comment       0x00000030       0x31 main.o
 .comment       0x00000030       0x31 c:/program files (x86)/atmel/studio/7.0/toolchain/avr8/avr8-gnu-toolchain/bin/../lib/gcc/avr/5.4.0/../../../../avr/lib/avr5\libc.a(vsnprintf.o)
 .comment       0x00000030       0x2c c:/program files (x86)/atmel/studio/7.0/toolchain/avr8/avr8-gnu-toolchain/bin/../lib/gcc/avr/5.4.0/../../../../avr/lib/avr5\libc.a(vfprintf_std.o)
                                 0x2d (size before relaxing)
 .comment       0x0000005c       0x31 c:/program files (x86)/atmel/studio/7.0/toolchain/avr8/avr8-gnu-toolchain/bin/../lib/gcc/avr/5.4.0/../../../../avr/lib/avr5\libc.a(fputc.o)

.note.gnu.avr.deviceinfo
                0x00000000       0x40
 .note.gnu.avr.deviceinfo
                0x00000000       0x40 C:/Program Files (x86)/Atmel/Studio/7.0/Packs/atmel/ATmega_DFP/1.2.209/gcc/dev/atmega324a/avr5/crtatmega324a.o

.note.gnu.build-id
 *(.note.gnu.build-id)

.debug
 *(.debug)

.line
 *(.line)

.debug_srcinfo
 *(.debug_srcinfo)

.debug_sfnames
 *(.debug_sfnames)

.debug_aranges  0x00000000      0x6f8
 *(.debug_aranges)
 .debug_aranges
                0x00000000       0x30 Libraria/atmega324analog.o
 .debug_aranges
                0x00000030       0x48 Libraria/atmega324preamble.o
 .debug_aranges
                0x00000078       0xc0 Libraria/atmega324timer.o
 .debug_aranges
                0x00000138       0x20 Libraria/atmegaeeprom.o
 .debug_aranges
                0x00000158      0x158 Libraria/function.o
 .debug_aranges
                0x000002b0       0x50 Libraria/keypad.o
 .debug_aranges
                0x00000300      0x100 Libraria/lcd.o
 .debug_aranges
                0x00000400       0x90 Libraria/lfsm.o
 .debug_aranges
                0x00000490       0xd8 Libraria/uart.o
 .debug_aranges
                0x00000568       0x30 main.o
 .debug_aranges
                0x00000598       0x20 C:/Program Files (x86)/Atmel/Studio/7.0/Packs/atmel/ATmega_DFP/1.2.209/gcc/dev/atmega324a/avr5\libatmega324a.a(eerd_block.o)
 .debug_aranges
                0x000005b8       0x20 C:/Program Files (x86)/Atmel/Studio/7.0/Packs/atmel/ATmega_DFP/1.2.209/gcc/dev/atmega324a/avr5\libatmega324a.a(eerd_byte.o)
 .debug_aranges
                0x000005d8       0x20 C:/Program Files (x86)/Atmel/Studio/7.0/Packs/atmel/ATmega_DFP/1.2.209/gcc/dev/atmega324a/avr5\libatmega324a.a(eerd_word.o)
 .debug_aranges
                0x000005f8       0x20 C:/Program Files (x86)/Atmel/Studio/7.0/Packs/atmel/ATmega_DFP/1.2.209/gcc/dev/atmega324a/avr5\libatmega324a.a(eeupd_block.o)
 .debug_aranges
                0x00000618       0x20 C:/Program Files (x86)/Atmel/Studio/7.0/Packs/atmel/ATmega_DFP/1.2.209/gcc/dev/atmega324a/avr5\libatmega324a.a(eeupd_byte.o)
 .debug_aranges
                0x00000638       0x20 C:/Program Files (x86)/Atmel/Studio/7.0/Packs/atmel/ATmega_DFP/1.2.209/gcc/dev/atmega324a/avr5\libatmega324a.a(eeupd_dword.o)
 .debug_aranges
                0x00000658       0x20 C:/Program Files (x86)/Atmel/Studio/7.0/Packs/atmel/ATmega_DFP/1.2.209/gcc/dev/atmega324a/avr5\libatmega324a.a(eeupd_word.o)
 .debug_aranges
                0x00000678       0x20 C:/Program Files (x86)/Atmel/Studio/7.0/Packs/atmel/ATmega_DFP/1.2.209/gcc/dev/atmega324a/avr5\libatmega324a.a(eewr_block.o)
 .debug_aranges
                0x00000698       0x20 C:/Program Files (x86)/Atmel/Studio/7.0/Packs/atmel/ATmega_DFP/1.2.209/gcc/dev/atmega324a/avr5\libatmega324a.a(eewr_byte.o)
 .debug_aranges
                0x000006b8       0x20 C:/Program Files (x86)/Atmel/Studio/7.0/Packs/atmel/ATmega_DFP/1.2.209/gcc/dev/atmega324a/avr5\libatmega324a.a(eewr_dword.o)
 .debug_aranges
                0x000006d8       0x20 C:/Program Files (x86)/Atmel/Studio/7.0/Packs/atmel/ATmega_DFP/1.2.209/gcc/dev/atmega324a/avr5\libatmega324a.a(eewr_word.o)

.debug_pubnames
 *(.debug_pubnames)

.debug_info     0x00000000     0x7587
 *(.debug_info .gnu.linkonce.wi.*)
 .debug_info    0x00000000      0x6cc C:/Program Files (x86)/Atmel/Studio/7.0/Packs/atmel/ATmega_DFP/1.2.209/gcc/dev/atmega324a/avr5/crtatmega324a.o
 .debug_info    0x000006cc      0x25f Libraria/atmega324analog.o
 .debug_info    0x0000092b      0x246 Libraria/atmega324preamble.o
 .debug_info    0x00000b71      0x5eb Libraria/atmega324timer.o
 .debug_info    0x0000115c      0x2de Libraria/atmegaeeprom.o
 .debug_info    0x0000143a     0x13b2 Libraria/function.o
 .debug_info    0x000027ec      0x500 Libraria/keypad.o
 .debug_info    0x00002cec     0x13a3 Libraria/lcd.o
 .debug_info    0x0000408f     0x11b9 Libraria/lfsm.o
 .debug_info    0x00005248      0x9a3 Libraria/uart.o
 .debug_info    0x00005beb     0x122f main.o
 .debug_info    0x00006e1a       0xad C:/Program Files (x86)/Atmel/Studio/7.0/Packs/atmel/ATmega_DFP/1.2.209/gcc/dev/atmega324a/avr5\libatmega324a.a(eerd_block.o)
 .debug_info    0x00006ec7       0xac C:/Program Files (x86)/Atmel/Studio/7.0/Packs/atmel/ATmega_DFP/1.2.209/gcc/dev/atmega324a/avr5\libatmega324a.a(eerd_byte.o)
 .debug_info    0x00006f73       0xac C:/Program Files (x86)/Atmel/Studio/7.0/Packs/atmel/ATmega_DFP/1.2.209/gcc/dev/atmega324a/avr5\libatmega324a.a(eerd_word.o)
 .debug_info    0x0000701f       0xae C:/Program Files (x86)/Atmel/Studio/7.0/Packs/atmel/ATmega_DFP/1.2.209/gcc/dev/atmega324a/avr5\libatmega324a.a(eeupd_block.o)
 .debug_info    0x000070cd       0xad C:/Program Files (x86)/Atmel/Studio/7.0/Packs/atmel/ATmega_DFP/1.2.209/gcc/dev/atmega324a/avr5\libatmega324a.a(eeupd_byte.o)
 .debug_info    0x0000717a       0xae C:/Program Files (x86)/Atmel/Studio/7.0/Packs/atmel/ATmega_DFP/1.2.209/gcc/dev/atmega324a/avr5\libatmega324a.a(eeupd_dword.o)
 .debug_info    0x00007228       0xad C:/Program Files (x86)/Atmel/Studio/7.0/Packs/atmel/ATmega_DFP/1.2.209/gcc/dev/atmega324a/avr5\libatmega324a.a(eeupd_word.o)
 .debug_info    0x000072d5       0xad C:/Program Files (x86)/Atmel/Studio/7.0/Packs/atmel/ATmega_DFP/1.2.209/gcc/dev/atmega324a/avr5\libatmega324a.a(eewr_block.o)
 .debug_info    0x00007382       0xac C:/Program Files (x86)/Atmel/Studio/7.0/Packs/atmel/ATmega_DFP/1.2.209/gcc/dev/atmega324a/avr5\libatmega324a.a(eewr_byte.o)
 .debug_info    0x0000742e       0xad C:/Program Files (x86)/Atmel/Studio/7.0/Packs/atmel/ATmega_DFP/1.2.209/gcc/dev/atmega324a/avr5\libatmega324a.a(eewr_dword.o)
 .debug_info    0x000074db       0xac C:/Program Files (x86)/Atmel/Studio/7.0/Packs/atmel/ATmega_DFP/1.2.209/gcc/dev/atmega324a/avr5\libatmega324a.a(eewr_word.o)

.debug_abbrev   0x00000000     0x1a3d
 *(.debug_abbrev)
 .debug_abbrev  0x00000000      0x66e C:/Program Files (x86)/Atmel/Studio/7.0/Packs/atmel/ATmega_DFP/1.2.209/gcc/dev/atmega324a/avr5/crtatmega324a.o
 .debug_abbrev  0x0000066e      0x145 Libraria/atmega324analog.o
 .debug_abbrev  0x000007b3      0x108 Libraria/atmega324preamble.o
 .debug_abbrev  0x000008bb      0x17e Libraria/atmega324timer.o
 .debug_abbrev  0x00000a39       0xb5 Libraria/atmegaeeprom.o
 .debug_abbrev  0x00000aee      0x2f7 Libraria/function.o
 .debug_abbrev  0x00000de5      0x20a Libraria/keypad.o
 .debug_abbrev  0x00000fef      0x2a6 Libraria/lcd.o
 .debug_abbrev  0x00001295      0x2f9 Libraria/lfsm.o
 .debug_abbrev  0x0000158e      0x230 Libraria/uart.o
 .debug_abbrev  0x000017be      0x1a3 main.o
 .debug_abbrev  0x00001961       0x14 C:/Program Files (x86)/Atmel/Studio/7.0/Packs/atmel/ATmega_DFP/1.2.209/gcc/dev/atmega324a/avr5\libatmega324a.a(eerd_block.o)
 .debug_abbrev  0x00001975       0x14 C:/Program Files (x86)/Atmel/Studio/7.0/Packs/atmel/ATmega_DFP/1.2.209/gcc/dev/atmega324a/avr5\libatmega324a.a(eerd_byte.o)
 .debug_abbrev  0x00001989       0x14 C:/Program Files (x86)/Atmel/Studio/7.0/Packs/atmel/ATmega_DFP/1.2.209/gcc/dev/atmega324a/avr5\libatmega324a.a(eerd_word.o)
 .debug_abbrev  0x0000199d       0x14 C:/Program Files (x86)/Atmel/Studio/7.0/Packs/atmel/ATmega_DFP/1.2.209/gcc/dev/atmega324a/avr5\libatmega324a.a(eeupd_block.o)
 .debug_abbrev  0x000019b1       0x14 C:/Program Files (x86)/Atmel/Studio/7.0/Packs/atmel/ATmega_DFP/1.2.209/gcc/dev/atmega324a/avr5\libatmega324a.a(eeupd_byte.o)
 .debug_abbrev  0x000019c5       0x14 C:/Program Files (x86)/Atmel/Studio/7.0/Packs/atmel/ATmega_DFP/1.2.209/gcc/dev/atmega324a/avr5\libatmega324a.a(eeupd_dword.o)
 .debug_abbrev  0x000019d9       0x14 C:/Program Files (x86)/Atmel/Studio/7.0/Packs/atmel/ATmega_DFP/1.2.209/gcc/dev/atmega324a/avr5\libatmega324a.a(eeupd_word.o)
 .debug_abbrev  0x000019ed       0x14 C:/Program Files (x86)/Atmel/Studio/7.0/Packs/atmel/ATmega_DFP/1.2.209/gcc/dev/atmega324a/avr5\libatmega324a.a(eewr_block.o)
 .debug_abbrev  0x00001a01       0x14 C:/Program Files (x86)/Atmel/Studio/7.0/Packs/atmel/ATmega_DFP/1.2.209/gcc/dev/atmega324a/avr5\libatmega324a.a(eewr_byte.o)
 .debug_abbrev  0x00001a15       0x14 C:/Program Files (x86)/Atmel/Studio/7.0/Packs/atmel/ATmega_DFP/1.2.209/gcc/dev/atmega324a/avr5\libatmega324a.a(eewr_dword.o)
 .debug_abbrev  0x00001a29       0x14 C:/Program Files (x86)/Atmel/Studio/7.0/Packs/atmel/ATmega_DFP/1.2.209/gcc/dev/atmega324a/avr5\libatmega324a.a(eewr_word.o)

.debug_line     0x00000000     0x467a
 *(.debug_line .debug_line.* .debug_line_end)
 .debug_line    0x00000000      0x151 C:/Program Files (x86)/Atmel/Studio/7.0/Packs/atmel/ATmega_DFP/1.2.209/gcc/dev/atmega324a/avr5/crtatmega324a.o
 .debug_line    0x00000151      0x312 Libraria/atmega324analog.o
 .debug_line    0x00000463      0x2a5 Libraria/atmega324preamble.o
 .debug_line    0x00000708      0x7eb Libraria/atmega324timer.o
 .debug_line    0x00000ef3      0x138 Libraria/atmegaeeprom.o
 .debug_line    0x0000102b      0x907 Libraria/function.o
 .debug_line    0x00001932      0x400 Libraria/keypad.o
 .debug_line    0x00001d32      0xd0f Libraria/lcd.o
 .debug_line    0x00002a41      0x806 Libraria/lfsm.o
 .debug_line    0x00003247      0x89d Libraria/uart.o
 .debug_line    0x00003ae4      0x5f1 main.o
 .debug_line    0x000040d5       0xab C:/Program Files (x86)/Atmel/Studio/7.0/Packs/atmel/ATmega_DFP/1.2.209/gcc/dev/atmega324a/avr5\libatmega324a.a(eerd_block.o)
 .debug_line    0x00004180       0x7a C:/Program Files (x86)/Atmel/Studio/7.0/Packs/atmel/ATmega_DFP/1.2.209/gcc/dev/atmega324a/avr5\libatmega324a.a(eerd_byte.o)
 .debug_line    0x000041fa       0x67 C:/Program Files (x86)/Atmel/Studio/7.0/Packs/atmel/ATmega_DFP/1.2.209/gcc/dev/atmega324a/avr5\libatmega324a.a(eerd_word.o)
 .debug_line    0x00004261       0xa5 C:/Program Files (x86)/Atmel/Studio/7.0/Packs/atmel/ATmega_DFP/1.2.209/gcc/dev/atmega324a/avr5\libatmega324a.a(eeupd_block.o)
 .debug_line    0x00004306       0xb6 C:/Program Files (x86)/Atmel/Studio/7.0/Packs/atmel/ATmega_DFP/1.2.209/gcc/dev/atmega324a/avr5\libatmega324a.a(eeupd_byte.o)
 .debug_line    0x000043bc       0x7b C:/Program Files (x86)/Atmel/Studio/7.0/Packs/atmel/ATmega_DFP/1.2.209/gcc/dev/atmega324a/avr5\libatmega324a.a(eeupd_dword.o)
 .debug_line    0x00004437       0x62 C:/Program Files (x86)/Atmel/Studio/7.0/Packs/atmel/ATmega_DFP/1.2.209/gcc/dev/atmega324a/avr5\libatmega324a.a(eeupd_word.o)
 .debug_line    0x00004499       0x80 C:/Program Files (x86)/Atmel/Studio/7.0/Packs/atmel/ATmega_DFP/1.2.209/gcc/dev/atmega324a/avr5\libatmega324a.a(eewr_block.o)
 .debug_line    0x00004519       0x9e C:/Program Files (x86)/Atmel/Studio/7.0/Packs/atmel/ATmega_DFP/1.2.209/gcc/dev/atmega324a/avr5\libatmega324a.a(eewr_byte.o)
 .debug_line    0x000045b7       0x68 C:/Program Files (x86)/Atmel/Studio/7.0/Packs/atmel/ATmega_DFP/1.2.209/gcc/dev/atmega324a/avr5\libatmega324a.a(eewr_dword.o)
 .debug_line    0x0000461f       0x5b C:/Program Files (x86)/Atmel/Studio/7.0/Packs/atmel/ATmega_DFP/1.2.209/gcc/dev/atmega324a/avr5\libatmega324a.a(eewr_word.o)

.debug_frame    0x00000000     0x10a8
 *(.debug_frame)
 .debug_frame   0x00000000       0x90 Libraria/atmega324analog.o
 .debug_frame   0x00000090       0x74 Libraria/atmega324preamble.o
 .debug_frame   0x00000104      0x190 Libraria/atmega324timer.o
 .debug_frame   0x00000294       0x24 Libraria/atmegaeeprom.o
 .debug_frame   0x000002b8      0x49c Libraria/function.o
 .debug_frame   0x00000754       0xb0 Libraria/keypad.o
 .debug_frame   0x00000804      0x2ac Libraria/lcd.o
 .debug_frame   0x00000ab0      0x2e4 Libraria/lfsm.o
 .debug_frame   0x00000d94      0x294 Libraria/uart.o
 .debug_frame   0x00001028       0x80 main.o

.debug_str      0x00000000     0x136a
 *(.debug_str)
 .debug_str     0x00000000      0x255 C:/Program Files (x86)/Atmel/Studio/7.0/Packs/atmel/ATmega_DFP/1.2.209/gcc/dev/atmega324a/avr5/crtatmega324a.o
 .debug_str     0x00000255      0x25b Libraria/atmega324analog.o
                                0x2a1 (size before relaxing)
 .debug_str     0x000004b0       0x8f Libraria/atmega324preamble.o
                                0x218 (size before relaxing)
 .debug_str     0x0000053f      0x2d6 Libraria/atmega324timer.o
                                0x493 (size before relaxing)
 .debug_str     0x00000815       0xed Libraria/atmegaeeprom.o
                                0x276 (size before relaxing)
 .debug_str     0x00000902      0x305 Libraria/function.o
                                0x62b (size before relaxing)
 .debug_str     0x00000c07      0x136 Libraria/keypad.o
                                0x2e1 (size before relaxing)
 .debug_str     0x00000d3d      0x227 Libraria/lcd.o
                                0x40e (size before relaxing)
 .debug_str     0x00000f64      0x133 Libraria/lfsm.o
                                0x40a (size before relaxing)
 .debug_str     0x00001097      0x273 Libraria/uart.o
                                0x47d (size before relaxing)
 .debug_str     0x0000130a       0x60 main.o
                                0x598 (size before relaxing)

.debug_loc      0x00000000     0x6924
 *(.debug_loc)
 .debug_loc     0x00000000      0x30b Libraria/atmega324analog.o
 .debug_loc     0x0000030b      0x310 Libraria/atmega324preamble.o
 .debug_loc     0x0000061b      0x458 Libraria/atmega324timer.o
 .debug_loc     0x00000a73     0x1aa4 Libraria/function.o
 .debug_loc     0x00002517      0x403 Libraria/keypad.o
 .debug_loc     0x0000291a     0x111a Libraria/lcd.o
 .debug_loc     0x00003a34     0x1716 Libraria/lfsm.o
 .debug_loc     0x0000514a      0xf24 Libraria/uart.o
 .debug_loc     0x0000606e      0x8b6 main.o

.debug_macinfo
 *(.debug_macinfo)

.debug_weaknames
 *(.debug_weaknames)

.debug_funcnames
 *(.debug_funcnames)

.debug_typenames
 *(.debug_typenames)

.debug_varnames
 *(.debug_varnames)

.debug_pubtypes
 *(.debug_pubtypes)

.debug_ranges   0x00000000      0x528
 *(.debug_ranges)
 .debug_ranges  0x00000000       0x20 Libraria/atmega324analog.o
 .debug_ranges  0x00000020       0x38 Libraria/atmega324preamble.o
 .debug_ranges  0x00000058       0xb0 Libraria/atmega324timer.o
 .debug_ranges  0x00000108       0x10 Libraria/atmegaeeprom.o
 .debug_ranges  0x00000118      0x148 Libraria/function.o
 .debug_ranges  0x00000260       0x40 Libraria/keypad.o
 .debug_ranges  0x000002a0       0xf0 Libraria/lcd.o
 .debug_ranges  0x00000390       0x80 Libraria/lfsm.o
 .debug_ranges  0x00000410       0xf8 Libraria/uart.o
 .debug_ranges  0x00000508       0x20 main.o

.debug_macro
 *(.debug_macro)
OUTPUT(Atmega324.elf elf32-avr)
LOAD linker stubs
