Archive member included to satisfy reference by file (symbol)

c:/program files (x86)/atmel/studio/7.0/toolchain/avr8/avr8-gnu-toolchain/bin/../lib/gcc/avr/5.4.0/../../../../avr/lib/avr51\libm.a(addsf3.o)
                              Libraria/function.o (__subsf3)
c:/program files (x86)/atmel/studio/7.0/toolchain/avr8/avr8-gnu-toolchain/bin/../lib/gcc/avr/5.4.0/../../../../avr/lib/avr51\libm.a(addsf3x.o)
                              c:/program files (x86)/atmel/studio/7.0/toolchain/avr8/avr8-gnu-toolchain/bin/../lib/gcc/avr/5.4.0/../../../../avr/lib/avr51\libm.a(addsf3.o) (__addsf3x)
c:/program files (x86)/atmel/studio/7.0/toolchain/avr8/avr8-gnu-toolchain/bin/../lib/gcc/avr/5.4.0/../../../../avr/lib/avr51\libm.a(cmpsf2.o)
                              Libraria/function.o (__ltsf2)
c:/program files (x86)/atmel/studio/7.0/toolchain/avr8/avr8-gnu-toolchain/bin/../lib/gcc/avr/5.4.0/../../../../avr/lib/avr51\libm.a(divsf3.o)
                              Libraria/znpid.o (__divsf3)
c:/program files (x86)/atmel/studio/7.0/toolchain/avr8/avr8-gnu-toolchain/bin/../lib/gcc/avr/5.4.0/../../../../avr/lib/avr51\libm.a(divsf3x.o)
                              c:/program files (x86)/atmel/studio/7.0/toolchain/avr8/avr8-gnu-toolchain/bin/../lib/gcc/avr/5.4.0/../../../../avr/lib/avr51\libm.a(divsf3.o) (__divsf3x)
c:/program files (x86)/atmel/studio/7.0/toolchain/avr8/avr8-gnu-toolchain/bin/../lib/gcc/avr/5.4.0/../../../../avr/lib/avr51\libm.a(fixsfsi.o)
                              Libraria/function.o (__fixsfsi)
c:/program files (x86)/atmel/studio/7.0/toolchain/avr8/avr8-gnu-toolchain/bin/../lib/gcc/avr/5.4.0/../../../../avr/lib/avr51\libm.a(fixunssfsi.o)
                              Libraria/function.o (__fixunssfsi)
c:/program files (x86)/atmel/studio/7.0/toolchain/avr8/avr8-gnu-toolchain/bin/../lib/gcc/avr/5.4.0/../../../../avr/lib/avr51\libm.a(floatsisf.o)
                              Libraria/function.o (__floatunsisf)
c:/program files (x86)/atmel/studio/7.0/toolchain/avr8/avr8-gnu-toolchain/bin/../lib/gcc/avr/5.4.0/../../../../avr/lib/avr51\libm.a(fp_cmp.o)
                              c:/program files (x86)/atmel/studio/7.0/toolchain/avr8/avr8-gnu-toolchain/bin/../lib/gcc/avr/5.4.0/../../../../avr/lib/avr51\libm.a(cmpsf2.o) (__fp_cmp)
c:/program files (x86)/atmel/studio/7.0/toolchain/avr8/avr8-gnu-toolchain/bin/../lib/gcc/avr/5.4.0/../../../../avr/lib/avr51\libm.a(fp_inf.o)
                              c:/program files (x86)/atmel/studio/7.0/toolchain/avr8/avr8-gnu-toolchain/bin/../lib/gcc/avr/5.4.0/../../../../avr/lib/avr51\libm.a(addsf3x.o) (__fp_inf)
c:/program files (x86)/atmel/studio/7.0/toolchain/avr8/avr8-gnu-toolchain/bin/../lib/gcc/avr/5.4.0/../../../../avr/lib/avr51\libm.a(fp_nan.o)
                              c:/program files (x86)/atmel/studio/7.0/toolchain/avr8/avr8-gnu-toolchain/bin/../lib/gcc/avr/5.4.0/../../../../avr/lib/avr51\libm.a(addsf3x.o) (__fp_nan)
c:/program files (x86)/atmel/studio/7.0/toolchain/avr8/avr8-gnu-toolchain/bin/../lib/gcc/avr/5.4.0/../../../../avr/lib/avr51\libm.a(fp_pscA.o)
                              c:/program files (x86)/atmel/studio/7.0/toolchain/avr8/avr8-gnu-toolchain/bin/../lib/gcc/avr/5.4.0/../../../../avr/lib/avr51\libm.a(addsf3x.o) (__fp_pscA)
c:/program files (x86)/atmel/studio/7.0/toolchain/avr8/avr8-gnu-toolchain/bin/../lib/gcc/avr/5.4.0/../../../../avr/lib/avr51\libm.a(fp_pscB.o)
                              c:/program files (x86)/atmel/studio/7.0/toolchain/avr8/avr8-gnu-toolchain/bin/../lib/gcc/avr/5.4.0/../../../../avr/lib/avr51\libm.a(addsf3x.o) (__fp_pscB)
c:/program files (x86)/atmel/studio/7.0/toolchain/avr8/avr8-gnu-toolchain/bin/../lib/gcc/avr/5.4.0/../../../../avr/lib/avr51\libm.a(fp_round.o)
                              c:/program files (x86)/atmel/studio/7.0/toolchain/avr8/avr8-gnu-toolchain/bin/../lib/gcc/avr/5.4.0/../../../../avr/lib/avr51\libm.a(addsf3.o) (__fp_round)
c:/program files (x86)/atmel/studio/7.0/toolchain/avr8/avr8-gnu-toolchain/bin/../lib/gcc/avr/5.4.0/../../../../avr/lib/avr51\libm.a(fp_split3.o)
                              c:/program files (x86)/atmel/studio/7.0/toolchain/avr8/avr8-gnu-toolchain/bin/../lib/gcc/avr/5.4.0/../../../../avr/lib/avr51\libm.a(addsf3x.o) (__fp_split3)
c:/program files (x86)/atmel/studio/7.0/toolchain/avr8/avr8-gnu-toolchain/bin/../lib/gcc/avr/5.4.0/../../../../avr/lib/avr51\libm.a(fp_zero.o)
                              c:/program files (x86)/atmel/studio/7.0/toolchain/avr8/avr8-gnu-toolchain/bin/../lib/gcc/avr/5.4.0/../../../../avr/lib/avr51\libm.a(addsf3x.o) (__fp_zero)
c:/program files (x86)/atmel/studio/7.0/toolchain/avr8/avr8-gnu-toolchain/bin/../lib/gcc/avr/5.4.0/../../../../avr/lib/avr51\libm.a(gesf2.o)
                              Libraria/znpid.o (__gtsf2)
c:/program files (x86)/atmel/studio/7.0/toolchain/avr8/avr8-gnu-toolchain/bin/../lib/gcc/avr/5.4.0/../../../../avr/lib/avr51\libm.a(mulsf3.o)
                              Libraria/function.o (__mulsf3)
[...]
Memory Configuration

Name             Origin             Length             Attributes
text             0x00000000         0x00020000         xr
data             0x00800100         0x0000ff00         rw !x
eeprom           0x00810000         0x00010000         rw !x
fuse             0x00820000         0x00000003         rw !x
lock             0x00830000         0x00000400         rw !x
signature        0x00840000         0x00000400         rw !x
user_signatures  0x00850000         0x00000400         rw !x
*default*        0x00000000         0xffffffff

Linker script and memory map

Address of section .data set to 0x800100
LOAD C:/Program Files (x86)/Atmel/Studio/7.0/Packs/atmel/ATmega_DFP/1.3.300/gcc/dev/atmega128/avr51/crtatmega128.o
LOAD Libraria/74hc595.o
LOAD Libraria/atmega128analog.o
LOAD Libraria/atmega128interrupt.o
LOAD Libraria/atmega128mapping.o
LOAD Libraria/atmega128spi.o
LOAD Libraria/atmega128timer.o
LOAD Libraria/atmega128twi.o
LOAD Libraria/atmega128uart.o
LOAD Libraria/atmegaeeprom.o
LOAD Libraria/buffer.o
LOAD Libraria/clock.o
LOAD Libraria/explode.o
LOAD Libraria/function.o
LOAD Libraria/hx711.o
LOAD Libraria/keypad.o
LOAD Libraria/lcd.o
LOAD Libraria/lfsm.o
LOAD Libraria/mm74c923.o
LOAD Libraria/pcf8563rtc.o
LOAD Libraria/rotenc.o
LOAD Libraria/watch.o
LOAD Libraria/znpid.o
LOAD main.o
START GROUP
LOAD c:/program files (x86)/atmel/studio/7.0/toolchain/avr8/avr8-gnu-toolchain/bin/../lib/gcc/avr/5.4.0/../../../../avr/lib/avr51\libm.a
END GROUP
START GROUP
LOAD c:/program files (x86)/atmel/studio/7.0/toolchain/avr8/avr8-gnu-toolchain/bin/../lib/gcc/avr/5.4.0/avr51\libgcc.a
LOAD c:/program files (x86)/atmel/studio/7.0/toolchain/avr8/avr8-gnu-toolchain/bin/../lib/gcc/avr/5.4.0/../../../../avr/lib/avr51\libm.a
LOAD c:/program files (x86)/atmel/studio/7.0/toolchain/avr8/avr8-gnu-toolchain/bin/../lib/gcc/avr/5.4.0/../../../../avr/lib/avr51\libc.a
LOAD C:/Program Files (x86)/Atmel/Studio/7.0/Packs/atmel/ATmega_DFP/1.3.300/gcc/dev/atmega128/avr51\libatmega128.a
END GROUP
                0x00000000                __TEXT_REGION_ORIGIN__ = DEFINED (__TEXT_REGION_ORIGIN__)?__TEXT_REGION_ORIGIN__:0x0
                0x00800100                __DATA_REGION_ORIGIN__ = DEFINED (__DATA_REGION_ORIGIN__)?__DATA_REGION_ORIGIN__:0x800100
                0x00020000                __TEXT_REGION_LENGTH__ = DEFINED (__TEXT_REGION_LENGTH__)?__TEXT_REGION_LENGTH__:0x20000
                0x0000ff00                __DATA_REGION_LENGTH__ = DEFINED (__DATA_REGION_LENGTH__)?__DATA_REGION_LENGTH__:0xff00
                0x00010000                __EEPROM_REGION_LENGTH__ = DEFINED (__EEPROM_REGION_LENGTH__)?__EEPROM_REGION_LENGTH__:0x10000
                [0x00000003]                __FUSE_REGION_LENGTH__ = DEFINED (__FUSE_REGION_LENGTH__)?__FUSE_REGION_LENGTH__:0x400
                0x00000400                __LOCK_REGION_LENGTH__ = DEFINED (__LOCK_REGION_LENGTH__)?__LOCK_REGION_LENGTH__:0x400
                0x00000400                __SIGNATURE_REGION_LENGTH__ = DEFINED (__SIGNATURE_REGION_LENGTH__)?__SIGNATURE_REGION_LENGTH__:0x400
                0x00000400                __USER_SIGNATURE_REGION_LENGTH__ = DEFINED (__USER_SIGNATURE_REGION_LENGTH__)?__USER_SIGNATURE_REGION_LENGTH__:0x400

.hash
 *(.hash)

.dynsym
 *(.dynsym)

.dynstr
 *(.dynstr)

.gnu.version
 *(.gnu.version)

.gnu.version_d
 *(.gnu.version_d)

.gnu.version_r
 *(.gnu.version_r)

.rel.init
 *(.rel.init)

.rela.init
 *(.rela.init)

.rel.text
 *(.rel.text)
 *(.rel.text.*)
 *(.rel.gnu.linkonce.t*)

.rela.text
 *(.rela.text)
 *(.rela.text.*)
 *(.rela.gnu.linkonce.t*)

.rel.fini
 *(.rel.fini)

.rela.fini
 *(.rela.fini)

.rel.rodata
 *(.rel.rodata)
 *(.rel.rodata.*)
 *(.rel.gnu.linkonce.r*)

.rela.rodata
 *(.rela.rodata)
 *(.rela.rodata.*)
 *(.rela.gnu.linkonce.r*)

.rel.data
 *(.rel.data)
 *(.rel.data.*)
 *(.rel.gnu.linkonce.d*)

.rela.data
 *(.rela.data)
 *(.rela.data.*)
 *(.rela.gnu.linkonce.d*)

.rel.ctors
 *(.rel.ctors)

.rela.ctors
 *(.rela.ctors)

.rel.dtors
 *(.rel.dtors)

.rela.dtors
 *(.rela.dtors)

.rel.got
 *(.rel.got)

.rela.got
 *(.rela.got)

.rel.bss
 *(.rel.bss)

.rela.bss
 *(.rela.bss)

.rel.plt
 *(.rel.plt)

.rela.plt
 *(.rela.plt)

.text           0x00000000     0x6238
 *(.vectors)
 .vectors       0x00000000       0x8c C:/Program Files (x86)/Atmel/Studio/7.0/Packs/atmel/ATmega_DFP/1.3.300/gcc/dev/atmega128/avr51/crtatmega128.o
                0x00000000                __vector_default
                0x00000000                __vectors
 *(.vectors)
 *(.progmem.gcc*)
 .progmem.gcc_sw_table.INTERRUPT_set
                0x0000008c       0x10 Libraria/atmega128interrupt.o
 .progmem.gcc_sw_table.INTERRUPT_off
                0x0000009c       0x10 Libraria/atmega128interrupt.o
 .progmem.gcc_sw_table.INTERRUPT_on
                0x000000ac       0x10 Libraria/atmega128interrupt.o
 .progmem.gcc_sw_table.TIMER_COUNTER1enable
                0x000000bc       0x36 Libraria/atmega128timer.o
 .progmem.gcc_sw_table.TIMER_COUNTER3enable
                0x000000f2       0x36 Libraria/atmega128timer.o
 .progmem.gcc_fplib
                0x00000128       0x28 c:/program files (x86)/atmel/studio/7.0/toolchain/avr8/avr8-gnu-toolchain/bin/../lib/gcc/avr/5.4.0/../../../../avr/lib/avr51\libm.a(exp.o)
 .progmem.gcc_fplib
                0x00000150       0x5a c:/program files (x86)/atmel/studio/7.0/toolchain/avr8/avr8-gnu-toolchain/bin/../lib/gcc/avr/5.4.0/../../../../avr/lib/avr51\libm.a(log.o)
                0x000001aa                . = ALIGN (0x2)
                0x000001aa                __trampolines_start = .
 *(.trampolines)
 .trampolines   0x000001aa        0x0 linker stubs
 *(.trampolines*)
                0x000001aa                __trampolines_end = .
 *libprintf_flt.a:*(.progmem.data)
 *libc.a:*(.progmem.data)
 *(.progmem*)
                0x000001aa                . = ALIGN (0x2)
 *(.jumptables)
 *(.jumptables*)
 *(.lowtext)
 *(.lowtext*)
                0x000001aa                __ctors_start = .
 *(.ctors)
                0x000001aa                __ctors_end = .
                0x000001aa                __dtors_start = .
 *(.dtors)
                0x000001aa                __dtors_end = .
 SORT(*)(.ctors)
 SORT(*)(.dtors)
 *(.init0)
 .init0         0x000001aa        0x0 C:/Program Files (x86)/Atmel/Studio/7.0/Packs/atmel/ATmega_DFP/1.3.300/gcc/dev/atmega128/avr51/crtatmega128.o
                0x000001aa                __init
 *(.init0)
 *(.init1)
 *(.init1)
 *(.init2)
 .init2         0x000001aa        0xc C:/Program Files (x86)/Atmel/Studio/7.0/Packs/atmel/ATmega_DFP/1.3.300/gcc/dev/atmega128/avr51/crtatmega128.o
 *(.init2)
 *(.init3)
 *(.init3)
 *(.init4)
 .init4         0x000001b6       0x1a c:/program files (x86)/atmel/studio/7.0/toolchain/avr8/avr8-gnu-toolchain/bin/../lib/gcc/avr/5.4.0/avr51\libgcc.a(_copy_data.o)
                0x000001b6                __do_copy_data
 .init4         0x000001d0       0x10 c:/program files (x86)/atmel/studio/7.0/toolchain/avr8/avr8-gnu-toolchain/bin/../lib/gcc/avr/5.4.0/avr51\libgcc.a(_clear_bss.o)
                0x000001d0                __do_clear_bss
 *(.init4)
 *(.init5)
 *(.init5)
 *(.init6)
 *(.init6)
 *(.init7)
 *(.init7)
 *(.init8)
 *(.init8)
 *(.init9)
 .init9         0x000001e0        0x8 C:/Program Files (x86)/Atmel/Studio/7.0/Packs/atmel/ATmega_DFP/1.3.300/gcc/dev/atmega128/avr51/crtatmega128.o
 *(.init9)
 *(.text)
 .text          0x000001e8        0x2 C:/Program Files (x86)/Atmel/Studio/7.0/Packs/atmel/ATmega_DFP/1.3.300/gcc/dev/atmega128/avr51/crtatmega128.o
                0x000001e8                __vector_22
                0x000001e8                __vector_28
                0x000001e8                __vector_1
                0x000001e8                __vector_32
                0x000001e8                __vector_34
                0x000001e8                __vector_24
                0x000001e8                __vector_12
                0x000001e8                __bad_interrupt
                0x000001e8                __vector_6
                0x000001e8                __vector_3
                0x000001e8                __vector_23
                0x000001e8                __vector_25
                0x000001e8                __vector_11
                0x000001e8                __vector_13
                0x000001e8                __vector_17
                0x000001e8                __vector_7
                0x000001e8                __vector_27
                0x000001e8                __vector_5
                0x000001e8                __vector_33
                0x000001e8                __vector_4
                0x000001e8                __vector_9
                0x000001e8                __vector_2
                0x000001e8                __vector_29
                0x000001e8                __vector_8
                0x000001e8                __vector_26
                0x000001e8                __vector_14
                0x000001e8                __vector_10
                0x000001e8                __vector_16
                0x000001e8                __vector_20
                0x000001ea                . = ALIGN (0x2)
 *(.text.*)
 .text.HC595_shift_bit
                0x000001ea       0x8a Libraria/74hc595.o
                0x000001ea                HC595_shift_bit
 .text.HC595_shift_out
                0x00000274       0x42 Libraria/74hc595.o
                0x00000274                HC595_shift_out
 .text.HC595_shift_byte
                0x000002b6       0x3c Libraria/74hc595.o
                0x000002b6                HC595_shift_byte
 .text.HC595enable
                0x000002f2       0xa8 Libraria/74hc595.o
                0x000002f2                HC595enable
 .text.ANALOG_read
                0x0000039a       0x22 Libraria/atmega128analog.o
                0x0000039a                ANALOG_read
 .text.ANALOGenable
                0x000003bc      0x248 Libraria/atmega128analog.o
                0x000003bc                ANALOGenable
 .text.__vector_21
                0x00000604      0x124 Libraria/atmega128analog.o
                0x00000604                __vector_21
 .text.INTERRUPT_reset_status
                0x00000728       0x58 Libraria/atmega128interrupt.o
                0x00000728                INTERRUPT_reset_status
 .text.INTERRUPT_set
                0x00000780      0x338 Libraria/atmega128interrupt.o
                0x00000780                INTERRUPT_set
 .text.INTERRUPT_off
                0x00000ab8       0xa0 Libraria/atmega128interrupt.o
                0x00000ab8                INTERRUPT_off
 .text.INTERRUPT_on
                0x00000b58      0x124 Libraria/atmega128interrupt.o
                0x00000b58                INTERRUPT_on
 .text.INTERRUPTenable
                0x00000c7c       0x74 Libraria/atmega128interrupt.o
                0x00000c7c                INTERRUPTenable
 .text.ReadHLByte
                0x00000cf0       0x10 Libraria/atmega128mapping.o
                0x00000cf0                ReadHLByte
 .text.ReadLHByte
                0x00000d00       0x10 Libraria/atmega128mapping.o
                0x00000d00                ReadLHByte
 .text.WriteHLByte
                0x00000d10        0x2 Libraria/atmega128mapping.o
                0x00000d10                WriteHLByte
 .text.WriteLHByte
                0x00000d12        0x8 Libraria/atmega128mapping.o
                0x00000d12                WriteLHByte
 .text.SwapByte
                0x00000d1a        0x8 Libraria/atmega128mapping.o
                0x00000d1a                SwapByte
 .text.ATMEGA128enable
                0x00000d22      0x164 Libraria/atmega128mapping.o
                0x00000d22                ATMEGA128enable
 .text.spi_transfer_sync
                0x00000e86       0x5c Libraria/atmega128spi.o
                0x00000e86                spi_transfer_sync
 .text.spi_transmit_sync
                0x00000ee2       0x42 Libraria/atmega128spi.o
                0x00000ee2                spi_transmit_sync
 .text.spi_fast_shift
                0x00000f24       0x1c Libraria/atmega128spi.o
                0x00000f24                spi_fast_shift
 .text.SPIenable
                0x00000f40      0x2d4 Libraria/atmega128spi.o
                0x00000f40                SPIenable
 .text.TIMER_COUNTER0_start
                0x00001214       0xd4 Libraria/atmega128timer.o
                0x00001214                TIMER_COUNTER0_start
 .text.TIMER_COUNTER0_compoutmode
                0x000012e8       0x6e Libraria/atmega128timer.o
                0x000012e8                TIMER_COUNTER0_compoutmode
 .text.TIMER_COUNTER0_compare
                0x00001356        0xc Libraria/atmega128timer.o
                0x00001356                TIMER_COUNTER0_compare
 .text.TIMER_COUNTER0_stop
                0x00001362       0x16 Libraria/atmega128timer.o
                0x00001362                TIMER_COUNTER0_stop
 .text.TIMER_COUNTER1_start
                0x00001378       0xd0 Libraria/atmega128timer.o
                0x00001378                TIMER_COUNTER1_start
 .text.TIMER_COUNTER1_compoutmodeA
                0x00001448       0x80 Libraria/atmega128timer.o
                0x00001448                TIMER_COUNTER1_compoutmodeA
 .text.TIMER_COUNTER1_compoutmodeB
                0x000014c8       0x80 Libraria/atmega128timer.o
                0x000014c8                TIMER_COUNTER1_compoutmodeB
 .text.TIMER_COUNTER1_compoutmodeC
                0x00001548       0x80 Libraria/atmega128timer.o
                0x00001548                TIMER_COUNTER1_compoutmodeC
 .text.TIMER_COUNTER1_compareA
                0x000015c8       0x20 Libraria/atmega128timer.o
                0x000015c8                TIMER_COUNTER1_compareA
 .text.TIMER_COUNTER1_compareB
                0x000015e8       0x20 Libraria/atmega128timer.o
                0x000015e8                TIMER_COUNTER1_compareB
 .text.TIMER_COUNTER1_compareC
                0x00001608       0x20 Libraria/atmega128timer.o
                0x00001608                TIMER_COUNTER1_compareC
 .text.TIMER_COUNTER1_stop
                0x00001628       0x16 Libraria/atmega128timer.o
                0x00001628                TIMER_COUNTER1_stop
 .text.TIMER_COUNTER2_start
                0x0000163e       0xd0 Libraria/atmega128timer.o
                0x0000163e                TIMER_COUNTER2_start
 .text.TIMER_COUNTER2_compoutmode
                0x0000170e       0x80 Libraria/atmega128timer.o
                0x0000170e                TIMER_COUNTER2_compoutmode
 .text.TIMER_COUNTER2_compare
                0x0000178e        0xc Libraria/atmega128timer.o
                0x0000178e                TIMER_COUNTER2_compare
 .text.TIMER_COUNTER2_stop
                0x0000179a       0x16 Libraria/atmega128timer.o
                0x0000179a                TIMER_COUNTER2_stop
 .text.TIMER_COUNTER3_start
                0x000017b0       0xb8 Libraria/atmega128timer.o
                0x000017b0                TIMER_COUNTER3_start
 .text.TIMER_COUNTER3_compoutmodeA
                0x00001868       0x90 Libraria/atmega128timer.o
                0x00001868                TIMER_COUNTER3_compoutmodeA
 .text.TIMER_COUNTER3_compoutmodeB
                0x000018f8       0x90 Libraria/atmega128timer.o
                0x000018f8                TIMER_COUNTER3_compoutmodeB
 .text.TIMER_COUNTER3_compoutmodeC
                0x00001988       0x90 Libraria/atmega128timer.o
                0x00001988                TIMER_COUNTER3_compoutmodeC
 .text.TIMER_COUNTER3_compareA
                0x00001a18       0x24 Libraria/atmega128timer.o
                0x00001a18                TIMER_COUNTER3_compareA
 .text.TIMER_COUNTER3_compareB
                0x00001a3c       0x24 Libraria/atmega128timer.o
                0x00001a3c                TIMER_COUNTER3_compareB
 .text.TIMER_COUNTER3_compareC
                0x00001a60       0x24 Libraria/atmega128timer.o
                0x00001a60                TIMER_COUNTER3_compareC
 .text.TIMER_COUNTER3_stop
                0x00001a84       0x1a Libraria/atmega128timer.o
                0x00001a84                TIMER_COUNTER3_stop
 .text.TIMER_COUNTER0enable
                0x00001a9e      0x170 Libraria/atmega128timer.o
                0x00001a9e                TIMER_COUNTER0enable
 .text.TIMER_COUNTER1enable
                0x00001c0e      0x4ce Libraria/atmega128timer.o
                0x00001c0e                TIMER_COUNTER1enable
 .text.TIMER_COUNTER2enable
                0x000020dc      0x170 Libraria/atmega128timer.o
                0x000020dc                TIMER_COUNTER2enable
 .text.TIMER_COUNTER3enable
                0x0000224c      0x3ac Libraria/atmega128timer.o
                0x0000224c                TIMER_COUNTER3enable
 .text.TWI_status
                0x000025f8        0xe Libraria/atmega128twi.o
                0x000025f8                TWI_status
 .text.TWI_stop
                0x00002606       0x1a Libraria/atmega128twi.o
                0x00002606                TWI_stop
 .text.TWI_init
                0x00002620       0xca Libraria/atmega128twi.o
                0x00002620                TWI_init
 .text.TWIenable
                0x000026ea       0x94 Libraria/atmega128twi.o
                0x000026ea                TWIenable
 .text.TWI_wait_twint
                0x0000277e       0x20 Libraria/atmega128twi.o
                0x0000277e                TWI_wait_twint
 .text.TWI_start
                0x0000279e       0x1c Libraria/atmega128twi.o
                0x0000279e                TWI_start
 .text.TWI_connect
                0x000027ba       0x36 Libraria/atmega128twi.o
                0x000027ba                TWI_connect
 .text.TWI_master_write
                0x000027f0       0x26 Libraria/atmega128twi.o
                0x000027f0                TWI_master_write
 .text.TWI_master_read
                0x00002816       0x30 Libraria/atmega128twi.o
                0x00002816                TWI_master_read
 .text.uart0_gets
                0x00002846       0x10 Libraria/atmega128uart.o
                0x00002846                uart0_gets
 .text.uart0_rxflush
                0x00002856       0x10 Libraria/atmega128uart.o
                0x00002856                uart0_rxflush
 .text.uart1_gets
                0x00002866       0x10 Libraria/atmega128uart.o
                0x00002866                uart1_gets
 .text.uart1_rxflush
                0x00002876       0x10 Libraria/atmega128uart.o
                0x00002876                uart1_rxflush
 .text.uart0_read
                0x00002886       0x16 Libraria/atmega128uart.o
                0x00002886                uart0_read
 .text.uart0_getch
                0x0000289c        0x4 Libraria/atmega128uart.o
                0x0000289c                uart0_getch
 .text.uart0_write
                0x000028a0       0x26 Libraria/atmega128uart.o
                0x000028a0                uart0_write
 .text.uart0_putch
                0x000028c6        0x4 Libraria/atmega128uart.o
                0x000028c6                uart0_putch
 .text.uart1_read
                0x000028ca       0x16 Libraria/atmega128uart.o
                0x000028ca                uart1_read
 .text.uart1_getch
                0x000028e0        0x4 Libraria/atmega128uart.o
                0x000028e0                uart1_getch
 .text.uart1_write
                0x000028e4       0x26 Libraria/atmega128uart.o
                0x000028e4                uart1_write
 .text.uart1_putch
                0x0000290a        0x4 Libraria/atmega128uart.o
                0x0000290a                uart1_putch
 .text.uart1_puts
                0x0000290e       0x1c Libraria/atmega128uart.o
                0x0000290e                uart1_puts
 .text.uart0_puts
                0x0000292a       0x1c Libraria/atmega128uart.o
                0x0000292a                uart0_puts
 .text.UART0enable
                0x00002946      0x324 Libraria/atmega128uart.o
                0x00002946                UART0enable
 .text.UART1enable
                0x00002c6a      0x2ec Libraria/atmega128uart.o
                0x00002c6a                UART1enable
 .text.__vector_18
                0x00002f56       0x70 Libraria/atmega128uart.o
                0x00002f56                __vector_18
 .text.__vector_19
                0x00002fc6       0x36 Libraria/atmega128uart.o
                0x00002fc6                __vector_19
 .text.__vector_30
                0x00002ffc       0x70 Libraria/atmega128uart.o
                0x00002ffc                __vector_30
 .text.__vector_31
                0x0000306c       0x36 Libraria/atmega128uart.o
                0x0000306c                __vector_31
 .text.BUFF_push
                0x000030a2       0x36 Libraria/buffer.o
                0x000030a2                BUFF_push
 .text.BUFF_raw
                0x000030d8        0x8 Libraria/buffer.o
                0x000030d8                BUFF_raw
 .text.BUFF_flush
                0x000030e0       0x14 Libraria/buffer.o
                0x000030e0                BUFF_flush
 .text.BUFFenable
                0x000030f4       0x34 Libraria/buffer.o
                0x000030f4                BUFFenable
 .text.FUNCswap
                0x00003128       0x42 Libraria/function.o
                0x00003128                FUNCswap
 .text.FUNCcopy
                0x0000316a       0x1c Libraria/function.o
                0x0000316a                FUNCcopy
 .text.FUNCsqueeze
                0x00003186       0x44 Libraria/function.o
                0x00003186                FUNCsqueeze
 .text.FUNCshellsort
                0x000031ca      0x14c Libraria/function.o
                0x000031ca                FUNCshellsort
 .text.FUNCpmax
                0x00003316        0xa Libraria/function.o
                0x00003316                FUNCpmax
 .text.FUNCgcd  0x00003320       0x1e Libraria/function.o
                0x00003320                FUNCgcd
 .text.FUNCstrToInt
                0x0000333e       0x48 Libraria/function.o
                0x0000333e                FUNCstrToInt
 .text.FUNCfilter
                0x00003386        0x4 Libraria/function.o
                0x00003386                FUNCfilter
 .text.FUNCticks
                0x0000338a       0x14 Libraria/function.o
                0x0000338a                FUNCticks
 .text.FUNCtwocomptoint8bit
                0x0000339e       0x1a Libraria/function.o
                0x0000339e                FUNCtwocomptoint8bit
 .text.FUNCtwocomptoint10bit
                0x000033b8       0x18 Libraria/function.o
                0x000033b8                FUNCtwocomptoint10bit
 .text.FUNCtwocomptointnbit
                0x000033d0       0x30 Libraria/function.o
                0x000033d0                FUNCtwocomptointnbit
 .text.FUNCdec2bcd
                0x00003400       0x26 Libraria/function.o
                0x00003400                FUNCdec2bcd
 .text.FUNCbcd2dec
                0x00003426       0x16 Libraria/function.o
                0x00003426                FUNCbcd2dec
 .text.FUNCresizestr
                0x0000343c       0x5a Libraria/function.o
                0x0000343c                FUNCresizestr
 .text.FUNCtrimmer
                0x00003496       0x82 Libraria/function.o
                0x00003496                FUNCtrimmer
 .text.StringLength
                0x00003518       0x1e Libraria/function.o
                0x00003518                StringLength
 .text.FUNCtrim
                0x00003536       0x36 Libraria/function.o
                0x00003536                FUNCtrim
 .text.Reverse  0x0000356c       0x3a Libraria/function.o
                0x0000356c                Reverse
 .text.FUNCi32toa
                0x000035a6       0xb6 Libraria/function.o
                0x000035a6                FUNCi32toa
 .text.FUNCi16toa
                0x0000365c       0x72 Libraria/function.o
                0x0000365c                FUNCi16toa
 .text.FUNCui16toa
                0x000036ce       0xd4 Libraria/function.o
                0x000036ce                FUNCui16toa
 .text.FUNCbcd2bin
                0x000037a2       0x16 Libraria/function.o
                0x000037a2                FUNCbcd2bin
 .text.FUNCbin2bcd
                0x000037b8       0x42 Libraria/function.o
                0x000037b8                FUNCbin2bcd
 .text.FUNCgcd1
                0x000037fa       0xa0 Libraria/function.o
                0x000037fa                FUNCgcd1
 .text.FUNCpincheck
                0x0000389a       0x10 Libraria/function.o
                0x0000389a                FUNCpincheck
 .text.FUNCprint_binary
                0x000038aa       0x56 Libraria/function.o
                0x000038aa                FUNCprint_binary
 .text.FUNCdectohex
                0x00003900       0xa4 Libraria/function.o
                0x00003900                FUNCdectohex
 .text.FUNCReadHLByte
                0x000039a4       0x10 Libraria/function.o
                0x000039a4                FUNCReadHLByte
 .text.FUNCReadLHByte
                0x000039b4       0x10 Libraria/function.o
                0x000039b4                FUNCReadLHByte
 .text.FUNCWriteHLByte
                0x000039c4        0x8 Libraria/function.o
                0x000039c4                FUNCWriteHLByte
 .text.FUNCWriteLHByte
                0x000039cc        0x2 Libraria/function.o
                0x000039cc                FUNCWriteLHByte
 .text.FUNCSwapByte
                0x000039ce        0x8 Libraria/function.o
                0x000039ce                FUNCSwapByte
 .text.FUNCmayia
                0x000039d6       0x6a Libraria/function.o
                0x000039d6                FUNCmayia
 .text.FUNCprint
                0x00003a40       0x36 Libraria/function.o
                0x00003a40                FUNCprint
 .text.FUNCenable
                0x00003a76      0x13c Libraria/function.o
                0x00003a76                FUNCenable
 .text.FUNCintinvstr
                0x00003bb2       0xb4 Libraria/function.o
                0x00003bb2                FUNCintinvstr
 .text.FUNCftoa
                0x00003c66      0x156 Libraria/function.o
                0x00003c66                FUNCftoa
 .text.KEYPAD_data
                0x00003dbc       0x40 Libraria/keypad.o
                0x00003dbc                KEYPAD_data
 .text.KEYPAD_flush
                0x00003dfc       0x1a Libraria/keypad.o
                0x00003dfc                KEYPAD_flush
 .text.KEYPAD_getkey
                0x00003e16      0x25a Libraria/keypad.o
                0x00003e16                KEYPAD_getkey
 .text.KEYPAD_read
                0x00004070       0x94 Libraria/keypad.o
                0x00004070                KEYPAD_read
 .text.KEYPADenable
                0x00004104       0xb2 Libraria/keypad.o
                0x00004104                KEYPADenable
 .text.LCD0_strobe
                0x000041b6       0x1e Libraria/lcd.o
                0x000041b6                LCD0_strobe
 .text.LCD0_write
                0x000041d4      0x19c Libraria/lcd.o
                0x000041d4                LCD0_write
 .text.LCD0_clear
                0x00004370       0x16 Libraria/lcd.o
                0x00004370                LCD0_clear
 .text.LCD0_read
                0x00004386      0x10e Libraria/lcd.o
                0x00004386                LCD0_read
 .text.LCD0_BF  0x00004494       0x1c Libraria/lcd.o
                0x00004494                LCD0_BF
 .text.LCD0_putch
                0x000044b0        0xa Libraria/lcd.o
                0x000044b0                LCD0_putch
 .text.LCD0_string
                0x000044ba       0x1c Libraria/lcd.o
                0x000044ba                LCD0_string
 .text.LCD0_string_size
                0x000044d6       0x52 Libraria/lcd.o
                0x000044d6                LCD0_string_size
 .text.LCD0_hspace
                0x00004528       0x14 Libraria/lcd.o
                0x00004528                LCD0_hspace
 .text.LCD0_gotoxy
                0x0000453c       0x4e Libraria/lcd.o
                0x0000453c                LCD0_gotoxy
 .text.LCD0_inic
                0x0000458a       0xd0 Libraria/lcd.o
                0x0000458a                LCD0_inic
 .text.LCD0enable
                0x0000465a       0xa0 Libraria/lcd.o
                0x0000465a                LCD0enable
 .text.LCD0_reboot
                0x000046fa       0x22 Libraria/lcd.o
                0x000046fa                LCD0_reboot
 .text.LCD0_getch
                0x0000471c       0x12 Libraria/lcd.o
                0x0000471c                LCD0_getch
 .text.ZNPID_set_kc
                0x0000472e        0xc Libraria/znpid.o
                0x0000472e                ZNPID_set_kc
 .text.ZNPID_set_ki
                0x0000473a        0xc Libraria/znpid.o
                0x0000473a                ZNPID_set_ki
 .text.ZNPID_set_kd
                0x00004746        0xc Libraria/znpid.o
                0x00004746                ZNPID_set_kd
 .text.ZNPID_set_SP
                0x00004752        0xc Libraria/znpid.o
                0x00004752                ZNPID_set_SP
 .text.ZNPIDenable
                0x0000475e       0x8e Libraria/znpid.o
                0x0000475e                ZNPIDenable
 .text.integral
                0x000047ec       0x72 Libraria/znpid.o
                0x000047ec                integral
 .text.ZNPID_output
                0x0000485e      0x238 Libraria/znpid.o
                0x0000485e                ZNPID_output
 .text.PORTINIT
                0x00004a96       0x12 main.o
                0x00004a96                PORTINIT
 .text.main     0x00004aa8      0x828 main.o
                0x00004aa8                main
 .text.__vector_15
                0x000052d0      0x130 main.o
                0x000052d0                __vector_15
 .text.avr-libc.fplib
                0x00005400        0xa c:/program files (x86)/atmel/studio/7.0/toolchain/avr8/avr8-gnu-toolchain/bin/../lib/gcc/avr/5.4.0/../../../../avr/lib/avr51\libm.a(addsf3.o)
                0x00005400                __subsf3
                0x00005402                __addsf3
 .text.avr-libc.fplib
                0x0000540a       0xc0 c:/program files (x86)/atmel/studio/7.0/toolchain/avr8/avr8-gnu-toolchain/bin/../lib/gcc/avr/5.4.0/../../../../avr/lib/avr51\libm.a(addsf3x.o)
                0x00005424                __addsf3x
 .text.avr-libc.fplib
                0x000054ca        0x8 c:/program files (x86)/atmel/studio/7.0/toolchain/avr8/avr8-gnu-toolchain/bin/../lib/gcc/avr/5.4.0/../../../../avr/lib/avr51\libm.a(cmpsf2.o)
                0x000054ca                __nesf2
                0x000054ca                __eqsf2
                0x000054ca                __cmpsf2
                0x000054ca                __ltsf2
                0x000054ca                __lesf2
 .text.avr-libc.fplib
                0x000054d2        0x4 c:/program files (x86)/atmel/studio/7.0/toolchain/avr8/avr8-gnu-toolchain/bin/../lib/gcc/avr/5.4.0/../../../../avr/lib/avr51\libm.a(divsf3.o)
                0x000054d2                __divsf3
 .text.avr-libc.fplib
                0x000054d6       0xcc c:/program files (x86)/atmel/studio/7.0/toolchain/avr8/avr8-gnu-toolchain/bin/../lib/gcc/avr/5.4.0/../../../../avr/lib/avr51\libm.a(divsf3x.o)
                0x000054ec                __divsf3x
                0x000054f0                __divsf3_pse
 .text.avr-libc.fplib
                0x000055a2        0xa c:/program files (x86)/atmel/studio/7.0/toolchain/avr8/avr8-gnu-toolchain/bin/../lib/gcc/avr/5.4.0/../../../../avr/lib/avr51\libm.a(fixsfsi.o)
                0x000055a2                __fixsfsi
 .text.avr-libc.fplib
                0x000055ac       0x58 c:/program files (x86)/atmel/studio/7.0/toolchain/avr8/avr8-gnu-toolchain/bin/../lib/gcc/avr/5.4.0/../../../../avr/lib/avr51\libm.a(fixunssfsi.o)
                0x000055ac                __fixunssfsi
 .text.avr-libc.fplib
                0x00005604       0x7a c:/program files (x86)/atmel/studio/7.0/toolchain/avr8/avr8-gnu-toolchain/bin/../lib/gcc/avr/5.4.0/../../../../avr/lib/avr51\libm.a(floatsisf.o)
                0x00005604                __floatunsisf
                0x00005608                __floatsisf
 .text.avr-libc.fplib
                0x0000567e       0x48 c:/program files (x86)/atmel/studio/7.0/toolchain/avr8/avr8-gnu-toolchain/bin/../lib/gcc/avr/5.4.0/../../../../avr/lib/avr51\libm.a(fp_cmp.o)
                0x0000567e                __fp_cmp
 .text.avr-libc.fplib
                0x000056c6        0xc c:/program files (x86)/atmel/studio/7.0/toolchain/avr8/avr8-gnu-toolchain/bin/../lib/gcc/avr/5.4.0/../../../../avr/lib/avr51\libm.a(fp_inf.o)
                0x000056c6                __fp_inf
 .text.avr-libc.fplib
                0x000056d2        0x6 c:/program files (x86)/atmel/studio/7.0/toolchain/avr8/avr8-gnu-toolchain/bin/../lib/gcc/avr/5.4.0/../../../../avr/lib/avr51\libm.a(fp_nan.o)
                0x000056d2                __fp_nan
 .text.avr-libc.fplib
                0x000056d8        0xe c:/program files (x86)/atmel/studio/7.0/toolchain/avr8/avr8-gnu-toolchain/bin/../lib/gcc/avr/5.4.0/../../../../avr/lib/avr51\libm.a(fp_pscA.o)
                0x000056d8                __fp_pscA
 .text.avr-libc.fplib
                0x000056e6        0xe c:/program files (x86)/atmel/studio/7.0/toolchain/avr8/avr8-gnu-toolchain/bin/../lib/gcc/avr/5.4.0/../../../../avr/lib/avr51\libm.a(fp_pscB.o)
                0x000056e6                __fp_pscB
 .text.avr-libc.fplib
                0x000056f4       0x22 c:/program files (x86)/atmel/studio/7.0/toolchain/avr8/avr8-gnu-toolchain/bin/../lib/gcc/avr/5.4.0/../../../../avr/lib/avr51\libm.a(fp_round.o)
                0x000056f4                __fp_round
 .text.avr-libc.fplib
                0x00005716       0x44 c:/program files (x86)/atmel/studio/7.0/toolchain/avr8/avr8-gnu-toolchain/bin/../lib/gcc/avr/5.4.0/../../../../avr/lib/avr51\libm.a(fp_split3.o)
                0x00005716                __fp_split3
                0x00005726                __fp_splitA
 .text.avr-libc.fplib
                0x0000575a        0xe c:/program files (x86)/atmel/studio/7.0/toolchain/avr8/avr8-gnu-toolchain/bin/../lib/gcc/avr/5.4.0/../../../../avr/lib/avr51\libm.a(fp_zero.o)
                0x0000575a                __fp_zero
                0x0000575c                __fp_szero
 .text.avr-libc.fplib
                0x00005768        0x8 c:/program files (x86)/atmel/studio/7.0/toolchain/avr8/avr8-gnu-toolchain/bin/../lib/gcc/avr/5.4.0/../../../../avr/lib/avr51\libm.a(gesf2.o)
                0x00005768                __gesf2
                0x00005768                __gtsf2
 .text.avr-libc.fplib
                0x00005770        0x4 c:/program files (x86)/atmel/studio/7.0/toolchain/avr8/avr8-gnu-toolchain/bin/../lib/gcc/avr/5.4.0/../../../../avr/lib/avr51\libm.a(mulsf3.o)
                0x00005770                __mulsf3
 .text.avr-libc.fplib
                0x00005774       0xc2 c:/program files (x86)/atmel/studio/7.0/toolchain/avr8/avr8-gnu-toolchain/bin/../lib/gcc/avr/5.4.0/../../../../avr/lib/avr51\libm.a(mulsf3x.o)
                0x00005788                __mulsf3x
                0x0000578c                __mulsf3_pse
 .text.avr-libc.fplib
                0x00005836       0x98 c:/program files (x86)/atmel/studio/7.0/toolchain/avr8/avr8-gnu-toolchain/bin/../lib/gcc/avr/5.4.0/../../../../avr/lib/avr51\libm.a(pow.o)
                0x00005836                pow
 .text.avr-libc.fplib
                0x000058ce       0x62 c:/program files (x86)/atmel/studio/7.0/toolchain/avr8/avr8-gnu-toolchain/bin/../lib/gcc/avr/5.4.0/../../../../avr/lib/avr51\libm.a(exp.o)
                0x000058d8                exp
 .text.avr-libc.fplib
                0x00005930       0x4a c:/program files (x86)/atmel/studio/7.0/toolchain/avr8/avr8-gnu-toolchain/bin/../lib/gcc/avr/5.4.0/../../../../avr/lib/avr51\libm.a(fp_powser.o)
                0x00005930                __fp_powser
 .text.avr-libc.fplib
                0x0000597a        0xe c:/program files (x86)/atmel/studio/7.0/toolchain/avr8/avr8-gnu-toolchain/bin/../lib/gcc/avr/5.4.0/../../../../avr/lib/avr51\libm.a(inverse.o)
                0x0000597a                inverse
 .text.avr-libc.fplib
                0x00005988       0x6c c:/program files (x86)/atmel/studio/7.0/toolchain/avr8/avr8-gnu-toolchain/bin/../lib/gcc/avr/5.4.0/../../../../avr/lib/avr51\libm.a(ldexp.o)
                0x0000598c                ldexp
 .text.avr-libc.fplib
                0x000059f4       0x8a c:/program files (x86)/atmel/studio/7.0/toolchain/avr8/avr8-gnu-toolchain/bin/../lib/gcc/avr/5.4.0/../../../../avr/lib/avr51\libm.a(log.o)
                0x000059fe                log
 .text.avr-libc.fplib
                0x00005a7e       0x66 c:/program files (x86)/atmel/studio/7.0/toolchain/avr8/avr8-gnu-toolchain/bin/../lib/gcc/avr/5.4.0/../../../../avr/lib/avr51\libm.a(modf.o)
                0x00005a7e                modf
                0x00005a7e                modff
 .text.avr-libc.fplib
                0x00005ae4       0x1c c:/program files (x86)/atmel/studio/7.0/toolchain/avr8/avr8-gnu-toolchain/bin/../lib/gcc/avr/5.4.0/../../../../avr/lib/avr51\libm.a(fp_mpack.o)
                0x00005ae4                __fp_mpack
                0x00005ae8                __fp_mpack_finite
 .text.libgcc.mul
                0x00005b00       0x1e c:/program files (x86)/atmel/studio/7.0/toolchain/avr8/avr8-gnu-toolchain/bin/../lib/gcc/avr/5.4.0/avr51\libgcc.a(_mulsi3.o)
                0x00005b00                __mulsi3
 .text.libgcc.div
                0x00005b1e       0x28 c:/program files (x86)/atmel/studio/7.0/toolchain/avr8/avr8-gnu-toolchain/bin/../lib/gcc/avr/5.4.0/avr51\libgcc.a(_udivmodhi4.o)
                0x00005b1e                __udivmodhi4
 .text.libgcc.div
                0x00005b46       0x26 c:/program files (x86)/atmel/studio/7.0/toolchain/avr8/avr8-gnu-toolchain/bin/../lib/gcc/avr/5.4.0/avr51\libgcc.a(_divmodhi4.o)
                0x00005b46                _div
                0x00005b46                __divmodhi4
 .text.libgcc.div
                0x00005b6c       0x44 c:/program files (x86)/atmel/studio/7.0/toolchain/avr8/avr8-gnu-toolchain/bin/../lib/gcc/avr/5.4.0/avr51\libgcc.a(_udivmodsi4.o)
                0x00005b6c                __udivmodsi4
 .text.libgcc.div
                0x00005bb0       0x28 c:/program files (x86)/atmel/studio/7.0/toolchain/avr8/avr8-gnu-toolchain/bin/../lib/gcc/avr/5.4.0/avr51\libgcc.a(_divmodsi4.o)
                0x00005bb0                __divmodsi4
 .text.libgcc.div
                0x00005bd8       0x10 c:/program files (x86)/atmel/studio/7.0/toolchain/avr8/avr8-gnu-toolchain/bin/../lib/gcc/avr/5.4.0/avr51\libgcc.a(_negsi2.o)
                0x00005bd8                __negsi2
 .text.libgcc   0x00005be8       0x12 c:/program files (x86)/atmel/studio/7.0/toolchain/avr8/avr8-gnu-toolchain/bin/../lib/gcc/avr/5.4.0/avr51\libgcc.a(_tablejump2.o)
                0x00005be8                __tablejump2__
 .text.libgcc.mul
                0x00005bfa       0x1e c:/program files (x86)/atmel/studio/7.0/toolchain/avr8/avr8-gnu-toolchain/bin/../lib/gcc/avr/5.4.0/avr51\libgcc.a(_umulhisi3.o)
                0x00005bfa                __umulhisi3
 .text.libgcc.mul
                0x00005c18       0x14 c:/program files (x86)/atmel/studio/7.0/toolchain/avr8/avr8-gnu-toolchain/bin/../lib/gcc/avr/5.4.0/avr51\libgcc.a(_muluhisi3.o)
                0x00005c18                __muluhisi3
 .text.avr-libc
                0x00005c2c       0x12 c:/program files (x86)/atmel/studio/7.0/toolchain/avr8/avr8-gnu-toolchain/bin/../lib/gcc/avr/5.4.0/../../../../avr/lib/avr51\libc.a(strcmp.o)
                0x00005c2c                strcmp
 .text.avr-libc
                0x00005c3e        0xe c:/program files (x86)/atmel/studio/7.0/toolchain/avr8/avr8-gnu-toolchain/bin/../lib/gcc/avr/5.4.0/../../../../avr/lib/avr51\libc.a(strcpy.o)
                0x00005c3e                strcpy
 .text.avr-libc
                0x00005c4c       0x1e c:/program files (x86)/atmel/studio/7.0/toolchain/avr8/avr8-gnu-toolchain/bin/../lib/gcc/avr/5.4.0/../../../../avr/lib/avr51\libc.a(strncpy.o)
                0x00005c4c                strncpy
 .text.avr-libc
                0x00005c6a       0x70 c:/program files (x86)/atmel/studio/7.0/toolchain/avr8/avr8-gnu-toolchain/bin/../lib/gcc/avr/5.4.0/../../../../avr/lib/avr51\libc.a(vsnprintf.o)
                0x00005c6a                vsnprintf
 .text.avr-libc
                0x00005cda      0x3fa c:/program files (x86)/atmel/studio/7.0/toolchain/avr8/avr8-gnu-toolchain/bin/../lib/gcc/avr/5.4.0/../../../../avr/lib/avr51\libc.a(vfprintf_std.o)
                0x00005cda                vfprintf
 .text.avr-libc
                0x000060d4       0x16 c:/program files (x86)/atmel/studio/7.0/toolchain/avr8/avr8-gnu-toolchain/bin/../lib/gcc/avr/5.4.0/../../../../avr/lib/avr51\libc.a(strnlen_P.o)
                0x000060d4                strnlen_P
 .text.avr-libc
                0x000060ea       0x16 c:/program files (x86)/atmel/studio/7.0/toolchain/avr8/avr8-gnu-toolchain/bin/../lib/gcc/avr/5.4.0/../../../../avr/lib/avr51\libc.a(strnlen.o)
                0x000060ea                strnlen
 .text.avr-libc
                0x00006100       0x78 c:/program files (x86)/atmel/studio/7.0/toolchain/avr8/avr8-gnu-toolchain/bin/../lib/gcc/avr/5.4.0/../../../../avr/lib/avr51\libc.a(fputc.o)
                0x00006100                fputc
 .text.avr-libc
                0x00006178       0xbc c:/program files (x86)/atmel/studio/7.0/toolchain/avr8/avr8-gnu-toolchain/bin/../lib/gcc/avr/5.4.0/../../../../avr/lib/avr51\libc.a(ultoa_invert.o)
                0x00006178                __ultoa_invert
                0x00006234                . = ALIGN (0x2)
 *(.fini9)
 .fini9         0x00006234        0x0 c:/program files (x86)/atmel/studio/7.0/toolchain/avr8/avr8-gnu-toolchain/bin/../lib/gcc/avr/5.4.0/avr51\libgcc.a(_exit.o)
                0x00006234                _exit
                0x00006234                exit
 *(.fini9)
 *(.fini8)
 *(.fini8)
 *(.fini7)
 *(.fini7)
 *(.fini6)
 *(.fini6)
 *(.fini5)
 *(.fini5)
 *(.fini4)
 *(.fini4)
 *(.fini3)
 *(.fini3)
 *(.fini2)
 *(.fini2)
 *(.fini1)
 *(.fini1)
 *(.fini0)
 .fini0         0x00006234        0x4 c:/program files (x86)/atmel/studio/7.0/toolchain/avr8/avr8-gnu-toolchain/bin/../lib/gcc/avr/5.4.0/avr51\libgcc.a(_exit.o)
 *(.fini0)
                0x00006238                _etext = .

.data           0x00800100       0x52 load address 0x00006238
                0x00800100                PROVIDE (__data_start, .)
 *(.data)
 *(.data*)
 .data.keypadvalue
                0x00800100       0x10 Libraria/keypad.o
                0x00800100                keypadvalue
 *(.gnu.linkonce.d*)
 *(.rodata)
 *(.rodata*)
 .rodata.str1.1
                0x00800110       0x42 main.o
 *(.gnu.linkonce.r*)
                0x00800152                . = ALIGN (0x2)
                0x00800152                _edata = .
                0x00800152                PROVIDE (__data_end, .)

.bss            0x00800152      0x2bc
                0x00800152                PROVIDE (__bss_start, .)
 *(.bss)
 *(.bss*)
 .bss.adc_n_sample
                0x00800152        0x1 Libraria/atmega128analog.o
 .bss.adc_sample
                0x00800153        0x2 Libraria/atmega128analog.o
 .bss.ADC_SELECTOR
                0x00800155        0x2 Libraria/atmega128analog.o
 .bss.ADC_CHANNEL_GAIN
                0x00800157       0x40 Libraria/atmega128analog.o
 .bss.ADC_VALUE
                0x00800197       0x40 Libraria/atmega128analog.o
 .bss.FUNCstr   0x008001d7       0x60 Libraria/function.o
 .bss.endstr    0x00800237        0x2 Libraria/keypad.o
                0x00800237                endstr
 .bss.ptr       0x00800239        0x2 main.o
                0x00800239                ptr
 .bss.increment
                0x0080023b        0x1 main.o
                0x0080023b                increment
 .bss.count     0x0080023c        0x1 main.o
                0x0080023c                count
 *(COMMON)
 COMMON         0x0080023d        0x7 Libraria/74hc595.o
                0x0080023d                hc595_DDR
                0x0080023f                hc595_PORT
                0x00800241                HC595_datapin
                0x00800242                HC595_outpin
                0x00800243                HC595_clkpin
 COMMON         0x00800244       0x56 Libraria/atmega128analog.o
                0x00800244                ADC_N_CHANNEL
                0x00800246                adc_tmp
                0x00800248                m
 COMMON         0x0080029a        0x4 Libraria/atmega128timer.o
                0x0080029a                timer1_state
                0x0080029b                timer3_state
                0x0080029c                timer2_state
                0x0080029d                timer0_state
 COMMON         0x0080029e       0x62 Libraria/atmega128uart.o
                0x0080029e                UART0_RxBuf
                0x008002bf                UART1_Rx
                0x008002c0                UART0_Rx
                0x008002c1                rx0buff
                0x008002cf                UART1_RxBuf
                0x008002f0                UART1_LastRxError
                0x008002f1                UART0_LastRxError
                0x008002f2                rx1buff
 COMMON         0x00800300       0x17 Libraria/keypad.o
                0x00800300                keypad_PORT
                0x00800302                KEYPAD_char
                0x00800303                keypad_dataf
                0x00800307                keypad_datai
                0x0080030b                KEYPADSTRINGINDEX
                0x0080030c                keypad_PIN
                0x0080030e                keypad_DDR
                0x00800310                KEYPAD_string
 COMMON         0x00800317        0xe Libraria/lcd.o
                0x00800317                lcd0_PIN
                0x00800319                lcd1_DDR
                0x0080031b                lcd1_detect
                0x0080031c                lcd1_PIN
                0x0080031e                lcd0_DDR
                0x00800320                lcd0_detect
                0x00800321                lcd0_PORT
                0x00800323                lcd1_PORT
 COMMON         0x00800325       0x21 Libraria/lfsm.o
                0x00800325                tmp2
                0x00800330                data
                0x0080033b                tmp1
 COMMON         0x00800346        0x4 Libraria/znpid.o
                0x00800346                tmp
 COMMON         0x0080034a       0xc4 main.o
                0x0080034a                shift
                0x00800350                function
                0x00800398                pid_out_2
                0x0080039c                adcvalue
                0x0080039e                pid_1
                0x008003d4                pid_2
                0x0080040a                pid_out_1
                0x0080040e                PROVIDE (__bss_end, .)
                0x00006238                __data_load_start = LOADADDR (.data)
                0x0000628a                __data_load_end = (__data_load_start + SIZEOF (.data))

.noinit         0x0080040e        0x0
                [!provide]                PROVIDE (__noinit_start, .)
 *(.noinit*)
                [!provide]                PROVIDE (__noinit_end, .)
                0x0080040e                _end = .
                [!provide]                PROVIDE (__heap_start, .)

.eeprom         0x00810000        0x0
 *(.eeprom*)
                0x00810000                __eeprom_end = .

.fuse
 *(.fuse)
 *(.lfuse)
 *(.hfuse)
 *(.efuse)

.lock
 *(.lock*)

.signature
 *(.signature*)

.user_signatures
 *(.user_signatures*)

.stab
 *(.stab)

.stabstr
 *(.stabstr)

.stab.excl
 *(.stab.excl)

.stab.exclstr
 *(.stab.exclstr)

.stab.index
 *(.stab.index)

.stab.indexstr
 *(.stab.indexstr)

.comment        0x00000000       0x5c
 *(.comment)
 .comment       0x00000000       0x30 Libraria/74hc595.o
                                 0x31 (size before relaxing)
 .comment       0x00000030       0x31 Libraria/atmega128analog.o
 .comment       0x00000030       0x31 Libraria/atmega128interrupt.o
 .comment       0x00000030       0x31 Libraria/atmega128mapping.o
 .comment       0x00000030       0x31 Libraria/atmega128spi.o
 .comment       0x00000030       0x31 Libraria/atmega128timer.o
 .comment       0x00000030       0x31 Libraria/atmega128twi.o
 .comment       0x00000030       0x31 Libraria/atmega128uart.o
 .comment       0x00000030       0x31 Libraria/buffer.o
 .comment       0x00000030       0x31 Libraria/function.o
 .comment       0x00000030       0x31 Libraria/keypad.o
 .comment       0x00000030       0x31 Libraria/lcd.o
 .comment       0x00000030       0x31 Libraria/lfsm.o
 .comment       0x00000030       0x31 Libraria/znpid.o
 .comment       0x00000030       0x31 main.o
 .comment       0x00000030       0x31 c:/program files (x86)/atmel/studio/7.0/toolchain/avr8/avr8-gnu-toolchain/bin/../lib/gcc/avr/5.4.0/../../../../avr/lib/avr51\libc.a(vsnprintf.o)
 .comment       0x00000030       0x2c c:/program files (x86)/atmel/studio/7.0/toolchain/avr8/avr8-gnu-toolchain/bin/../lib/gcc/avr/5.4.0/../../../../avr/lib/avr51\libc.a(vfprintf_std.o)
                                 0x2d (size before relaxing)
 .comment       0x0000005c       0x31 c:/program files (x86)/atmel/studio/7.0/toolchain/avr8/avr8-gnu-toolchain/bin/../lib/gcc/avr/5.4.0/../../../../avr/lib/avr51\libc.a(fputc.o)

.note.gnu.avr.deviceinfo
                0x00000000       0x3c
 .note.gnu.avr.deviceinfo
                0x00000000       0x3c C:/Program Files (x86)/Atmel/Studio/7.0/Packs/atmel/ATmega_DFP/1.3.300/gcc/dev/atmega128/avr51/crtatmega128.o

.note.gnu.build-id
 *(.note.gnu.build-id)

.debug
 *(.debug)

.line
 *(.line)

.debug_srcinfo
 *(.debug_srcinfo)

.debug_sfnames
 *(.debug_sfnames)

.debug_aranges  0x00000000      0x750
 *(.debug_aranges)
 .debug_aranges
                0x00000000       0x38 Libraria/74hc595.o
 .debug_aranges
                0x00000038       0x30 Libraria/atmega128analog.o
 .debug_aranges
                0x00000068       0x40 Libraria/atmega128interrupt.o
 .debug_aranges
                0x000000a8       0x48 Libraria/atmega128mapping.o
 .debug_aranges
                0x000000f0       0x40 Libraria/atmega128spi.o
 .debug_aranges
                0x00000130       0xf8 Libraria/atmega128timer.o
 .debug_aranges
                0x00000228       0x60 Libraria/atmega128twi.o
 .debug_aranges
                0x00000288       0xb8 Libraria/atmega128uart.o
 .debug_aranges
                0x00000340       0x38 Libraria/buffer.o
 .debug_aranges
                0x00000378      0x158 Libraria/function.o
 .debug_aranges
                0x000004d0       0x50 Libraria/keypad.o
 .debug_aranges
                0x00000520      0x100 Libraria/lcd.o
 .debug_aranges
                0x00000620       0x90 Libraria/lfsm.o
 .debug_aranges
                0x000006b0       0x70 Libraria/znpid.o
 .debug_aranges
                0x00000720       0x30 main.o

.debug_pubnames
 *(.debug_pubnames)

.debug_info     0x00000000    0x14327
 *(.debug_info .gnu.linkonce.wi.*)
 .debug_info    0x00000000      0x780 C:/Program Files (x86)/Atmel/Studio/7.0/Packs/atmel/ATmega_DFP/1.3.300/gcc/dev/atmega128/avr51/crtatmega128.o
 .debug_info    0x00000780      0x22c Libraria/74hc595.o
 .debug_info    0x000009ac     0x1d97 Libraria/atmega128analog.o
 .debug_info    0x00002743     0x1cdf Libraria/atmega128interrupt.o
 .debug_info    0x00004422     0x1cef Libraria/atmega128mapping.o
 .debug_info    0x00006111     0x1d39 Libraria/atmega128spi.o
 .debug_info    0x00007e4a     0x2268 Libraria/atmega128timer.o
 .debug_info    0x0000a0b2     0x1f3c Libraria/atmega128twi.o
 .debug_info    0x0000bfee     0x2399 Libraria/atmega128uart.o
 .debug_info    0x0000e387      0x24c Libraria/buffer.o
 .debug_info    0x0000e5d3     0x13b2 Libraria/function.o
 .debug_info    0x0000f985      0x500 Libraria/keypad.o
 .debug_info    0x0000fe85     0x13a3 Libraria/lcd.o
 .debug_info    0x00011228     0x11b9 Libraria/lfsm.o
 .debug_info    0x000123e1      0x618 Libraria/znpid.o
 .debug_info    0x000129f9     0x192e main.o

.debug_abbrev   0x00000000     0x2873
 *(.debug_abbrev)
 .debug_abbrev  0x00000000      0x718 C:/Program Files (x86)/Atmel/Studio/7.0/Packs/atmel/ATmega_DFP/1.3.300/gcc/dev/atmega128/avr51/crtatmega128.o
 .debug_abbrev  0x00000718      0x14b Libraria/74hc595.o
 .debug_abbrev  0x00000863      0x228 Libraria/atmega128analog.o
 .debug_abbrev  0x00000a8b      0x201 Libraria/atmega128interrupt.o
 .debug_abbrev  0x00000c8c      0x173 Libraria/atmega128mapping.o
 .debug_abbrev  0x00000dff      0x1f0 Libraria/atmega128spi.o
 .debug_abbrev  0x00000fef      0x2b7 Libraria/atmega128timer.o
 .debug_abbrev  0x000012a6      0x27f Libraria/atmega128twi.o
 .debug_abbrev  0x00001525      0x3a0 Libraria/atmega128uart.o
 .debug_abbrev  0x000018c5      0x125 Libraria/buffer.o
 .debug_abbrev  0x000019ea      0x2f7 Libraria/function.o
 .debug_abbrev  0x00001ce1      0x20a Libraria/keypad.o
 .debug_abbrev  0x00001eeb      0x2a6 Libraria/lcd.o
 .debug_abbrev  0x00002191      0x2f9 Libraria/lfsm.o
 .debug_abbrev  0x0000248a      0x1f4 Libraria/znpid.o
 .debug_abbrev  0x0000267e      0x1f5 main.o

.debug_line     0x00000000     0x5169
 *(.debug_line .debug_line.* .debug_line_end)
 .debug_line    0x00000000      0x169 C:/Program Files (x86)/Atmel/Studio/7.0/Packs/atmel/ATmega_DFP/1.3.300/gcc/dev/atmega128/avr51/crtatmega128.o
 .debug_line    0x00000169      0x171 Libraria/74hc595.o
 .debug_line    0x000002da      0x376 Libraria/atmega128analog.o
 .debug_line    0x00000650      0x520 Libraria/atmega128interrupt.o
 .debug_line    0x00000b70      0x1d7 Libraria/atmega128mapping.o
 .debug_line    0x00000d47      0x371 Libraria/atmega128spi.o
 .debug_line    0x000010b8      0xcab Libraria/atmega128timer.o
 .debug_line    0x00001d63      0x38e Libraria/atmega128twi.o
 .debug_line    0x000020f1      0x6fd Libraria/atmega128uart.o
 .debug_line    0x000027ee      0x13a Libraria/buffer.o
 .debug_line    0x00002928      0x907 Libraria/function.o
 .debug_line    0x0000322f      0x400 Libraria/keypad.o
 .debug_line    0x0000362f      0xd0f Libraria/lcd.o
 .debug_line    0x0000433e      0x806 Libraria/lfsm.o
 .debug_line    0x00004b44      0x1d4 Libraria/znpid.o
 .debug_line    0x00004d18      0x451 main.o

.debug_frame    0x00000000     0x1678
 *(.debug_frame)
 .debug_frame   0x00000000       0x88 Libraria/74hc595.o
 .debug_frame   0x00000088       0xb0 Libraria/atmega128analog.o
 .debug_frame   0x00000138       0x74 Libraria/atmega128interrupt.o
 .debug_frame   0x000001ac       0x74 Libraria/atmega128mapping.o
 .debug_frame   0x00000220       0xa8 Libraria/atmega128spi.o
 .debug_frame   0x000002c8      0x2d4 Libraria/atmega128timer.o
 .debug_frame   0x0000059c       0xd4 Libraria/atmega128twi.o
 .debug_frame   0x00000670      0x2bc Libraria/atmega128uart.o
 .debug_frame   0x0000092c       0x54 Libraria/buffer.o
 .debug_frame   0x00000980      0x49c Libraria/function.o
 .debug_frame   0x00000e1c       0xb0 Libraria/keypad.o
 .debug_frame   0x00000ecc      0x2ac Libraria/lcd.o
 .debug_frame   0x00001178      0x2e4 Libraria/lfsm.o
 .debug_frame   0x0000145c      0x16c Libraria/znpid.o
 .debug_frame   0x000015c8       0xb0 main.o

.debug_str      0x00000000     0x2061
 *(.debug_str)
 .debug_str     0x00000000      0x27d C:/Program Files (x86)/Atmel/Studio/7.0/Packs/atmel/ATmega_DFP/1.3.300/gcc/dev/atmega128/avr51/crtatmega128.o
 .debug_str     0x0000027d      0x1ef Libraria/74hc595.o
                                0x23e (size before relaxing)
 .debug_str     0x0000046c      0xb26 Libraria/atmega128analog.o
                                0xdd6 (size before relaxing)
 .debug_str     0x00000f92       0x87 Libraria/atmega128interrupt.o
                                0xd6a (size before relaxing)
 .debug_str     0x00001019       0x1f Libraria/atmega128mapping.o
                                0xd31 (size before relaxing)
 .debug_str     0x00001038       0xa7 Libraria/atmega128spi.o
                                0xd87 (size before relaxing)
 .debug_str     0x000010df      0x30d Libraria/atmega128timer.o
                                0xffc (size before relaxing)
 .debug_str     0x000013ec      0x10e Libraria/atmega128twi.o
                                0xdf3 (size before relaxing)
 .debug_str     0x000014fa      0x1ab Libraria/atmega128uart.o
                                0xed7 (size before relaxing)
 .debug_str     0x000016a5       0x47 Libraria/buffer.o
                                0x1ff (size before relaxing)
 .debug_str     0x000016ec      0x305 Libraria/function.o
                                0x634 (size before relaxing)
 .debug_str     0x000019f1      0x136 Libraria/keypad.o
                                0x2ea (size before relaxing)
 .debug_str     0x00001b27      0x1dd Libraria/lcd.o
                                0x417 (size before relaxing)
 .debug_str     0x00001d04      0x1ea Libraria/lfsm.o
                                0x413 (size before relaxing)
 .debug_str     0x00001eee       0xdd Libraria/znpid.o
                                0x287 (size before relaxing)
 .debug_str     0x00001fcb       0x96 main.o
                                0x5d9 (size before relaxing)

.debug_loc      0x00000000     0x7b0c
 *(.debug_loc)
 .debug_loc     0x00000000      0x215 Libraria/74hc595.o
 .debug_loc     0x00000215      0x2f4 Libraria/atmega128analog.o
 .debug_loc     0x00000509      0x36f Libraria/atmega128interrupt.o
 .debug_loc     0x00000878      0x100 Libraria/atmega128mapping.o
 .debug_loc     0x00000978      0x2a9 Libraria/atmega128spi.o
 .debug_loc     0x00000c21      0xb5e Libraria/atmega128timer.o
 .debug_loc     0x0000177f      0x3a6 Libraria/atmega128twi.o
 .debug_loc     0x00001b25      0xd9c Libraria/atmega128uart.o
 .debug_loc     0x000028c1      0x160 Libraria/buffer.o
 .debug_loc     0x00002a21     0x1aa4 Libraria/function.o
 .debug_loc     0x000044c5      0x403 Libraria/keypad.o
 .debug_loc     0x000048c8     0x111a Libraria/lcd.o
 .debug_loc     0x000059e2     0x1716 Libraria/lfsm.o
 .debug_loc     0x000070f8      0x691 Libraria/znpid.o
 .debug_loc     0x00007789      0x383 main.o

.debug_macinfo
 *(.debug_macinfo)

.debug_weaknames
 *(.debug_weaknames)

.debug_funcnames
 *(.debug_funcnames)

.debug_typenames
 *(.debug_typenames)

.debug_varnames
 *(.debug_varnames)

.debug_pubtypes
 *(.debug_pubtypes)

.debug_ranges   0x00000000      0x660
 *(.debug_ranges)
 .debug_ranges  0x00000000       0x28 Libraria/74hc595.o
 .debug_ranges  0x00000028       0x20 Libraria/atmega128analog.o
 .debug_ranges  0x00000048       0x30 Libraria/atmega128interrupt.o
 .debug_ranges  0x00000078       0x38 Libraria/atmega128mapping.o
 .debug_ranges  0x000000b0       0x30 Libraria/atmega128spi.o
 .debug_ranges  0x000000e0       0xe8 Libraria/atmega128timer.o
 .debug_ranges  0x000001c8       0x50 Libraria/atmega128twi.o
 .debug_ranges  0x00000218       0xa8 Libraria/atmega128uart.o
 .debug_ranges  0x000002c0       0x28 Libraria/buffer.o
 .debug_ranges  0x000002e8      0x148 Libraria/function.o
 .debug_ranges  0x00000430       0x40 Libraria/keypad.o
 .debug_ranges  0x00000470       0xf0 Libraria/lcd.o
 .debug_ranges  0x00000560       0x80 Libraria/lfsm.o
 .debug_ranges  0x000005e0       0x60 Libraria/znpid.o
 .debug_ranges  0x00000640       0x20 main.o

.debug_macro
 *(.debug_macro)
OUTPUT(Atmega128.elf elf32-avr)
LOAD linker stubs
