Archive member included to satisfy reference by file (symbol)

c:/program files (x86)/atmel/studio/7.0/toolchain/avr8/avr8-gnu-toolchain/bin/../lib/gcc/avr/5.4.0/../../../../avr/lib/avr5\libm.a(addsf3.o)
                              Libraria/function.o (__subsf3)
c:/program files (x86)/atmel/studio/7.0/toolchain/avr8/avr8-gnu-toolchain/bin/../lib/gcc/avr/5.4.0/../../../../avr/lib/avr5\libm.a(addsf3x.o)
                              c:/program files (x86)/atmel/studio/7.0/toolchain/avr8/avr8-gnu-toolchain/bin/../lib/gcc/avr/5.4.0/../../../../avr/lib/avr5\libm.a(addsf3.o) (__addsf3x)
c:/program files (x86)/atmel/studio/7.0/toolchain/avr8/avr8-gnu-toolchain/bin/../lib/gcc/avr/5.4.0/../../../../avr/lib/avr5\libm.a(cmpsf2.o)
                              Libraria/function.o (__ltsf2)
c:/program files (x86)/atmel/studio/7.0/toolchain/avr8/avr8-gnu-toolchain/bin/../lib/gcc/avr/5.4.0/../../../../avr/lib/avr5\libm.a(fixsfsi.o)
                              Libraria/function.o (__fixsfsi)
c:/program files (x86)/atmel/studio/7.0/toolchain/avr8/avr8-gnu-toolchain/bin/../lib/gcc/avr/5.4.0/../../../../avr/lib/avr5\libm.a(fixunssfsi.o)
                              Libraria/function.o (__fixunssfsi)
c:/program files (x86)/atmel/studio/7.0/toolchain/avr8/avr8-gnu-toolchain/bin/../lib/gcc/avr/5.4.0/../../../../avr/lib/avr5\libm.a(floatsisf.o)
                              Libraria/function.o (__floatunsisf)
c:/program files (x86)/atmel/studio/7.0/toolchain/avr8/avr8-gnu-toolchain/bin/../lib/gcc/avr/5.4.0/../../../../avr/lib/avr5\libm.a(fp_cmp.o)
                              c:/program files (x86)/atmel/studio/7.0/toolchain/avr8/avr8-gnu-toolchain/bin/../lib/gcc/avr/5.4.0/../../../../avr/lib/avr5\libm.a(cmpsf2.o) (__fp_cmp)
c:/program files (x86)/atmel/studio/7.0/toolchain/avr8/avr8-gnu-toolchain/bin/../lib/gcc/avr/5.4.0/../../../../avr/lib/avr5\libm.a(fp_inf.o)
                              c:/program files (x86)/atmel/studio/7.0/toolchain/avr8/avr8-gnu-toolchain/bin/../lib/gcc/avr/5.4.0/../../../../avr/lib/avr5\libm.a(addsf3x.o) (__fp_inf)
c:/program files (x86)/atmel/studio/7.0/toolchain/avr8/avr8-gnu-toolchain/bin/../lib/gcc/avr/5.4.0/../../../../avr/lib/avr5\libm.a(fp_nan.o)
                              c:/program files (x86)/atmel/studio/7.0/toolchain/avr8/avr8-gnu-toolchain/bin/../lib/gcc/avr/5.4.0/../../../../avr/lib/avr5\libm.a(addsf3x.o) (__fp_nan)
c:/program files (x86)/atmel/studio/7.0/toolchain/avr8/avr8-gnu-toolchain/bin/../lib/gcc/avr/5.4.0/../../../../avr/lib/avr5\libm.a(fp_pscA.o)
                              c:/program files (x86)/atmel/studio/7.0/toolchain/avr8/avr8-gnu-toolchain/bin/../lib/gcc/avr/5.4.0/../../../../avr/lib/avr5\libm.a(addsf3x.o) (__fp_pscA)
c:/program files (x86)/atmel/studio/7.0/toolchain/avr8/avr8-gnu-toolchain/bin/../lib/gcc/avr/5.4.0/../../../../avr/lib/avr5\libm.a(fp_pscB.o)
                              c:/program files (x86)/atmel/studio/7.0/toolchain/avr8/avr8-gnu-toolchain/bin/../lib/gcc/avr/5.4.0/../../../../avr/lib/avr5\libm.a(addsf3x.o) (__fp_pscB)
c:/program files (x86)/atmel/studio/7.0/toolchain/avr8/avr8-gnu-toolchain/bin/../lib/gcc/avr/5.4.0/../../../../avr/lib/avr5\libm.a(fp_round.o)
                              c:/program files (x86)/atmel/studio/7.0/toolchain/avr8/avr8-gnu-toolchain/bin/../lib/gcc/avr/5.4.0/../../../../avr/lib/avr5\libm.a(addsf3.o) (__fp_round)
c:/program files (x86)/atmel/studio/7.0/toolchain/avr8/avr8-gnu-toolchain/bin/../lib/gcc/avr/5.4.0/../../../../avr/lib/avr5\libm.a(fp_split3.o)
                              c:/program files (x86)/atmel/studio/7.0/toolchain/avr8/avr8-gnu-toolchain/bin/../lib/gcc/avr/5.4.0/../../../../avr/lib/avr5\libm.a(addsf3x.o) (__fp_split3)
c:/program files (x86)/atmel/studio/7.0/toolchain/avr8/avr8-gnu-toolchain/bin/../lib/gcc/avr/5.4.0/../../../../avr/lib/avr5\libm.a(fp_zero.o)
                              c:/program files (x86)/atmel/studio/7.0/toolchain/avr8/avr8-gnu-toolchain/bin/../lib/gcc/avr/5.4.0/../../../../avr/lib/avr5\libm.a(addsf3x.o) (__fp_zero)
c:/program files (x86)/atmel/studio/7.0/toolchain/avr8/avr8-gnu-toolchain/bin/../lib/gcc/avr/5.4.0/../../../../avr/lib/avr5\libm.a(mulsf3.o)
                              Libraria/function.o (__mulsf3)
c:/program files (x86)/atmel/studio/7.0/toolchain/avr8/avr8-gnu-toolchain/bin/../lib/gcc/avr/5.4.0/../../../../avr/lib/avr5\libm.a(mulsf3x.o)
                              c:/program files (x86)/atmel/studio/7.0/toolchain/avr8/avr8-gnu-toolchain/bin/../lib/gcc/avr/5.4.0/../../../../avr/lib/avr5\libm.a(mulsf3.o) (__mulsf3x)
c:/program files (x86)/atmel/studio/7.0/toolchain/avr8/avr8-gnu-toolchain/bin/../lib/gcc/avr/5.4.0/../../../../avr/lib/avr5\libm.a(pow.o)
                              Libraria/function.o (pow)
c:/program files (x86)/atmel/studio/7.0/toolchain/avr8/avr8-gnu-toolchain/bin/../lib/gcc/avr/5.4.0/../../../../avr/lib/avr5\libm.a(exp.o)
[...]
Memory Configuration

Name             Origin             Length             Attributes
text             0x00000000         0x00020000         xr
data             0x00800060         0x0000ffa0         rw !x
eeprom           0x00810000         0x00010000         rw !x
fuse             0x00820000         0x00000003         rw !x
lock             0x00830000         0x00000400         rw !x
signature        0x00840000         0x00000400         rw !x
user_signatures  0x00850000         0x00000400         rw !x
*default*        0x00000000         0xffffffff

Linker script and memory map

Address of section .data set to 0x800100
LOAD C:/Program Files (x86)/Atmel/Studio/7.0/Packs/atmel/ATmega_DFP/1.2.209/gcc/dev/atmega324a/avr5/crtatmega324a.o
LOAD Libraria/atmega324analog.o
LOAD Libraria/atmega324preamble.o
LOAD Libraria/atmega324timer.o
LOAD Libraria/atmegaeeprom.o
LOAD Libraria/function.o
LOAD Libraria/keypad.o
LOAD Libraria/lcd.o
LOAD Libraria/lfsm.o
LOAD Libraria/rotenc.o
LOAD Libraria/uart.o
LOAD main.o
START GROUP
LOAD c:/program files (x86)/atmel/studio/7.0/toolchain/avr8/avr8-gnu-toolchain/bin/../lib/gcc/avr/5.4.0/../../../../avr/lib/avr5\libm.a
END GROUP
START GROUP
LOAD c:/program files (x86)/atmel/studio/7.0/toolchain/avr8/avr8-gnu-toolchain/bin/../lib/gcc/avr/5.4.0/avr5\libgcc.a
LOAD c:/program files (x86)/atmel/studio/7.0/toolchain/avr8/avr8-gnu-toolchain/bin/../lib/gcc/avr/5.4.0/../../../../avr/lib/avr5\libm.a
LOAD c:/program files (x86)/atmel/studio/7.0/toolchain/avr8/avr8-gnu-toolchain/bin/../lib/gcc/avr/5.4.0/../../../../avr/lib/avr5\libc.a
LOAD C:/Program Files (x86)/Atmel/Studio/7.0/Packs/atmel/ATmega_DFP/1.2.209/gcc/dev/atmega324a/avr5\libatmega324a.a
END GROUP
                0x00000000                __TEXT_REGION_ORIGIN__ = DEFINED (__TEXT_REGION_ORIGIN__)?__TEXT_REGION_ORIGIN__:0x0
                0x00800060                __DATA_REGION_ORIGIN__ = DEFINED (__DATA_REGION_ORIGIN__)?__DATA_REGION_ORIGIN__:0x800060
                0x00020000                __TEXT_REGION_LENGTH__ = DEFINED (__TEXT_REGION_LENGTH__)?__TEXT_REGION_LENGTH__:0x20000
                0x0000ffa0                __DATA_REGION_LENGTH__ = DEFINED (__DATA_REGION_LENGTH__)?__DATA_REGION_LENGTH__:0xffa0
                0x00010000                __EEPROM_REGION_LENGTH__ = DEFINED (__EEPROM_REGION_LENGTH__)?__EEPROM_REGION_LENGTH__:0x10000
                [0x00000003]                __FUSE_REGION_LENGTH__ = DEFINED (__FUSE_REGION_LENGTH__)?__FUSE_REGION_LENGTH__:0x400
                0x00000400                __LOCK_REGION_LENGTH__ = DEFINED (__LOCK_REGION_LENGTH__)?__LOCK_REGION_LENGTH__:0x400
                0x00000400                __SIGNATURE_REGION_LENGTH__ = DEFINED (__SIGNATURE_REGION_LENGTH__)?__SIGNATURE_REGION_LENGTH__:0x400
                0x00000400                __USER_SIGNATURE_REGION_LENGTH__ = DEFINED (__USER_SIGNATURE_REGION_LENGTH__)?__USER_SIGNATURE_REGION_LENGTH__:0x400

.hash
 *(.hash)

.dynsym
 *(.dynsym)

.dynstr
 *(.dynstr)

.gnu.version
 *(.gnu.version)

.gnu.version_d
 *(.gnu.version_d)

.gnu.version_r
 *(.gnu.version_r)

.rel.init
 *(.rel.init)

.rela.init
 *(.rela.init)

.rel.text
 *(.rel.text)
 *(.rel.text.*)
 *(.rel.gnu.linkonce.t*)

.rela.text
 *(.rela.text)
 *(.rela.text.*)
 *(.rela.gnu.linkonce.t*)

.rel.fini
 *(.rel.fini)

.rela.fini
 *(.rela.fini)

.rel.rodata
 *(.rel.rodata)
 *(.rel.rodata.*)
 *(.rel.gnu.linkonce.r*)

.rela.rodata
 *(.rela.rodata)
 *(.rela.rodata.*)
 *(.rela.gnu.linkonce.r*)

.rel.data
 *(.rel.data)
 *(.rel.data.*)
 *(.rel.gnu.linkonce.d*)

.rela.data
 *(.rela.data)
 *(.rela.data.*)
 *(.rela.gnu.linkonce.d*)

.rel.ctors
 *(.rel.ctors)

.rela.ctors
 *(.rela.ctors)

.rel.dtors
 *(.rel.dtors)

.rela.dtors
 *(.rela.dtors)

.rel.got
 *(.rel.got)

.rela.got
 *(.rela.got)

.rel.bss
 *(.rel.bss)

.rela.bss
 *(.rela.bss)

.rel.plt
 *(.rel.plt)

.rela.plt
 *(.rela.plt)

.text           0x00000000     0x3d9e
 *(.vectors)
 .vectors       0x00000000       0x7c C:/Program Files (x86)/Atmel/Studio/7.0/Packs/atmel/ATmega_DFP/1.2.209/gcc/dev/atmega324a/avr5/crtatmega324a.o
                0x00000000                __vector_default
                0x00000000                __vectors
 *(.vectors)
 *(.progmem.gcc*)
 .progmem.gcc_sw_table.main
                0x0000007c       0x6a main.o
 .progmem.gcc_fplib
                0x000000e6       0x28 c:/program files (x86)/atmel/studio/7.0/toolchain/avr8/avr8-gnu-toolchain/bin/../lib/gcc/avr/5.4.0/../../../../avr/lib/avr5\libm.a(exp.o)
 .progmem.gcc_fplib
                0x0000010e       0x5a c:/program files (x86)/atmel/studio/7.0/toolchain/avr8/avr8-gnu-toolchain/bin/../lib/gcc/avr/5.4.0/../../../../avr/lib/avr5\libm.a(log.o)
                0x00000168                . = ALIGN (0x2)
                0x00000168                __trampolines_start = .
 *(.trampolines)
 .trampolines   0x00000168        0x0 linker stubs
 *(.trampolines*)
                0x00000168                __trampolines_end = .
 *libprintf_flt.a:*(.progmem.data)
 *libc.a:*(.progmem.data)
 *(.progmem*)
                0x00000168                . = ALIGN (0x2)
 *(.jumptables)
 *(.jumptables*)
 *(.lowtext)
 *(.lowtext*)
                0x00000168                __ctors_start = .
 *(.ctors)
                0x00000168                __ctors_end = .
                0x00000168                __dtors_start = .
 *(.dtors)
                0x00000168                __dtors_end = .
 SORT(*)(.ctors)
 SORT(*)(.dtors)
 *(.init0)
 .init0         0x00000168        0x0 C:/Program Files (x86)/Atmel/Studio/7.0/Packs/atmel/ATmega_DFP/1.2.209/gcc/dev/atmega324a/avr5/crtatmega324a.o
                0x00000168                __init
 *(.init0)
 *(.init1)
 *(.init1)
 *(.init2)
 .init2         0x00000168        0xc C:/Program Files (x86)/Atmel/Studio/7.0/Packs/atmel/ATmega_DFP/1.2.209/gcc/dev/atmega324a/avr5/crtatmega324a.o
 *(.init2)
 *(.init3)
 *(.init3)
 *(.init4)
 .init4         0x00000174       0x16 c:/program files (x86)/atmel/studio/7.0/toolchain/avr8/avr8-gnu-toolchain/bin/../lib/gcc/avr/5.4.0/avr5\libgcc.a(_copy_data.o)
                0x00000174                __do_copy_data
 .init4         0x0000018a       0x10 c:/program files (x86)/atmel/studio/7.0/toolchain/avr8/avr8-gnu-toolchain/bin/../lib/gcc/avr/5.4.0/avr5\libgcc.a(_clear_bss.o)
                0x0000018a                __do_clear_bss
 *(.init4)
 *(.init5)
 *(.init5)
 *(.init6)
 *(.init6)
 *(.init7)
 *(.init7)
 *(.init8)
 *(.init8)
 *(.init9)
 .init9         0x0000019a        0x8 C:/Program Files (x86)/Atmel/Studio/7.0/Packs/atmel/ATmega_DFP/1.2.209/gcc/dev/atmega324a/avr5/crtatmega324a.o
 *(.init9)
 *(.text)
 .text          0x000001a2        0x4 C:/Program Files (x86)/Atmel/Studio/7.0/Packs/atmel/ATmega_DFP/1.2.209/gcc/dev/atmega324a/avr5/crtatmega324a.o
                0x000001a2                __vector_22
                0x000001a2                __vector_1
                0x000001a2                __vector_12
                0x000001a2                __bad_interrupt
                0x000001a2                __vector_6
                0x000001a2                __vector_3
                0x000001a2                __vector_23
                0x000001a2                __vector_30
                0x000001a2                __vector_25
                0x000001a2                __vector_11
                0x000001a2                __vector_13
                0x000001a2                __vector_17
                0x000001a2                __vector_19
                0x000001a2                __vector_7
                0x000001a2                __vector_27
                0x000001a2                __vector_5
                0x000001a2                __vector_4
                0x000001a2                __vector_9
                0x000001a2                __vector_2
                0x000001a2                __vector_15
                0x000001a2                __vector_8
                0x000001a2                __vector_26
                0x000001a2                __vector_14
                0x000001a2                __vector_10
                0x000001a2                __vector_16
                0x000001a2                __vector_18
                0x000001a6                . = ALIGN (0x2)
 *(.text.*)
 .text.__vector_24
                0x000001a6      0x112 Libraria/atmega324analog.o
                0x000001a6                __vector_24
 .text.EEPROMenable
                0x000002b8       0x66 Libraria/atmegaeeprom.o
                0x000002b8                EEPROMenable
 .text.FUNCswap
                0x0000031e       0x42 Libraria/function.o
                0x0000031e                FUNCswap
 .text.FUNCcopy
                0x00000360       0x1c Libraria/function.o
                0x00000360                FUNCcopy
 .text.FUNCsqueeze
                0x0000037c       0x44 Libraria/function.o
                0x0000037c                FUNCsqueeze
 .text.FUNCshellsort
                0x000003c0      0x14c Libraria/function.o
                0x000003c0                FUNCshellsort
 .text.FUNCpmax
                0x0000050c        0xa Libraria/function.o
                0x0000050c                FUNCpmax
 .text.FUNCgcd  0x00000516       0x1e Libraria/function.o
                0x00000516                FUNCgcd
 .text.FUNCstrToInt
                0x00000534       0x48 Libraria/function.o
                0x00000534                FUNCstrToInt
 .text.FUNCfilter
                0x0000057c        0x4 Libraria/function.o
                0x0000057c                FUNCfilter
 .text.FUNCticks
                0x00000580       0x14 Libraria/function.o
                0x00000580                FUNCticks
 .text.FUNCtwocomptoint8bit
                0x00000594       0x1a Libraria/function.o
                0x00000594                FUNCtwocomptoint8bit
 .text.FUNCtwocomptoint10bit
                0x000005ae       0x18 Libraria/function.o
                0x000005ae                FUNCtwocomptoint10bit
 .text.FUNCtwocomptointnbit
                0x000005c6       0x30 Libraria/function.o
                0x000005c6                FUNCtwocomptointnbit
 .text.FUNCdec2bcd
                0x000005f6       0x26 Libraria/function.o
                0x000005f6                FUNCdec2bcd
 .text.FUNCbcd2dec
                0x0000061c       0x16 Libraria/function.o
                0x0000061c                FUNCbcd2dec
 .text.FUNCresizestr
                0x00000632       0x5a Libraria/function.o
                0x00000632                FUNCresizestr
 .text.FUNCtrimmer
                0x0000068c       0x82 Libraria/function.o
                0x0000068c                FUNCtrimmer
 .text.StringLength
                0x0000070e       0x1e Libraria/function.o
                0x0000070e                StringLength
 .text.FUNCtrim
                0x0000072c       0x38 Libraria/function.o
                0x0000072c                FUNCtrim
 .text.Reverse  0x00000764       0x3c Libraria/function.o
                0x00000764                Reverse
 .text.FUNCi32toa
                0x000007a0       0xb8 Libraria/function.o
                0x000007a0                FUNCi32toa
 .text.FUNCi16toa
                0x00000858       0x74 Libraria/function.o
                0x00000858                FUNCi16toa
 .text.FUNCui16toa
                0x000008cc       0xd6 Libraria/function.o
                0x000008cc                FUNCui16toa
 .text.FUNCbcd2bin
                0x000009a2       0x16 Libraria/function.o
                0x000009a2                FUNCbcd2bin
 .text.FUNCbin2bcd
                0x000009b8       0x42 Libraria/function.o
                0x000009b8                FUNCbin2bcd
 .text.FUNCgcd1
                0x000009fa       0xa2 Libraria/function.o
                0x000009fa                FUNCgcd1
 .text.FUNCpincheck
                0x00000a9c       0x10 Libraria/function.o
                0x00000a9c                FUNCpincheck
 .text.FUNCprint_binary
                0x00000aac       0x56 Libraria/function.o
                0x00000aac                FUNCprint_binary
 .text.FUNCdectohex
                0x00000b02       0xa6 Libraria/function.o
                0x00000b02                FUNCdectohex
 .text.FUNCReadHLByte
                0x00000ba8       0x10 Libraria/function.o
                0x00000ba8                FUNCReadHLByte
 .text.FUNCReadLHByte
                0x00000bb8       0x10 Libraria/function.o
                0x00000bb8                FUNCReadLHByte
 .text.FUNCWriteHLByte
                0x00000bc8        0x8 Libraria/function.o
                0x00000bc8                FUNCWriteHLByte
 .text.FUNCWriteLHByte
                0x00000bd0        0x2 Libraria/function.o
                0x00000bd0                FUNCWriteLHByte
 .text.FUNCSwapByte
                0x00000bd2        0x8 Libraria/function.o
                0x00000bd2                FUNCSwapByte
 .text.FUNCmayia
                0x00000bda       0x6a Libraria/function.o
                0x00000bda                FUNCmayia
 .text.FUNCprint
                0x00000c44       0x36 Libraria/function.o
                0x00000c44                FUNCprint
 .text.FUNCenable
                0x00000c7a      0x13c Libraria/function.o
                0x00000c7a                FUNCenable
 .text.FUNCintinvstr
                0x00000db6       0xb4 Libraria/function.o
                0x00000db6                FUNCintinvstr
 .text.FUNCftoa
                0x00000e6a      0x164 Libraria/function.o
                0x00000e6a                FUNCftoa
 .text.KEYPAD_data
                0x00000fce       0x40 Libraria/keypad.o
                0x00000fce                KEYPAD_data
 .text.KEYPAD_flush
                0x0000100e       0x1a Libraria/keypad.o
                0x0000100e                KEYPAD_flush
 .text.KEYPAD_getkey
                0x00001028      0x25a Libraria/keypad.o
                0x00001028                KEYPAD_getkey
 .text.KEYPAD_read
                0x00001282       0x96 Libraria/keypad.o
                0x00001282                KEYPAD_read
 .text.KEYPADenable
                0x00001318       0xb2 Libraria/keypad.o
                0x00001318                KEYPADenable
 .text.LCD0_strobe
                0x000013ca       0x1e Libraria/lcd.o
                0x000013ca                LCD0_strobe
 .text.LCD0_write
                0x000013e8      0x1a0 Libraria/lcd.o
                0x000013e8                LCD0_write
 .text.LCD0_clear
                0x00001588       0x18 Libraria/lcd.o
                0x00001588                LCD0_clear
 .text.LCD0_read
                0x000015a0      0x112 Libraria/lcd.o
                0x000015a0                LCD0_read
 .text.LCD0_BF  0x000016b2       0x22 Libraria/lcd.o
                0x000016b2                LCD0_BF
 .text.LCD0_putch
                0x000016d4        0xe Libraria/lcd.o
                0x000016d4                LCD0_putch
 .text.LCD0_string
                0x000016e2       0x1e Libraria/lcd.o
                0x000016e2                LCD0_string
 .text.LCD0_string_size
                0x00001700       0x56 Libraria/lcd.o
                0x00001700                LCD0_string_size
 .text.LCD0_hspace
                0x00001756       0x16 Libraria/lcd.o
                0x00001756                LCD0_hspace
 .text.LCD0_gotoxy
                0x0000176c       0x5e Libraria/lcd.o
                0x0000176c                LCD0_gotoxy
 .text.LCD0_inic
                0x000017ca       0xfc Libraria/lcd.o
                0x000017ca                LCD0_inic
 .text.LCD0enable
                0x000018c6       0xa2 Libraria/lcd.o
                0x000018c6                LCD0enable
 .text.LCD0_reboot
                0x00001968       0x24 Libraria/lcd.o
                0x00001968                LCD0_reboot
 .text.LCD0_getch
                0x0000198c       0x16 Libraria/lcd.o
                0x0000198c                LCD0_getch
 .text.LFSMquant
                0x000019a2       0x8c Libraria/lfsm.o
                0x000019a2                LFSMquant
 .text.LFSMdeleteall
                0x00001a2e       0xb2 Libraria/lfsm.o
                0x00001a2e                LFSMdeleteall
 .text.LFSMgetoutput
                0x00001ae0        0x8 Libraria/lfsm.o
                0x00001ae0                LFSMgetoutput
 .text.LFSMgetstatus
                0x00001ae8        0x6 Libraria/lfsm.o
                0x00001ae8                LFSMgetstatus
 .text.LFSMsetoutput
                0x00001aee        0xa Libraria/lfsm.o
                0x00001aee                LFSMsetoutput
 .text.LFSMgetpage
                0x00001af8        0x6 Libraria/lfsm.o
                0x00001af8                LFSMgetpage
 .text.LFSMsetpage
                0x00001afe        0x6 Libraria/lfsm.o
                0x00001afe                LFSMsetpage
 .text.LFSMread
                0x00001b04      0x312 Libraria/lfsm.o
                0x00001b04                LFSMread
 .text.LFSMpremove
                0x00001e16      0x1a0 Libraria/lfsm.o
                0x00001e16                LFSMpremove
 .text.LFSMremove
                0x00001fb6      0x292 Libraria/lfsm.o
                0x00001fb6                LFSMremove
 .text.LFSMlearn
                0x00002248      0x214 Libraria/lfsm.o
                0x00002248                LFSMlearn
 .text.LFSMenable
                0x0000245c       0x70 Libraria/lfsm.o
                0x0000245c                LFSMenable
 .text.__vector_20
                0x000024cc       0x6e Libraria/uart.o
                0x000024cc                __vector_20
 .text.__vector_28
                0x0000253a       0x56 Libraria/uart.o
                0x0000253a                __vector_28
 .text.__vector_21
                0x00002590       0x6e Libraria/uart.o
                0x00002590                __vector_21
 .text.__vector_29
                0x000025fe       0x56 Libraria/uart.o
                0x000025fe                __vector_29
 .text.PORTINIT
                0x00002654        0xc main.o
                0x00002654                PORTINIT
 .text.main     0x00002660      0x7b6 main.o
                0x00002660                main
 .text.avr-libc.fplib
                0x00002e16        0xe c:/program files (x86)/atmel/studio/7.0/toolchain/avr8/avr8-gnu-toolchain/bin/../lib/gcc/avr/5.4.0/../../../../avr/lib/avr5\libm.a(addsf3.o)
                0x00002e16                __subsf3
                0x00002e18                __addsf3
 .text.avr-libc.fplib
                0x00002e24       0xcc c:/program files (x86)/atmel/studio/7.0/toolchain/avr8/avr8-gnu-toolchain/bin/../lib/gcc/avr/5.4.0/../../../../avr/lib/avr5\libm.a(addsf3x.o)
                0x00002e46                __addsf3x
 .text.avr-libc.fplib
                0x00002ef0        0xa c:/program files (x86)/atmel/studio/7.0/toolchain/avr8/avr8-gnu-toolchain/bin/../lib/gcc/avr/5.4.0/../../../../avr/lib/avr5\libm.a(cmpsf2.o)
                0x00002ef0                __nesf2
                0x00002ef0                __eqsf2
                0x00002ef0                __cmpsf2
                0x00002ef0                __ltsf2
                0x00002ef0                __lesf2
 .text.avr-libc.fplib
                0x00002efa        0xe c:/program files (x86)/atmel/studio/7.0/toolchain/avr8/avr8-gnu-toolchain/bin/../lib/gcc/avr/5.4.0/../../../../avr/lib/avr5\libm.a(fixsfsi.o)
                0x00002efa                __fixsfsi
 .text.avr-libc.fplib
                0x00002f08       0x5e c:/program files (x86)/atmel/studio/7.0/toolchain/avr8/avr8-gnu-toolchain/bin/../lib/gcc/avr/5.4.0/../../../../avr/lib/avr5\libm.a(fixunssfsi.o)
                0x00002f08                __fixunssfsi
 .text.avr-libc.fplib
                0x00002f66       0x7a c:/program files (x86)/atmel/studio/7.0/toolchain/avr8/avr8-gnu-toolchain/bin/../lib/gcc/avr/5.4.0/../../../../avr/lib/avr5\libm.a(floatsisf.o)
                0x00002f66                __floatunsisf
                0x00002f6a                __floatsisf
 .text.avr-libc.fplib
                0x00002fe0       0x48 c:/program files (x86)/atmel/studio/7.0/toolchain/avr8/avr8-gnu-toolchain/bin/../lib/gcc/avr/5.4.0/../../../../avr/lib/avr5\libm.a(fp_cmp.o)
                0x00002fe0                __fp_cmp
 .text.avr-libc.fplib
                0x00003028        0xc c:/program files (x86)/atmel/studio/7.0/toolchain/avr8/avr8-gnu-toolchain/bin/../lib/gcc/avr/5.4.0/../../../../avr/lib/avr5\libm.a(fp_inf.o)
                0x00003028                __fp_inf
 .text.avr-libc.fplib
                0x00003034        0x6 c:/program files (x86)/atmel/studio/7.0/toolchain/avr8/avr8-gnu-toolchain/bin/../lib/gcc/avr/5.4.0/../../../../avr/lib/avr5\libm.a(fp_nan.o)
                0x00003034                __fp_nan
 .text.avr-libc.fplib
                0x0000303a        0xe c:/program files (x86)/atmel/studio/7.0/toolchain/avr8/avr8-gnu-toolchain/bin/../lib/gcc/avr/5.4.0/../../../../avr/lib/avr5\libm.a(fp_pscA.o)
                0x0000303a                __fp_pscA
 .text.avr-libc.fplib
                0x00003048        0xe c:/program files (x86)/atmel/studio/7.0/toolchain/avr8/avr8-gnu-toolchain/bin/../lib/gcc/avr/5.4.0/../../../../avr/lib/avr5\libm.a(fp_pscB.o)
                0x00003048                __fp_pscB
 .text.avr-libc.fplib
                0x00003056       0x22 c:/program files (x86)/atmel/studio/7.0/toolchain/avr8/avr8-gnu-toolchain/bin/../lib/gcc/avr/5.4.0/../../../../avr/lib/avr5\libm.a(fp_round.o)
                0x00003056                __fp_round
 .text.avr-libc.fplib
                0x00003078       0x44 c:/program files (x86)/atmel/studio/7.0/toolchain/avr8/avr8-gnu-toolchain/bin/../lib/gcc/avr/5.4.0/../../../../avr/lib/avr5\libm.a(fp_split3.o)
                0x00003078                __fp_split3
                0x00003088                __fp_splitA
 .text.avr-libc.fplib
                0x000030bc        0xe c:/program files (x86)/atmel/studio/7.0/toolchain/avr8/avr8-gnu-toolchain/bin/../lib/gcc/avr/5.4.0/../../../../avr/lib/avr5\libm.a(fp_zero.o)
                0x000030bc                __fp_zero
                0x000030be                __fp_szero
 .text.avr-libc.fplib
                0x000030ca        0x8 c:/program files (x86)/atmel/studio/7.0/toolchain/avr8/avr8-gnu-toolchain/bin/../lib/gcc/avr/5.4.0/../../../../avr/lib/avr5\libm.a(mulsf3.o)
                0x000030ca                __mulsf3
 .text.avr-libc.fplib
                0x000030d2       0xd2 c:/program files (x86)/atmel/studio/7.0/toolchain/avr8/avr8-gnu-toolchain/bin/../lib/gcc/avr/5.4.0/../../../../avr/lib/avr5\libm.a(mulsf3x.o)
                0x000030f0                __mulsf3x
                0x000030f6                __mulsf3_pse
 .text.avr-libc.fplib
                0x000031a4       0xa0 c:/program files (x86)/atmel/studio/7.0/toolchain/avr8/avr8-gnu-toolchain/bin/../lib/gcc/avr/5.4.0/../../../../avr/lib/avr5\libm.a(pow.o)
                0x000031a4                pow
 .text.avr-libc.fplib
                0x00003244       0x74 c:/program files (x86)/atmel/studio/7.0/toolchain/avr8/avr8-gnu-toolchain/bin/../lib/gcc/avr/5.4.0/../../../../avr/lib/avr5\libm.a(exp.o)
                0x00003254                exp
 .text.avr-libc.fplib
                0x000032b8       0x4e c:/program files (x86)/atmel/studio/7.0/toolchain/avr8/avr8-gnu-toolchain/bin/../lib/gcc/avr/5.4.0/../../../../avr/lib/avr5\libm.a(fp_powser.o)
                0x000032b8                __fp_powser
 .text.avr-libc.fplib
                0x00003306       0x10 c:/program files (x86)/atmel/studio/7.0/toolchain/avr8/avr8-gnu-toolchain/bin/../lib/gcc/avr/5.4.0/../../../../avr/lib/avr5\libm.a(inverse.o)
                0x00003306                inverse
 .text.avr-libc.fplib
                0x00003316       0x74 c:/program files (x86)/atmel/studio/7.0/toolchain/avr8/avr8-gnu-toolchain/bin/../lib/gcc/avr/5.4.0/../../../../avr/lib/avr5\libm.a(ldexp.o)
                0x0000331e                ldexp
 .text.avr-libc.fplib
                0x0000338a       0xa0 c:/program files (x86)/atmel/studio/7.0/toolchain/avr8/avr8-gnu-toolchain/bin/../lib/gcc/avr/5.4.0/../../../../avr/lib/avr5\libm.a(log.o)
                0x0000339a                log
 .text.avr-libc.fplib
                0x0000342a       0x68 c:/program files (x86)/atmel/studio/7.0/toolchain/avr8/avr8-gnu-toolchain/bin/../lib/gcc/avr/5.4.0/../../../../avr/lib/avr5\libm.a(modf.o)
                0x0000342a                modf
                0x0000342a                modff
 .text.avr-libc.fplib
                0x00003492        0x8 c:/program files (x86)/atmel/studio/7.0/toolchain/avr8/avr8-gnu-toolchain/bin/../lib/gcc/avr/5.4.0/../../../../avr/lib/avr5\libm.a(divsf3.o)
                0x00003492                __divsf3
 .text.avr-libc.fplib
                0x0000349a       0xdc c:/program files (x86)/atmel/studio/7.0/toolchain/avr8/avr8-gnu-toolchain/bin/../lib/gcc/avr/5.4.0/../../../../avr/lib/avr5\libm.a(divsf3x.o)
                0x000034ba                __divsf3x
                0x000034c0                __divsf3_pse
 .text.avr-libc.fplib
                0x00003576       0x1c c:/program files (x86)/atmel/studio/7.0/toolchain/avr8/avr8-gnu-toolchain/bin/../lib/gcc/avr/5.4.0/../../../../avr/lib/avr5\libm.a(fp_mpack.o)
                0x00003576                __fp_mpack
                0x0000357a                __fp_mpack_finite
 .text.libgcc.mul
                0x00003592       0x20 c:/program files (x86)/atmel/studio/7.0/toolchain/avr8/avr8-gnu-toolchain/bin/../lib/gcc/avr/5.4.0/avr5\libgcc.a(_mulsi3.o)
                0x00003592                __mulsi3
 .text.libgcc.div
                0x000035b2       0x28 c:/program files (x86)/atmel/studio/7.0/toolchain/avr8/avr8-gnu-toolchain/bin/../lib/gcc/avr/5.4.0/avr5\libgcc.a(_divmodhi4.o)
                0x000035b2                _div
                0x000035b2                __divmodhi4
 .text.libgcc.div
                0x000035da       0x2e c:/program files (x86)/atmel/studio/7.0/toolchain/avr8/avr8-gnu-toolchain/bin/../lib/gcc/avr/5.4.0/avr5\libgcc.a(_divmodsi4.o)
                0x000035da                __divmodsi4
 .text.libgcc.div
                0x00003608       0x10 c:/program files (x86)/atmel/studio/7.0/toolchain/avr8/avr8-gnu-toolchain/bin/../lib/gcc/avr/5.4.0/avr5\libgcc.a(_negsi2.o)
                0x00003608                __negsi2
 .text.libgcc   0x00003618        0xc c:/program files (x86)/atmel/studio/7.0/toolchain/avr8/avr8-gnu-toolchain/bin/../lib/gcc/avr/5.4.0/avr5\libgcc.a(_tablejump2.o)
                0x00003618                __tablejump2__
 .text.libgcc.mul
                0x00003624       0x1e c:/program files (x86)/atmel/studio/7.0/toolchain/avr8/avr8-gnu-toolchain/bin/../lib/gcc/avr/5.4.0/avr5\libgcc.a(_umulhisi3.o)
                0x00003624                __umulhisi3
 .text.libgcc.mul
                0x00003642       0x16 c:/program files (x86)/atmel/studio/7.0/toolchain/avr8/avr8-gnu-toolchain/bin/../lib/gcc/avr/5.4.0/avr5\libgcc.a(_muluhisi3.o)
                0x00003642                __muluhisi3
 .text.libgcc.div
                0x00003658       0x28 c:/program files (x86)/atmel/studio/7.0/toolchain/avr8/avr8-gnu-toolchain/bin/../lib/gcc/avr/5.4.0/avr5\libgcc.a(_udivmodhi4.o)
                0x00003658                __udivmodhi4
 .text.libgcc.div
                0x00003680       0x44 c:/program files (x86)/atmel/studio/7.0/toolchain/avr8/avr8-gnu-toolchain/bin/../lib/gcc/avr/5.4.0/avr5\libgcc.a(_udivmodsi4.o)
                0x00003680                __udivmodsi4
 .text.avr-libc
                0x000036c4       0x58 c:/program files (x86)/atmel/studio/7.0/toolchain/avr8/avr8-gnu-toolchain/bin/../lib/gcc/avr/5.4.0/../../../../avr/lib/avr5\libc.a(vsnprintf.o)
                0x000036c4                vsnprintf
 .text.avr-libc
                0x0000371c      0x3c2 c:/program files (x86)/atmel/studio/7.0/toolchain/avr8/avr8-gnu-toolchain/bin/../lib/gcc/avr/5.4.0/../../../../avr/lib/avr5\libc.a(vfprintf_std.o)
                0x0000371c                vfprintf
 .text.avr-libc
                0x00003ade       0x16 c:/program files (x86)/atmel/studio/7.0/toolchain/avr8/avr8-gnu-toolchain/bin/../lib/gcc/avr/5.4.0/../../../../avr/lib/avr5\libc.a(strnlen_P.o)
                0x00003ade                strnlen_P
 .text.avr-libc
                0x00003af4       0x16 c:/program files (x86)/atmel/studio/7.0/toolchain/avr8/avr8-gnu-toolchain/bin/../lib/gcc/avr/5.4.0/../../../../avr/lib/avr5\libc.a(strnlen.o)
                0x00003af4                strnlen
 .text.avr-libc
                0x00003b0a       0x78 c:/program files (x86)/atmel/studio/7.0/toolchain/avr8/avr8-gnu-toolchain/bin/../lib/gcc/avr/5.4.0/../../../../avr/lib/avr5\libc.a(fputc.o)
                0x00003b0a                fputc
 .text.avr-libc
                0x00003b82       0xbc c:/program files (x86)/atmel/studio/7.0/toolchain/avr8/avr8-gnu-toolchain/bin/../lib/gcc/avr/5.4.0/../../../../avr/lib/avr5\libc.a(ultoa_invert.o)
                0x00003b82                __ultoa_invert
 .text.avr-libc
                0x00003c3e       0x20 C:/Program Files (x86)/Atmel/Studio/7.0/Packs/atmel/ATmega_DFP/1.2.209/gcc/dev/atmega324a/avr5\libatmega324a.a(eerd_block.o)
                0x00003c3e                eeprom_read_block
                0x00003c42                eeprom_read_blraw
 .text.avr-libc
                0x00003c5e       0x10 C:/Program Files (x86)/Atmel/Studio/7.0/Packs/atmel/ATmega_DFP/1.2.209/gcc/dev/atmega324a/avr5\libatmega324a.a(eerd_byte.o)
                0x00003c5e                eeprom_read_byte
 .text.avr-libc
                0x00003c6e        0xc C:/Program Files (x86)/Atmel/Studio/7.0/Packs/atmel/ATmega_DFP/1.2.209/gcc/dev/atmega324a/avr5\libatmega324a.a(eerd_word.o)
                0x00003c6e                eeprom_read_word
 .text.avr-libc
                0x00003c7a       0x20 C:/Program Files (x86)/Atmel/Studio/7.0/Packs/atmel/ATmega_DFP/1.2.209/gcc/dev/atmega324a/avr5\libatmega324a.a(eeupd_block.o)
                0x00003c7a                eeprom_update_block
 .text.avr-libc
                0x00003c9a       0x24 C:/Program Files (x86)/Atmel/Studio/7.0/Packs/atmel/ATmega_DFP/1.2.209/gcc/dev/atmega324a/avr5\libatmega324a.a(eeupd_byte.o)
                0x00003c9a                eeprom_update_byte
                0x00003c9c                eeprom_update_r18
 .text.avr-libc
                0x00003cbe       0x18 C:/Program Files (x86)/Atmel/Studio/7.0/Packs/atmel/ATmega_DFP/1.2.209/gcc/dev/atmega324a/avr5\libatmega324a.a(eeupd_dword.o)
                0x00003cbe                eeprom_update_float
                0x00003cbe                eeprom_update_dword
 .text.avr-libc
                0x00003cd6        0xc C:/Program Files (x86)/Atmel/Studio/7.0/Packs/atmel/ATmega_DFP/1.2.209/gcc/dev/atmega324a/avr5\libatmega324a.a(eeupd_word.o)
                0x00003cd6                eeprom_update_word
 .text.avr-libc
                0x00003ce2       0x14 C:/Program Files (x86)/Atmel/Studio/7.0/Packs/atmel/ATmega_DFP/1.2.209/gcc/dev/atmega324a/avr5\libatmega324a.a(eewr_block.o)
                0x00003ce2                eeprom_write_block
 .text.avr-libc
                0x00003cf6       0x1c C:/Program Files (x86)/Atmel/Studio/7.0/Packs/atmel/ATmega_DFP/1.2.209/gcc/dev/atmega324a/avr5\libatmega324a.a(eewr_byte.o)
                0x00003cf6                eeprom_write_byte
                0x00003cf8                eeprom_write_r18
 .text.avr-libc
                0x00003d12       0x10 C:/Program Files (x86)/Atmel/Studio/7.0/Packs/atmel/ATmega_DFP/1.2.209/gcc/dev/atmega324a/avr5\libatmega324a.a(eewr_dword.o)
                0x00003d12                eeprom_write_dword
                0x00003d12                eeprom_write_float
 .text.avr-libc
                0x00003d22        0xa C:/Program Files (x86)/Atmel/Studio/7.0/Packs/atmel/ATmega_DFP/1.2.209/gcc/dev/atmega324a/avr5\libatmega324a.a(eewr_word.o)
                0x00003d22                eeprom_write_word
 .text.libgcc.prologue
                0x00003d2c       0x38 c:/program files (x86)/atmel/studio/7.0/toolchain/avr8/avr8-gnu-toolchain/bin/../lib/gcc/avr/5.4.0/avr5\libgcc.a(_prologue.o)
                0x00003d2c                __prologue_saves__
 .text.libgcc.prologue
                0x00003d64       0x36 c:/program files (x86)/atmel/studio/7.0/toolchain/avr8/avr8-gnu-toolchain/bin/../lib/gcc/avr/5.4.0/avr5\libgcc.a(_epilogue.o)
                0x00003d64                __epilogue_restores__
                0x00003d9a                . = ALIGN (0x2)
 *(.fini9)
 .fini9         0x00003d9a        0x0 c:/program files (x86)/atmel/studio/7.0/toolchain/avr8/avr8-gnu-toolchain/bin/../lib/gcc/avr/5.4.0/avr5\libgcc.a(_exit.o)
                0x00003d9a                _exit
                0x00003d9a                exit
 *(.fini9)
 *(.fini8)
 *(.fini8)
 *(.fini7)
 *(.fini7)
 *(.fini6)
 *(.fini6)
 *(.fini5)
 *(.fini5)
 *(.fini4)
 *(.fini4)
 *(.fini3)
 *(.fini3)
 *(.fini2)
 *(.fini2)
 *(.fini1)
 *(.fini1)
 *(.fini0)
 .fini0         0x00003d9a        0x4 c:/program files (x86)/atmel/studio/7.0/toolchain/avr8/avr8-gnu-toolchain/bin/../lib/gcc/avr/5.4.0/avr5\libgcc.a(_exit.o)
 *(.fini0)
                0x00003d9e                _etext = .

.data           0x00800100       0xca load address 0x00003d9e
                0x00800100                PROVIDE (__data_start, .)
 *(.data)
 *(.data*)
 .data.keypadvalue
                0x00800100       0x10 Libraria/keypad.o
                0x00800100                keypadvalue
 *(.gnu.linkonce.d*)
 *(.rodata)
 *(.rodata*)
 .rodata.str1.1
                0x00800110       0xb9 main.o
 *(.gnu.linkonce.r*)
                0x008001ca                . = ALIGN (0x2)
 *fill*         0x008001c9        0x1 
                0x008001ca                _edata = .
                0x008001ca                PROVIDE (__data_end, .)

.bss            0x008001ca      0x15d
                0x008001ca                PROVIDE (__bss_start, .)
 *(.bss)
 *(.bss*)
 .bss.ADC_CHANNEL_GAIN
                0x008001ca       0x10 Libraria/atmega324analog.o
 .bss.ADC_VALUE
                0x008001da       0x10 Libraria/atmega324analog.o
 .bss.FUNCstr   0x008001ea       0x60 Libraria/function.o
 .bss.endstr    0x0080024a        0x2 Libraria/keypad.o
                0x0080024a                endstr
 .bss.UART1_LastRxError
                0x0080024c        0x1 Libraria/uart.o
 .bss.UART1_RxTail
                0x0080024d        0x1 Libraria/uart.o
 .bss.UART1_RxHead
                0x0080024e        0x1 Libraria/uart.o
 .bss.UART1_TxTail
                0x0080024f        0x1 Libraria/uart.o
 .bss.UART1_TxHead
                0x00800250        0x1 Libraria/uart.o
 .bss.UART1_RxBuf
                0x00800251       0x20 Libraria/uart.o
 .bss.UART1_TxBuf
                0x00800271       0x20 Libraria/uart.o
 .bss.UART_LastRxError
                0x00800291        0x1 Libraria/uart.o
 .bss.UART_RxTail
                0x00800292        0x1 Libraria/uart.o
 .bss.UART_RxHead
                0x00800293        0x1 Libraria/uart.o
 .bss.UART_TxTail
                0x00800294        0x1 Libraria/uart.o
 .bss.UART_TxHead
                0x00800295        0x1 Libraria/uart.o
 .bss.UART_RxBuf
                0x00800296       0x20 Libraria/uart.o
 .bss.UART_TxBuf
                0x008002b6       0x20 Libraria/uart.o
 *(COMMON)
 COMMON         0x008002d6        0x9 Libraria/atmega324analog.o
                0x008002d6                ADC_SELECTOR
                0x008002d8                adc_sample
                0x008002da                ADC_N_CHANNEL
                0x008002dc                adc_n_sample
                0x008002dd                adc_tmp
 COMMON         0x008002df       0x17 Libraria/keypad.o
                0x008002df                keypad_PORT
                0x008002e1                KEYPAD_char
                0x008002e2                keypad_dataf
                0x008002e6                keypad_datai
                0x008002ea                KEYPADSTRINGINDEX
                0x008002eb                keypad_PIN
                0x008002ed                keypad_DDR
                0x008002ef                KEYPAD_string
 COMMON         0x008002f6        0xe Libraria/lcd.o
                0x008002f6                lcd0_PIN
                0x008002f8                lcd1_DDR
                0x008002fa                lcd1_detect
                0x008002fb                lcd1_PIN
                0x008002fd                lcd0_DDR
                0x008002ff                lcd0_detect
                0x00800300                lcd0_PORT
                0x00800302                lcd1_PORT
 COMMON         0x00800304       0x21 Libraria/lfsm.o
                0x00800304                tmp2
                0x0080030f                data
                0x0080031a                tmp1
 COMMON         0x00800325        0x2 main.o
                0x00800325                string
                0x00800327                PROVIDE (__bss_end, .)
                0x00003d9e                __data_load_start = LOADADDR (.data)
                0x00003e68                __data_load_end = (__data_load_start + SIZEOF (.data))

.noinit         0x00800327        0x0
                [!provide]                PROVIDE (__noinit_start, .)
 *(.noinit*)
                [!provide]                PROVIDE (__noinit_end, .)
                0x00800327                _end = .
                [!provide]                PROVIDE (__heap_start, .)

.eeprom         0x00810000        0x0
 *(.eeprom*)
                0x00810000                __eeprom_end = .

.fuse
 *(.fuse)
 *(.lfuse)
 *(.hfuse)
 *(.efuse)

.lock
 *(.lock*)

.signature
 *(.signature*)

.user_signatures
 *(.user_signatures*)

.stab
 *(.stab)

.stabstr
 *(.stabstr)

.stab.excl
 *(.stab.excl)

.stab.exclstr
 *(.stab.exclstr)

.stab.index
 *(.stab.index)

.stab.indexstr
 *(.stab.indexstr)

.comment        0x00000000       0x5c
 *(.comment)
 .comment       0x00000000       0x30 Libraria/atmega324analog.o
                                 0x31 (size before relaxing)
 .comment       0x00000030       0x31 Libraria/atmegaeeprom.o
 .comment       0x00000030       0x31 Libraria/function.o
 .comment       0x00000030       0x31 Libraria/keypad.o
 .comment       0x00000030       0x31 Libraria/lcd.o
 .comment       0x00000030       0x31 Libraria/lfsm.o
 .comment       0x00000030       0x31 Libraria/uart.o
 .comment       0x00000030       0x31 main.o
 .comment       0x00000030       0x31 c:/program files (x86)/atmel/studio/7.0/toolchain/avr8/avr8-gnu-toolchain/bin/../lib/gcc/avr/5.4.0/../../../../avr/lib/avr5\libc.a(vsnprintf.o)
 .comment       0x00000030       0x2c c:/program files (x86)/atmel/studio/7.0/toolchain/avr8/avr8-gnu-toolchain/bin/../lib/gcc/avr/5.4.0/../../../../avr/lib/avr5\libc.a(vfprintf_std.o)
                                 0x2d (size before relaxing)
 .comment       0x0000005c       0x31 c:/program files (x86)/atmel/studio/7.0/toolchain/avr8/avr8-gnu-toolchain/bin/../lib/gcc/avr/5.4.0/../../../../avr/lib/avr5\libc.a(fputc.o)

.note.gnu.avr.deviceinfo
                0x00000000       0x40
 .note.gnu.avr.deviceinfo
                0x00000000       0x40 C:/Program Files (x86)/Atmel/Studio/7.0/Packs/atmel/ATmega_DFP/1.2.209/gcc/dev/atmega324a/avr5/crtatmega324a.o

.note.gnu.build-id
 *(.note.gnu.build-id)

.debug
 *(.debug)

.line
 *(.line)

.debug_srcinfo
 *(.debug_srcinfo)

.debug_sfnames
 *(.debug_sfnames)

.debug_aranges  0x00000000      0x5e8
 *(.debug_aranges)
 .debug_aranges
                0x00000000       0x30 Libraria/atmega324analog.o
 .debug_aranges
                0x00000030       0x20 Libraria/atmegaeeprom.o
 .debug_aranges
                0x00000050      0x158 Libraria/function.o
 .debug_aranges
                0x000001a8       0x50 Libraria/keypad.o
 .debug_aranges
                0x000001f8      0x100 Libraria/lcd.o
 .debug_aranges
                0x000002f8       0x90 Libraria/lfsm.o
 .debug_aranges
                0x00000388       0xd8 Libraria/uart.o
 .debug_aranges
                0x00000460       0x28 main.o
 .debug_aranges
                0x00000488       0x20 C:/Program Files (x86)/Atmel/Studio/7.0/Packs/atmel/ATmega_DFP/1.2.209/gcc/dev/atmega324a/avr5\libatmega324a.a(eerd_block.o)
 .debug_aranges
                0x000004a8       0x20 C:/Program Files (x86)/Atmel/Studio/7.0/Packs/atmel/ATmega_DFP/1.2.209/gcc/dev/atmega324a/avr5\libatmega324a.a(eerd_byte.o)
 .debug_aranges
                0x000004c8       0x20 C:/Program Files (x86)/Atmel/Studio/7.0/Packs/atmel/ATmega_DFP/1.2.209/gcc/dev/atmega324a/avr5\libatmega324a.a(eerd_word.o)
 .debug_aranges
                0x000004e8       0x20 C:/Program Files (x86)/Atmel/Studio/7.0/Packs/atmel/ATmega_DFP/1.2.209/gcc/dev/atmega324a/avr5\libatmega324a.a(eeupd_block.o)
 .debug_aranges
                0x00000508       0x20 C:/Program Files (x86)/Atmel/Studio/7.0/Packs/atmel/ATmega_DFP/1.2.209/gcc/dev/atmega324a/avr5\libatmega324a.a(eeupd_byte.o)
 .debug_aranges
                0x00000528       0x20 C:/Program Files (x86)/Atmel/Studio/7.0/Packs/atmel/ATmega_DFP/1.2.209/gcc/dev/atmega324a/avr5\libatmega324a.a(eeupd_dword.o)
 .debug_aranges
                0x00000548       0x20 C:/Program Files (x86)/Atmel/Studio/7.0/Packs/atmel/ATmega_DFP/1.2.209/gcc/dev/atmega324a/avr5\libatmega324a.a(eeupd_word.o)
 .debug_aranges
                0x00000568       0x20 C:/Program Files (x86)/Atmel/Studio/7.0/Packs/atmel/ATmega_DFP/1.2.209/gcc/dev/atmega324a/avr5\libatmega324a.a(eewr_block.o)
 .debug_aranges
                0x00000588       0x20 C:/Program Files (x86)/Atmel/Studio/7.0/Packs/atmel/ATmega_DFP/1.2.209/gcc/dev/atmega324a/avr5\libatmega324a.a(eewr_byte.o)
 .debug_aranges
                0x000005a8       0x20 C:/Program Files (x86)/Atmel/Studio/7.0/Packs/atmel/ATmega_DFP/1.2.209/gcc/dev/atmega324a/avr5\libatmega324a.a(eewr_dword.o)
 .debug_aranges
                0x000005c8       0x20 C:/Program Files (x86)/Atmel/Studio/7.0/Packs/atmel/ATmega_DFP/1.2.209/gcc/dev/atmega324a/avr5\libatmega324a.a(eewr_word.o)

.debug_pubnames
 *(.debug_pubnames)

.debug_info     0x00000000     0x7461
 *(.debug_info .gnu.linkonce.wi.*)
 .debug_info    0x00000000      0x6cc C:/Program Files (x86)/Atmel/Studio/7.0/Packs/atmel/ATmega_DFP/1.2.209/gcc/dev/atmega324a/avr5/crtatmega324a.o
 .debug_info    0x000006cc      0x25f Libraria/atmega324analog.o
 .debug_info    0x0000092b      0x2de Libraria/atmegaeeprom.o
 .debug_info    0x00000c09     0x13b2 Libraria/function.o
 .debug_info    0x00001fbb      0x500 Libraria/keypad.o
 .debug_info    0x000024bb     0x13a3 Libraria/lcd.o
 .debug_info    0x0000385e     0x11b9 Libraria/lfsm.o
 .debug_info    0x00004a17      0x91e Libraria/uart.o
 .debug_info    0x00005335     0x19bf main.o
 .debug_info    0x00006cf4       0xad C:/Program Files (x86)/Atmel/Studio/7.0/Packs/atmel/ATmega_DFP/1.2.209/gcc/dev/atmega324a/avr5\libatmega324a.a(eerd_block.o)
 .debug_info    0x00006da1       0xac C:/Program Files (x86)/Atmel/Studio/7.0/Packs/atmel/ATmega_DFP/1.2.209/gcc/dev/atmega324a/avr5\libatmega324a.a(eerd_byte.o)
 .debug_info    0x00006e4d       0xac C:/Program Files (x86)/Atmel/Studio/7.0/Packs/atmel/ATmega_DFP/1.2.209/gcc/dev/atmega324a/avr5\libatmega324a.a(eerd_word.o)
 .debug_info    0x00006ef9       0xae C:/Program Files (x86)/Atmel/Studio/7.0/Packs/atmel/ATmega_DFP/1.2.209/gcc/dev/atmega324a/avr5\libatmega324a.a(eeupd_block.o)
 .debug_info    0x00006fa7       0xad C:/Program Files (x86)/Atmel/Studio/7.0/Packs/atmel/ATmega_DFP/1.2.209/gcc/dev/atmega324a/avr5\libatmega324a.a(eeupd_byte.o)
 .debug_info    0x00007054       0xae C:/Program Files (x86)/Atmel/Studio/7.0/Packs/atmel/ATmega_DFP/1.2.209/gcc/dev/atmega324a/avr5\libatmega324a.a(eeupd_dword.o)
 .debug_info    0x00007102       0xad C:/Program Files (x86)/Atmel/Studio/7.0/Packs/atmel/ATmega_DFP/1.2.209/gcc/dev/atmega324a/avr5\libatmega324a.a(eeupd_word.o)
 .debug_info    0x000071af       0xad C:/Program Files (x86)/Atmel/Studio/7.0/Packs/atmel/ATmega_DFP/1.2.209/gcc/dev/atmega324a/avr5\libatmega324a.a(eewr_block.o)
 .debug_info    0x0000725c       0xac C:/Program Files (x86)/Atmel/Studio/7.0/Packs/atmel/ATmega_DFP/1.2.209/gcc/dev/atmega324a/avr5\libatmega324a.a(eewr_byte.o)
 .debug_info    0x00007308       0xad C:/Program Files (x86)/Atmel/Studio/7.0/Packs/atmel/ATmega_DFP/1.2.209/gcc/dev/atmega324a/avr5\libatmega324a.a(eewr_dword.o)
 .debug_info    0x000073b5       0xac C:/Program Files (x86)/Atmel/Studio/7.0/Packs/atmel/ATmega_DFP/1.2.209/gcc/dev/atmega324a/avr5\libatmega324a.a(eewr_word.o)

.debug_abbrev   0x00000000     0x1764
 *(.debug_abbrev)
 .debug_abbrev  0x00000000      0x66e C:/Program Files (x86)/Atmel/Studio/7.0/Packs/atmel/ATmega_DFP/1.2.209/gcc/dev/atmega324a/avr5/crtatmega324a.o
 .debug_abbrev  0x0000066e      0x145 Libraria/atmega324analog.o
 .debug_abbrev  0x000007b3       0xb5 Libraria/atmegaeeprom.o
 .debug_abbrev  0x00000868      0x2f7 Libraria/function.o
 .debug_abbrev  0x00000b5f      0x20a Libraria/keypad.o
 .debug_abbrev  0x00000d69      0x2a6 Libraria/lcd.o
 .debug_abbrev  0x0000100f      0x2f9 Libraria/lfsm.o
 .debug_abbrev  0x00001308      0x1ca Libraria/uart.o
 .debug_abbrev  0x000014d2      0x1b6 main.o
 .debug_abbrev  0x00001688       0x14 C:/Program Files (x86)/Atmel/Studio/7.0/Packs/atmel/ATmega_DFP/1.2.209/gcc/dev/atmega324a/avr5\libatmega324a.a(eerd_block.o)
 .debug_abbrev  0x0000169c       0x14 C:/Program Files (x86)/Atmel/Studio/7.0/Packs/atmel/ATmega_DFP/1.2.209/gcc/dev/atmega324a/avr5\libatmega324a.a(eerd_byte.o)
 .debug_abbrev  0x000016b0       0x14 C:/Program Files (x86)/Atmel/Studio/7.0/Packs/atmel/ATmega_DFP/1.2.209/gcc/dev/atmega324a/avr5\libatmega324a.a(eerd_word.o)
 .debug_abbrev  0x000016c4       0x14 C:/Program Files (x86)/Atmel/Studio/7.0/Packs/atmel/ATmega_DFP/1.2.209/gcc/dev/atmega324a/avr5\libatmega324a.a(eeupd_block.o)
 .debug_abbrev  0x000016d8       0x14 C:/Program Files (x86)/Atmel/Studio/7.0/Packs/atmel/ATmega_DFP/1.2.209/gcc/dev/atmega324a/avr5\libatmega324a.a(eeupd_byte.o)
 .debug_abbrev  0x000016ec       0x14 C:/Program Files (x86)/Atmel/Studio/7.0/Packs/atmel/ATmega_DFP/1.2.209/gcc/dev/atmega324a/avr5\libatmega324a.a(eeupd_dword.o)
 .debug_abbrev  0x00001700       0x14 C:/Program Files (x86)/Atmel/Studio/7.0/Packs/atmel/ATmega_DFP/1.2.209/gcc/dev/atmega324a/avr5\libatmega324a.a(eeupd_word.o)
 .debug_abbrev  0x00001714       0x14 C:/Program Files (x86)/Atmel/Studio/7.0/Packs/atmel/ATmega_DFP/1.2.209/gcc/dev/atmega324a/avr5\libatmega324a.a(eewr_block.o)
 .debug_abbrev  0x00001728       0x14 C:/Program Files (x86)/Atmel/Studio/7.0/Packs/atmel/ATmega_DFP/1.2.209/gcc/dev/atmega324a/avr5\libatmega324a.a(eewr_byte.o)
 .debug_abbrev  0x0000173c       0x14 C:/Program Files (x86)/Atmel/Studio/7.0/Packs/atmel/ATmega_DFP/1.2.209/gcc/dev/atmega324a/avr5\libatmega324a.a(eewr_dword.o)
 .debug_abbrev  0x00001750       0x14 C:/Program Files (x86)/Atmel/Studio/7.0/Packs/atmel/ATmega_DFP/1.2.209/gcc/dev/atmega324a/avr5\libatmega324a.a(eewr_word.o)

.debug_line     0x00000000     0x3b32
 *(.debug_line .debug_line.* .debug_line_end)
 .debug_line    0x00000000      0x151 C:/Program Files (x86)/Atmel/Studio/7.0/Packs/atmel/ATmega_DFP/1.2.209/gcc/dev/atmega324a/avr5/crtatmega324a.o
 .debug_line    0x00000151      0x312 Libraria/atmega324analog.o
 .debug_line    0x00000463      0x138 Libraria/atmegaeeprom.o
 .debug_line    0x0000059b      0x907 Libraria/function.o
 .debug_line    0x00000ea2      0x400 Libraria/keypad.o
 .debug_line    0x000012a2      0xd0f Libraria/lcd.o
 .debug_line    0x00001fb1      0x806 Libraria/lfsm.o
 .debug_line    0x000027b7      0x825 Libraria/uart.o
 .debug_line    0x00002fdc      0x5b1 main.o
 .debug_line    0x0000358d       0xab C:/Program Files (x86)/Atmel/Studio/7.0/Packs/atmel/ATmega_DFP/1.2.209/gcc/dev/atmega324a/avr5\libatmega324a.a(eerd_block.o)
 .debug_line    0x00003638       0x7a C:/Program Files (x86)/Atmel/Studio/7.0/Packs/atmel/ATmega_DFP/1.2.209/gcc/dev/atmega324a/avr5\libatmega324a.a(eerd_byte.o)
 .debug_line    0x000036b2       0x67 C:/Program Files (x86)/Atmel/Studio/7.0/Packs/atmel/ATmega_DFP/1.2.209/gcc/dev/atmega324a/avr5\libatmega324a.a(eerd_word.o)
 .debug_line    0x00003719       0xa5 C:/Program Files (x86)/Atmel/Studio/7.0/Packs/atmel/ATmega_DFP/1.2.209/gcc/dev/atmega324a/avr5\libatmega324a.a(eeupd_block.o)
 .debug_line    0x000037be       0xb6 C:/Program Files (x86)/Atmel/Studio/7.0/Packs/atmel/ATmega_DFP/1.2.209/gcc/dev/atmega324a/avr5\libatmega324a.a(eeupd_byte.o)
 .debug_line    0x00003874       0x7b C:/Program Files (x86)/Atmel/Studio/7.0/Packs/atmel/ATmega_DFP/1.2.209/gcc/dev/atmega324a/avr5\libatmega324a.a(eeupd_dword.o)
 .debug_line    0x000038ef       0x62 C:/Program Files (x86)/Atmel/Studio/7.0/Packs/atmel/ATmega_DFP/1.2.209/gcc/dev/atmega324a/avr5\libatmega324a.a(eeupd_word.o)
 .debug_line    0x00003951       0x80 C:/Program Files (x86)/Atmel/Studio/7.0/Packs/atmel/ATmega_DFP/1.2.209/gcc/dev/atmega324a/avr5\libatmega324a.a(eewr_block.o)
 .debug_line    0x000039d1       0x9e C:/Program Files (x86)/Atmel/Studio/7.0/Packs/atmel/ATmega_DFP/1.2.209/gcc/dev/atmega324a/avr5\libatmega324a.a(eewr_byte.o)
 .debug_line    0x00003a6f       0x68 C:/Program Files (x86)/Atmel/Studio/7.0/Packs/atmel/ATmega_DFP/1.2.209/gcc/dev/atmega324a/avr5\libatmega324a.a(eewr_dword.o)
 .debug_line    0x00003ad7       0x5b C:/Program Files (x86)/Atmel/Studio/7.0/Packs/atmel/ATmega_DFP/1.2.209/gcc/dev/atmega324a/avr5\libatmega324a.a(eewr_word.o)

.debug_frame    0x00000000      0xe6c
 *(.debug_frame)
 .debug_frame   0x00000000       0x90 Libraria/atmega324analog.o
 .debug_frame   0x00000090       0x24 Libraria/atmegaeeprom.o
 .debug_frame   0x000000b4      0x49c Libraria/function.o
 .debug_frame   0x00000550       0xb0 Libraria/keypad.o
 .debug_frame   0x00000600      0x2ac Libraria/lcd.o
 .debug_frame   0x000008ac      0x2e4 Libraria/lfsm.o
 .debug_frame   0x00000b90      0x294 Libraria/uart.o
 .debug_frame   0x00000e24       0x48 main.o

.debug_str      0x00000000      0xfdd
 *(.debug_str)
 .debug_str     0x00000000      0x255 C:/Program Files (x86)/Atmel/Studio/7.0/Packs/atmel/ATmega_DFP/1.2.209/gcc/dev/atmega324a/avr5/crtatmega324a.o
 .debug_str     0x00000255      0x25b Libraria/atmega324analog.o
                                0x2a1 (size before relaxing)
 .debug_str     0x000004b0       0xf6 Libraria/atmegaeeprom.o
                                0x276 (size before relaxing)
 .debug_str     0x000005a6      0x30a Libraria/function.o
                                0x62b (size before relaxing)
 .debug_str     0x000008b0      0x136 Libraria/keypad.o
                                0x2e1 (size before relaxing)
 .debug_str     0x000009e6      0x227 Libraria/lcd.o
                                0x40e (size before relaxing)
 .debug_str     0x00000c0d      0x12d Libraria/lfsm.o
                                0x40a (size before relaxing)
 .debug_str     0x00000d3a      0x273 Libraria/uart.o
                                0x432 (size before relaxing)
 .debug_str     0x00000fad       0x30 main.o
                                0x55c (size before relaxing)

.debug_loc      0x00000000     0x5e09
 *(.debug_loc)
 .debug_loc     0x00000000      0x30b Libraria/atmega324analog.o
 .debug_loc     0x0000030b     0x1aa4 Libraria/function.o
 .debug_loc     0x00001daf      0x403 Libraria/keypad.o
 .debug_loc     0x000021b2     0x111a Libraria/lcd.o
 .debug_loc     0x000032cc     0x1716 Libraria/lfsm.o
 .debug_loc     0x000049e2      0xed0 Libraria/uart.o
 .debug_loc     0x000058b2      0x557 main.o

.debug_macinfo
 *(.debug_macinfo)

.debug_weaknames
 *(.debug_weaknames)

.debug_funcnames
 *(.debug_funcnames)

.debug_typenames
 *(.debug_typenames)

.debug_varnames
 *(.debug_varnames)

.debug_pubtypes
 *(.debug_pubtypes)

.debug_ranges   0x00000000      0x438
 *(.debug_ranges)
 .debug_ranges  0x00000000       0x20 Libraria/atmega324analog.o
 .debug_ranges  0x00000020       0x10 Libraria/atmegaeeprom.o
 .debug_ranges  0x00000030      0x148 Libraria/function.o
 .debug_ranges  0x00000178       0x40 Libraria/keypad.o
 .debug_ranges  0x000001b8       0xf0 Libraria/lcd.o
 .debug_ranges  0x000002a8       0x80 Libraria/lfsm.o
 .debug_ranges  0x00000328       0xf8 Libraria/uart.o
 .debug_ranges  0x00000420       0x18 main.o

.debug_macro
 *(.debug_macro)
OUTPUT(atmega324.elf elf32-avr)
LOAD linker stubs
